Archive member included to satisfy reference by file (symbol)

/home/andreas/workspace/RIOT-2014.12/examples/rpl_udp/bin/native/core.a(kernel_init.o)
                              /home/andreas/workspace/RIOT-2014.12/examples/rpl_udp/bin/native/cpu/startup.o (kernel_init)
/home/andreas/workspace/RIOT-2014.12/examples/rpl_udp/bin/native/core.a(thread.o)
                              /home/andreas/workspace/RIOT-2014.12/examples/rpl_udp/bin/native/core.a(kernel_init.o) (thread_create)
/home/andreas/workspace/RIOT-2014.12/examples/rpl_udp/bin/native/core.a(hwtimer.o)
                              /home/andreas/workspace/RIOT-2014.12/examples/rpl_udp/bin/native/core.a(kernel_init.o) (hwtimer_init)
/home/andreas/workspace/RIOT-2014.12/examples/rpl_udp/bin/native/core.a(lifo.o)
                              /home/andreas/workspace/RIOT-2014.12/examples/rpl_udp/bin/native/core.a(hwtimer.o) (lifo_empty)
/home/andreas/workspace/RIOT-2014.12/examples/rpl_udp/bin/native/core.a(mutex.o)
                              /home/andreas/workspace/RIOT-2014.12/examples/rpl_udp/bin/native/core.a(hwtimer.o) (mutex_lock)
/home/andreas/workspace/RIOT-2014.12/examples/rpl_udp/bin/native/core.a(priority_queue.o)
                              /home/andreas/workspace/RIOT-2014.12/examples/rpl_udp/bin/native/core.a(mutex.o) (priority_queue_remove_head)
/home/andreas/workspace/RIOT-2014.12/examples/rpl_udp/bin/native/core.a(sched.o)
                              /home/andreas/workspace/RIOT-2014.12/examples/rpl_udp/bin/native/core.a(thread.o) (sched_num_threads)
/home/andreas/workspace/RIOT-2014.12/examples/rpl_udp/bin/native/core.a(bitarithm.o)
                              /home/andreas/workspace/RIOT-2014.12/examples/rpl_udp/bin/native/core.a(sched.o) (bitarithm_lsb)
/home/andreas/workspace/RIOT-2014.12/examples/rpl_udp/bin/native/core.a(clist.o)
                              /home/andreas/workspace/RIOT-2014.12/examples/rpl_udp/bin/native/core.a(sched.o) (clist_add)
/home/andreas/workspace/RIOT-2014.12/examples/rpl_udp/bin/native/cpu.a(atomic_cpu.o)
                              /home/andreas/workspace/RIOT-2014.12/examples/rpl_udp/bin/native/core.a(mutex.o) (atomic_set_return)
/home/andreas/workspace/RIOT-2014.12/examples/rpl_udp/bin/native/cpu.a(hwtimer_cpu.o)
                              /home/andreas/workspace/RIOT-2014.12/examples/rpl_udp/bin/native/core.a(hwtimer.o) (hwtimer_arch_now)
/home/andreas/workspace/RIOT-2014.12/examples/rpl_udp/bin/native/cpu.a(irq_cpu.o)
                              /home/andreas/workspace/RIOT-2014.12/examples/rpl_udp/bin/native/core.a(kernel_init.o) (disableIRQ)
/home/andreas/workspace/RIOT-2014.12/examples/rpl_udp/bin/native/cpu.a(lpm_cpu.o)
                              /home/andreas/workspace/RIOT-2014.12/examples/rpl_udp/bin/native/core.a(kernel_init.o) (lpm_set)
/home/andreas/workspace/RIOT-2014.12/examples/rpl_udp/bin/native/cpu.a(native_cpu.o)
                              /home/andreas/workspace/RIOT-2014.12/examples/rpl_udp/bin/native/cpu.a(lpm_cpu.o) (_native_rfds)
/home/andreas/workspace/RIOT-2014.12/examples/rpl_udp/bin/native/cpu.a(syscalls.o)
                              /home/andreas/workspace/RIOT-2014.12/examples/rpl_udp/bin/native/cpu.a(irq_cpu.o) (real_read)
/home/andreas/workspace/RIOT-2014.12/examples/rpl_udp/bin/native/cpu.a(tramp.o)
                              /home/andreas/workspace/RIOT-2014.12/examples/rpl_udp/bin/native/cpu.a(irq_cpu.o) (_native_sig_leave_tramp)
/home/andreas/workspace/RIOT-2014.12/examples/rpl_udp/bin/native/nativenet.a(tap.o)
                              /home/andreas/workspace/RIOT-2014.12/examples/rpl_udp/bin/native/cpu.a(native_cpu.o) (_native_tap_fd)
/home/andreas/workspace/RIOT-2014.12/examples/rpl_udp/bin/native/nativenet.a(interface.o)
                              /home/andreas/workspace/RIOT-2014.12/examples/rpl_udp/bin/native/nativenet.a(tap.o) (_nativenet_default_dev_more)
/home/andreas/workspace/RIOT-2014.12/examples/rpl_udp/bin/native/vtimer.a(vtimer.o)
                              /home/andreas/workspace/RIOT-2014.12/examples/rpl_udp/bin/native/cpu.a(syscalls.o) (vtimer_gettimeofday)
/home/andreas/workspace/RIOT-2014.12/examples/rpl_udp/bin/native/native_base.a(native-uart0.o)
                              /home/andreas/workspace/RIOT-2014.12/examples/rpl_udp/bin/native/cpu.a(lpm_cpu.o) (_native_handle_uart0_input)
/home/andreas/workspace/RIOT-2014.12/examples/rpl_udp/bin/native/native_base.a(board_init.o)
                              /home/andreas/workspace/RIOT-2014.12/examples/rpl_udp/bin/native/cpu/startup.o (board_init)
/home/andreas/workspace/RIOT-2014.12/examples/rpl_udp/bin/native/native_base.a(native-led.o)
                              /home/andreas/workspace/RIOT-2014.12/examples/rpl_udp/bin/native/native_base.a(board_init.o) (_native_LED_GREEN_OFF)
/home/andreas/workspace/RIOT-2014.12/examples/rpl_udp/bin/native/rpl_udp.a(main.o)
[...]
Memory Configuration

Name             Origin             Length             Attributes
*default*        0x0000000000000000 0xffffffffffffffff

Linker script and memory map

LOAD /usr/lib/gcc/x86_64-linux-gnu/4.8/../../../../lib32/crt1.o
LOAD /usr/lib/gcc/x86_64-linux-gnu/4.8/../../../../lib32/crti.o
LOAD /usr/lib/gcc/x86_64-linux-gnu/4.8/32/crtbegin.o
LOAD /home/andreas/workspace/RIOT-2014.12/examples/rpl_udp/bin/native/cpu/startup.o
START GROUP
LOAD /home/andreas/workspace/RIOT-2014.12/examples/rpl_udp/bin/native/auto_init.a
LOAD /home/andreas/workspace/RIOT-2014.12/examples/rpl_udp/bin/native/core.a
LOAD /home/andreas/workspace/RIOT-2014.12/examples/rpl_udp/bin/native/cpu.a
LOAD /home/andreas/workspace/RIOT-2014.12/examples/rpl_udp/bin/native/hashes.a
LOAD /home/andreas/workspace/RIOT-2014.12/examples/rpl_udp/bin/native/ieee802154.a
LOAD /home/andreas/workspace/RIOT-2014.12/examples/rpl_udp/bin/native/nativenet.a
LOAD /home/andreas/workspace/RIOT-2014.12/examples/rpl_udp/bin/native/net_help.a
LOAD /home/andreas/workspace/RIOT-2014.12/examples/rpl_udp/bin/native/net_if.a
LOAD /home/andreas/workspace/RIOT-2014.12/examples/rpl_udp/bin/native/periph.a
LOAD /home/andreas/workspace/RIOT-2014.12/examples/rpl_udp/bin/native/posix.a
LOAD /home/andreas/workspace/RIOT-2014.12/examples/rpl_udp/bin/native/ps.a
LOAD /home/andreas/workspace/RIOT-2014.12/examples/rpl_udp/bin/native/routing.a
LOAD /home/andreas/workspace/RIOT-2014.12/examples/rpl_udp/bin/native/rpl.a
LOAD /home/andreas/workspace/RIOT-2014.12/examples/rpl_udp/bin/native/shell.a
LOAD /home/andreas/workspace/RIOT-2014.12/examples/rpl_udp/bin/native/shell_commands.a
LOAD /home/andreas/workspace/RIOT-2014.12/examples/rpl_udp/bin/native/sixlowpan.a
LOAD /home/andreas/workspace/RIOT-2014.12/examples/rpl_udp/bin/native/socket_base.a
LOAD /home/andreas/workspace/RIOT-2014.12/examples/rpl_udp/bin/native/sys.a
LOAD /home/andreas/workspace/RIOT-2014.12/examples/rpl_udp/bin/native/timex.a
LOAD /home/andreas/workspace/RIOT-2014.12/examples/rpl_udp/bin/native/transceiver.a
LOAD /home/andreas/workspace/RIOT-2014.12/examples/rpl_udp/bin/native/uart0.a
LOAD /home/andreas/workspace/RIOT-2014.12/examples/rpl_udp/bin/native/udp.a
LOAD /home/andreas/workspace/RIOT-2014.12/examples/rpl_udp/bin/native/vtimer.a
LOAD /home/andreas/workspace/RIOT-2014.12/examples/rpl_udp/bin/native/native_base.a
LOAD /home/andreas/workspace/RIOT-2014.12/examples/rpl_udp/bin/native/rpl_udp.a
LOAD /usr/lib/gcc/x86_64-linux-gnu/4.8/../../../../lib32/libm.so
END GROUP
LOAD /usr/lib/gcc/x86_64-linux-gnu/4.8/../../../../lib32/libdl.so
LOAD /usr/lib/gcc/x86_64-linux-gnu/4.8/32/libgcc.a
LOAD /usr/lib/gcc/x86_64-linux-gnu/4.8/32/libgcc_s.so
LOAD /usr/lib/gcc/x86_64-linux-gnu/4.8/../../../../lib32/libc.so
START GROUP
LOAD /lib32/libc.so.6
LOAD /usr/lib32/libc_nonshared.a
LOAD /lib32/ld-linux.so.2
END GROUP
LOAD /usr/lib/gcc/x86_64-linux-gnu/4.8/32/libgcc.a
LOAD /usr/lib/gcc/x86_64-linux-gnu/4.8/32/libgcc_s.so
LOAD /usr/lib/gcc/x86_64-linux-gnu/4.8/32/crtend.o
LOAD /usr/lib/gcc/x86_64-linux-gnu/4.8/../../../../lib32/crtn.o
                0x0000000008048000                PROVIDE (__executable_start, 0x8048000)
                0x0000000008048154                . = (0x8048000 + SIZEOF_HEADERS)

.interp         0x0000000008048154       0x13
 *(.interp)
 .interp        0x0000000008048154       0x13 /usr/lib/gcc/x86_64-linux-gnu/4.8/../../../../lib32/crt1.o

.note.ABI-tag   0x0000000008048168       0x20
 .note.ABI-tag  0x0000000008048168       0x20 /usr/lib/gcc/x86_64-linux-gnu/4.8/../../../../lib32/crt1.o

.note.gnu.build-id
                0x0000000008048188       0x24
 *(.note.gnu.build-id)
 .note.gnu.build-id
                0x0000000008048188       0x24 /usr/lib/gcc/x86_64-linux-gnu/4.8/../../../../lib32/crt1.o

.hash
 *(.hash)

.gnu.hash       0x00000000080481ac       0xb8
 *(.gnu.hash)
 .gnu.hash      0x00000000080481ac       0xb8 /usr/lib/gcc/x86_64-linux-gnu/4.8/../../../../lib32/crt1.o

.dynsym         0x0000000008048264      0x430
 *(.dynsym)
 .dynsym        0x0000000008048264      0x430 /usr/lib/gcc/x86_64-linux-gnu/4.8/../../../../lib32/crt1.o

.dynstr         0x0000000008048694      0x28b
 *(.dynstr)
 .dynstr        0x0000000008048694      0x28b /usr/lib/gcc/x86_64-linux-gnu/4.8/../../../../lib32/crt1.o

.gnu.version    0x0000000008048920       0x86
 *(.gnu.version)
 .gnu.version   0x0000000008048920       0x86 /usr/lib/gcc/x86_64-linux-gnu/4.8/../../../../lib32/crt1.o

.gnu.version_d  0x00000000080489a8        0x0
 *(.gnu.version_d)
 .gnu.version_d
                0x0000000000000000        0x0 /usr/lib/gcc/x86_64-linux-gnu/4.8/../../../../lib32/crt1.o

.gnu.version_r  0x00000000080489a8       0x70
 *(.gnu.version_r)
 .gnu.version_r
                0x00000000080489a8       0x70 /usr/lib/gcc/x86_64-linux-gnu/4.8/../../../../lib32/crt1.o

.rel.dyn        0x0000000008048a18        0x8
 *(.rel.init)
 *(.rel.text .rel.text.* .rel.gnu.linkonce.t.*)
 .rel.text      0x0000000000000000        0x0 /usr/lib/gcc/x86_64-linux-gnu/4.8/../../../../lib32/crt1.o
 *(.rel.fini)
 *(.rel.rodata .rel.rodata.* .rel.gnu.linkonce.r.*)
 .rel.rodata    0x0000000000000000        0x0 /usr/lib/gcc/x86_64-linux-gnu/4.8/../../../../lib32/crt1.o
 *(.rel.data.rel.ro .rel.data.rel.ro.* .rel.gnu.linkonce.d.rel.ro.*)
 *(.rel.data .rel.data.* .rel.gnu.linkonce.d.*)
 .rel.data      0x0000000000000000        0x0 /usr/lib/gcc/x86_64-linux-gnu/4.8/../../../../lib32/crt1.o
 *(.rel.tdata .rel.tdata.* .rel.gnu.linkonce.td.*)
 *(.rel.tbss .rel.tbss.* .rel.gnu.linkonce.tb.*)
 *(.rel.ctors)
 *(.rel.dtors)
 *(.rel.got)
 .rel.got       0x0000000008048a18        0x8 /usr/lib/gcc/x86_64-linux-gnu/4.8/../../../../lib32/crt1.o
 *(.rel.bss .rel.bss.* .rel.gnu.linkonce.b.*)
 .rel.bss       0x0000000000000000        0x0 /usr/lib/gcc/x86_64-linux-gnu/4.8/../../../../lib32/crt1.o
 *(.rel.ifunc)

.rel.plt        0x0000000008048a20      0x150
 *(.rel.plt)
 .rel.plt       0x0000000008048a20      0x150 /usr/lib/gcc/x86_64-linux-gnu/4.8/../../../../lib32/crt1.o
                0x0000000008048b70                PROVIDE (__rel_iplt_start, .)
 *(.rel.iplt)
 .rel.iplt      0x0000000000000000        0x0 /usr/lib/gcc/x86_64-linux-gnu/4.8/../../../../lib32/crt1.o
                0x0000000008048b70                PROVIDE (__rel_iplt_end, .)

.init           0x0000000008048b70       0x23
 *(SORT(.init))
 .init          0x0000000008048b70       0x1e /usr/lib/gcc/x86_64-linux-gnu/4.8/../../../../lib32/crti.o
                0x0000000008048b70                _init
 .init          0x0000000008048b8e        0x5 /usr/lib/gcc/x86_64-linux-gnu/4.8/../../../../lib32/crtn.o

.plt            0x0000000008048ba0      0x2b0
 *(.plt)
 .plt           0x0000000008048ba0      0x2b0 /usr/lib/gcc/x86_64-linux-gnu/4.8/../../../../lib32/crt1.o
                0x0000000008048bb0                strcmp@@GLIBC_2.0
                0x0000000008048bc0                sigprocmask@@GLIBC_2.0
                0x0000000008048bd0                memmove@@GLIBC_2.0
                0x0000000008048be0                memcpy@@GLIBC_2.0
                0x0000000008048bf0                setcontext@@GLIBC_2.0
                0x0000000008048c00                memcmp@@GLIBC_2.0
                0x0000000008048c10                __stack_chk_fail@@GLIBC_2.4
                0x0000000008048c20                sigpending@@GLIBC_2.0
                0x0000000008048c30                htons@@GLIBC_2.0
                0x0000000008048c40                sigismember@@GLIBC_2.0
                0x0000000008048c50                strsignal@@GLIBC_2.0
                0x0000000008048c60                strcpy@@GLIBC_2.0
                0x0000000008048c70                strerror@@GLIBC_2.0
                0x0000000008048c90                strtoul@@GLIBC_2.0
                0x0000000008048ca0                strchr@@GLIBC_2.0
                0x0000000008048cb0                strlen@@GLIBC_2.0
                0x0000000008048cc0                __libc_start_main@@GLIBC_2.0
                0x0000000008048cd0                sigdelset@@GLIBC_2.0
                0x0000000008048ce0                strcasecmp@@GLIBC_2.0
                0x0000000008048cf0                atol@@GLIBC_2.0
                0x0000000008048d00                getcontext@@GLIBC_2.1
                0x0000000008048d10                fcntl@@GLIBC_2.0
                0x0000000008048d20                sigaddset@@GLIBC_2.0
                0x0000000008048d30                dlsym@@GLIBC_2.0
                0x0000000008048d40                sigfillset@@GLIBC_2.0
                0x0000000008048d50                memset@@GLIBC_2.0
                0x0000000008048d60                snprintf@@GLIBC_2.0
                0x0000000008048d70                swapcontext@@GLIBC_2.1
                0x0000000008048d80                __errno_location@@GLIBC_2.0
                0x0000000008048d90                strncpy@@GLIBC_2.0
                0x0000000008048da0                makecontext@@GLIBC_2.1
                0x0000000008048db0                rand@@GLIBC_2.0
                0x0000000008048dc0                strtok@@GLIBC_2.0
                0x0000000008048dd0                sigemptyset@@GLIBC_2.0
                0x0000000008048de0                ntohs@@GLIBC_2.0
                0x0000000008048df0                sprintf@@GLIBC_2.0
                0x0000000008048e00                vsnprintf@@GLIBC_2.0
                0x0000000008048e10                atoi@@GLIBC_2.0
                0x0000000008048e20                sigaction@@GLIBC_2.0
                0x0000000008048e30                __ctype_b_loc@@GLIBC_2.3
                0x0000000008048e40                sigaltstack@@GLIBC_2.0
 *(.iplt)
 .iplt          0x0000000000000000        0x0 /usr/lib/gcc/x86_64-linux-gnu/4.8/../../../../lib32/crt1.o

.text           0x0000000008048e50    0x204b2
 *(.text.unlikely .text.*_unlikely .text.unlikely.*)
 *(.text.exit .text.exit.*)
 *(.text.startup .text.startup.*)
 *(.text.hot .text.hot.*)
 *(.text .stub .text.* .gnu.linkonce.t.*)
 .text          0x0000000008048e50       0x22 /usr/lib/gcc/x86_64-linux-gnu/4.8/../../../../lib32/crt1.o
                0x0000000008048e50                _start
 .text          0x0000000008048e72        0x0 /usr/lib/gcc/x86_64-linux-gnu/4.8/../../../../lib32/crti.o
 *fill*         0x0000000008048e72        0xe 
 .gnu.linkonce.t.__x86.get_pc_thunk.bx
                0x0000000008048e80        0x4 /usr/lib/gcc/x86_64-linux-gnu/4.8/../../../../lib32/crti.o
                0x0000000008048e80                __x86.get_pc_thunk.bx
 *fill*         0x0000000008048e84        0xc 
 .text          0x0000000008048e90       0xbd /usr/lib/gcc/x86_64-linux-gnu/4.8/32/crtbegin.o
 .text          0x0000000008048f4d      0x99e /home/andreas/workspace/RIOT-2014.12/examples/rpl_udp/bin/native/cpu/startup.o
                0x0000000008048f4d                _native_null_in
                0x0000000008048fe8                _native_log_stdout
                0x0000000008049166                _native_log_stderr
                0x00000000080492cf                daemonize
                0x00000000080493e5                usage_exit
 .text          0x00000000080498eb      0x151 /home/andreas/workspace/RIOT-2014.12/examples/rpl_udp/bin/native/core.a(kernel_init.o)
                0x0000000008049960                kernel_init
 .text          0x0000000008049a3c      0x5e7 /home/andreas/workspace/RIOT-2014.12/examples/rpl_udp/bin/native/core.a(thread.o)
                0x0000000008049b12                thread_get
                0x0000000008049b5f                thread_getstatus
                0x0000000008049bb0                thread_getname
                0x0000000008049bfd                thread_sleep
                0x0000000008049c59                thread_wakeup
                0x0000000008049cf4                thread_yield
                0x0000000008049d5f                thread_measure_stack_free
                0x0000000008049db1                thread_create
 .text          0x000000000804a023      0x4a7 /home/andreas/workspace/RIOT-2014.12/examples/rpl_udp/bin/native/core.a(hwtimer.o)
                0x000000000804a0bb                hwtimer_spin
                0x000000000804a116                hwtimer_init
                0x000000000804a146                hwtimer_init_comp
                0x000000000804a1bd                hwtimer_active
                0x000000000804a1f5                hwtimer_now
                0x000000000804a21e                hwtimer_wait
                0x000000000804a3a0                hwtimer_set
                0x000000000804a3f7                hwtimer_set_absolute
                0x000000000804a44e                hwtimer_remove
 .text          0x000000000804a4ca      0x1a6 /home/andreas/workspace/RIOT-2014.12/examples/rpl_udp/bin/native/core.a(lifo.o)
                0x000000000804a4ca                lifo_empty
                0x000000000804a502                lifo_init
                0x000000000804a55c                lifo_insert
                0x000000000804a604                lifo_get
 .text          0x000000000804a670      0x26e /home/andreas/workspace/RIOT-2014.12/examples/rpl_udp/bin/native/core.a(mutex.o)
                0x000000000804a670                mutex_trylock
                0x000000000804a6b5                mutex_lock
                0x000000000804a7aa                mutex_unlock
                0x000000000804a840                mutex_unlock_and_sleep
 .text          0x000000000804a8de      0x12d /home/andreas/workspace/RIOT-2014.12/examples/rpl_udp/bin/native/core.a(priority_queue.o)
                0x000000000804a8de                priority_queue_remove
                0x000000000804a946                priority_queue_remove_head
                0x000000000804a98b                priority_queue_add
 .text          0x000000000804aa0b      0x287 /home/andreas/workspace/RIOT-2014.12/examples/rpl_udp/bin/native/core.a(sched.o)
                0x000000000804aa0b                sched_run
                0x000000000804aab5                sched_set_status
                0x000000000804abbc                sched_switch
                0x000000000804ac38                sched_task_exit
 .text          0x000000000804ac92       0xd3 /home/andreas/workspace/RIOT-2014.12/examples/rpl_udp/bin/native/core.a(bitarithm.o)
                0x000000000804ac92                bitarithm_msb
                0x000000000804acd6                bitarithm_lsb
                0x000000000804ad1c                bitarithm_bits_set
 .text          0x000000000804ad65      0x114 /home/andreas/workspace/RIOT-2014.12/examples/rpl_udp/bin/native/core.a(clist.o)
                0x000000000804ad65                clist_add
                0x000000000804ae05                clist_remove
 .text          0x000000000804ae79       0x56 /home/andreas/workspace/RIOT-2014.12/examples/rpl_udp/bin/native/cpu.a(atomic_cpu.o)
                0x000000000804ae79                atomic_set_return
 .text          0x000000000804aecf      0x736 /home/andreas/workspace/RIOT-2014.12/examples/rpl_udp/bin/native/cpu.a(hwtimer_cpu.o)
                0x000000000804aecf                timeval_subtract
                0x000000000804b007                ticks2tv
                0x000000000804b070                tv2ticks
                0x000000000804b0ad                ts2ticks
                0x000000000804b106                schedule_timer
                0x000000000804b2ee                hwtimer_isr_timer
                0x000000000804b354                hwtimer_arch_enable_interrupt
                0x000000000804b38d                hwtimer_arch_disable_interrupt
                0x000000000804b3be                hwtimer_arch_unset
                0x000000000804b3fe                hwtimer_arch_set
                0x000000000804b450                hwtimer_arch_set_absolute
                0x000000000804b4b4                hwtimer_arch_now
                0x000000000804b541                native_hwtimer_pre_init
                0x000000000804b57e                hwtimer_arch_init
 .text          0x000000000804b605      0xdae /home/andreas/workspace/RIOT-2014.12/examples/rpl_udp/bin/native/cpu.a(irq_cpu.o)
                0x000000000804b605                print_thread_sigmask
                0x000000000804b6fc                print_sigmasks
                0x000000000804b785                native_print_signals
                0x000000000804b93e                disableIRQ
                0x000000000804b9bb                enableIRQ
                0x000000000804ba5b                restoreIRQ
                0x000000000804ba98                inISR
                0x000000000804bac1                dINT
                0x000000000804baea                eINT
                0x000000000804bb13                _native_popsig
                0x000000000804bba9                native_irq_handler
                0x000000000804bc2a                isr_set_sigmask
                0x000000000804bc75                native_isr_entry
                0x000000000804bdd3                register_interrupt
                0x000000000804bef9                unregister_interrupt
                0x000000000804c099                native_interrupt_init
 .text          0x000000000804c3b3      0x296 /home/andreas/workspace/RIOT-2014.12/examples/rpl_udp/bin/native/cpu.a(lpm_cpu.o)
                0x000000000804c3b3                lpm_init
                0x000000000804c3e2                _native_lpm_sleep
                0x000000000804c505                lpm_set
                0x000000000804c59d                lpm_awake
                0x000000000804c5cc                lpm_begin_awake
                0x000000000804c5f1                lpm_end_awake
                0x000000000804c620                lpm_get
 .text          0x000000000804c649      0x48d /home/andreas/workspace/RIOT-2014.12/examples/rpl_udp/bin/native/cpu.a(native_cpu.o)
                0x000000000804c649                reboot_arch
                0x000000000804c6d7                thread_print_stack
                0x000000000804c6fc                thread_stack_init
                0x000000000804c7f8                isr_cpu_switch_context_exit
                0x000000000804c877                cpu_switch_context_exit
                0x000000000804c930                isr_thread_yield
                0x000000000804c99b                thread_yield_higher
                0x000000000804ca53                native_cpu_init
 .text          0x000000000804cad6      0xe76 /home/andreas/workspace/RIOT-2014.12/examples/rpl_udp/bin/native/cpu.a(syscalls.o)
                0x000000000804cad6                _native_syscall_enter
                0x000000000804cb07                _native_syscall_leave
                0x000000000804cc02                malloc
                0x000000000804cc49                free
                0x000000000804cc8a                calloc
                0x000000000804cd2b                realloc
                0x000000000804cd7f                _native_read
                0x000000000804cde0                _native_write
                0x000000000804ce41                putchar
                0x000000000804ce8b                puts
                0x000000000804cee9                make_message
                0x000000000804cfb6                printf
                0x000000000804d048                vprintf
                0x000000000804d0da                vwarn
                0x000000000804d22b                vwarnx
                0x000000000804d32c                verr
                0x000000000804d36e                verrx
                0x000000000804d3b0                warn
                0x000000000804d3f2                warnx
                0x000000000804d434                err
                0x000000000804d470                errx
                0x000000000804d4ac                getpid
                0x000000000804d4e1                _gettimeofday
                0x000000000804d521                _native_init_syscalls
 .text          0x000000000804d94c       0x2e /home/andreas/workspace/RIOT-2014.12/examples/rpl_udp/bin/native/cpu.a(tramp.o)
                0x000000000804d94c                _native_sig_leave_tramp
 .text          0x000000000804d97a      0x7a6 /home/andreas/workspace/RIOT-2014.12/examples/rpl_udp/bin/native/nativenet.a(tap.o)
                0x000000000804d97a                _native_handle_tap_input
                0x000000000804dc5a                _native_marshall_ethernet
                0x000000000804dd8c                send_buf
                0x000000000804de4e                tap_init
 .text          0x000000000804e120      0x684 /home/andreas/workspace/RIOT-2014.12/examples/rpl_udp/bin/native/nativenet.a(interface.o)
                0x000000000804e120                _nativenet_init
                0x000000000804e1aa                nativenet_init
                0x000000000804e1f2                nativenet_powerdown
                0x000000000804e217                nativenet_set_monitor
                0x000000000804e24a                nativenet_set_channel
                0x000000000804e287                nativenet_get_channel
                0x000000000804e2b5                nativenet_set_pan
                0x000000000804e2f1                nativenet_get_pan
                0x000000000804e31c                nativenet_set_address
                0x000000000804e358                nativenet_get_address
                0x000000000804e383                nativenet_get_address_long
                0x000000000804e3b2                nativenet_set_address_long
                0x000000000804e40a                nativenet_send
                0x000000000804e44d                nativenet_switch_to_rx
                0x000000000804e472                _nativenet_register_cb
                0x000000000804e4c1                _nativenet_unregister_cb
                0x000000000804e50b                do_cb
                0x000000000804e557                _nativenet_handle_packet
 .text          0x000000000804e7a4      0xad7 /home/andreas/workspace/RIOT-2014.12/examples/rpl_udp/bin/native/vtimer.a(vtimer.o)
                0x000000000804eb99                normalize_to_tick
                0x000000000804ed44                vtimer_now
                0x000000000804edaf                vtimer_gettimeofday
                0x000000000804edf9                vtimer_get_localtime
                0x000000000804eeb5                vtimer_init
                0x000000000804ef3e                vtimer_set_wakeup
                0x000000000804efb9                vtimer_usleep
                0x000000000804f012                vtimer_sleep
                0x000000000804f0b5                vtimer_remove
                0x000000000804f132                vtimer_set_msg
                0x000000000804f1c9                vtimer_msg_receive_timeout
 .text          0x000000000804f27b      0xa71 /home/andreas/workspace/RIOT-2014.12/examples/rpl_udp/bin/native/native_base.a(native-uart0.o)
                0x000000000804f27b                uart0_puts
                0x000000000804f340                get_in_addr
                0x000000000804f384                init_tcp_socket
                0x000000000804f58e                init_unix_socket
                0x000000000804f6db                handle_uart_in
                0x000000000804f81b                handle_uart_sock
                0x000000000804fa44                _native_handle_uart0_input
                0x000000000804fac3                _native_set_uart_fds
                0x000000000804fb5d                _native_init_uart0
 .text          0x000000000804fcec       0x3a /home/andreas/workspace/RIOT-2014.12/examples/rpl_udp/bin/native/native_base.a(board_init.o)
                0x000000000804fcec                board_init
 .text          0x000000000804fd26      0x120 /home/andreas/workspace/RIOT-2014.12/examples/rpl_udp/bin/native/native_base.a(native-led.o)
                0x000000000804fd26                _native_LED_GREEN_OFF
                0x000000000804fd56                _native_LED_GREEN_ON
                0x000000000804fd86                _native_LED_GREEN_TOGGLE
                0x000000000804fdb6                _native_LED_RED_OFF
                0x000000000804fde6                _native_LED_RED_ON
                0x000000000804fe16                _native_LED_RED_TOGGLE
 .text          0x000000000804fe46       0xf8 /home/andreas/workspace/RIOT-2014.12/examples/rpl_udp/bin/native/rpl_udp.a(main.o)
                0x000000000804fea7                main
 .text          0x000000000804ff3e      0x43d /home/andreas/workspace/RIOT-2014.12/examples/rpl_udp/bin/native/rpl_udp.a(rpl.o)
                0x000000000804ff96                rpl_udp_init
                0x000000000805027f                rpl_udp_dodag
 .text          0x000000000805037b      0x60b /home/andreas/workspace/RIOT-2014.12/examples/rpl_udp/bin/native/rpl_udp.a(udp.o)
                0x00000000080505b8                udp_server
                0x000000000805079d                udp_send
 .text          0x0000000008050986      0x339 /home/andreas/workspace/RIOT-2014.12/examples/rpl_udp/bin/native/rpl_udp.a(helper.o)
                0x00000000080509de                rpl_udp_set_id
                0x0000000008050a81                rpl_udp_monitor
                0x0000000008050be5                rpl_udp_ignore
 .text          0x0000000008050cbf      0x2d7 /home/andreas/workspace/RIOT-2014.12/examples/rpl_udp/bin/native/auto_init.a(auto_init.o)
                0x0000000008050de8                auto_init_net_if
                0x0000000008050f59                auto_init
 .text          0x0000000008050f96      0xa9f /home/andreas/workspace/RIOT-2014.12/examples/rpl_udp/bin/native/core.a(msg.o)
                0x00000000080511af                msg_send
                0x000000000805123c                msg_try_send
                0x0000000008051481                msg_send_to_self
                0x00000000080514e5                msg_send_int
                0x00000000080515a6                msg_send_receive
                0x0000000008051635                msg_reply
                0x00000000080516fd                msg_reply_int
                0x000000000805178d                msg_try_receive
                0x00000000080517ca                msg_receive
                0x00000000080519c0                msg_init_queue
 .text          0x0000000008051a35      0x399 /home/andreas/workspace/RIOT-2014.12/examples/rpl_udp/bin/native/hashes.a(hashes.o)
                0x0000000008051a35                djb2_hash
                0x0000000008051aa7                sdbm_hash
                0x0000000008051b1a                kr_hash
                0x0000000008051b7a                sax_hash
                0x0000000008051bf2                dek_hash
                0x0000000008051c61                fnv_hash
                0x0000000008051cd2                rotating_hash
                0x0000000008051d41                one_at_a_time_hash
 .text          0x0000000008051dce      0x543 /home/andreas/workspace/RIOT-2014.12/examples/rpl_udp/bin/native/net_help.a(inet_ntop.o)
                0x000000000805228b                inet_ntop
 .text          0x0000000008052311     0x1489 /home/andreas/workspace/RIOT-2014.12/examples/rpl_udp/bin/native/net_if.a(net_if.o)
                0x000000000805271c                net_if_hex_to_dec
                0x000000000805278a                net_if_hex_to_eui64
                0x0000000008052893                net_if_init
                0x00000000080528d3                net_if_init_interface
                0x000000000805298c                net_if_iter_interfaces
                0x00000000080529e8                net_if_add_address
                0x0000000008052acd                net_if_del_address
                0x0000000008052b88                net_if_iter_addresses
                0x0000000008052c2e                net_if_get_l3p_types
                0x0000000008052cbf                net_if_add_l3p_types
                0x0000000008052d3a                net_if_del_l3p_types
                0x0000000008052e00                net_if_transceiver_get_set_handler
                0x0000000008052e7f                net_if_send_packet_broadcast
                0x0000000008052fbb                net_if_send_packet
                0x0000000008053127                net_if_send_packet_long
                0x00000000080532ae                net_if_register
                0x0000000008053329                net_if_get_eui64
                0x000000000805343d                net_if_set_eui64
                0x00000000080534e5                net_if_get_hardware_address
                0x0000000008053552                net_if_set_hardware_address
                0x00000000080535c6                net_if_get_channel
                0x0000000008053632                net_if_set_channel
                0x00000000080536a9                net_if_get_pan_id
                0x0000000008053723                net_if_set_pan_id
 .text          0x000000000805379a       0x4b /home/andreas/workspace/RIOT-2014.12/examples/rpl_udp/bin/native/periph.a(cpuid.o)
                0x000000000805379a                cpuid_get
 .text          0x00000000080537e5      0x215 /home/andreas/workspace/RIOT-2014.12/examples/rpl_udp/bin/native/posix.a(posix_io.o)
                0x00000000080538b9                posix_open
                0x0000000008053904                posix_close
                0x000000000805394a                posix_read
                0x00000000080539a2                posix_write
 .text          0x00000000080539fa      0x99b /home/andreas/workspace/RIOT-2014.12/examples/rpl_udp/bin/native/rpl.a(rpl.o)
                0x0000000008053ba9                rpl_init
                0x0000000008053c99                rpl_init_root
                0x0000000008053cc2                rpl_is_root
                0x0000000008053ceb                rpl_process
                0x0000000008053dbe                rpl_send_DIO
                0x0000000008053e0b                rpl_send_DAO
                0x0000000008053e87                rpl_send_DIS
                0x0000000008053ed4                rpl_send_DAO_ACK
                0x0000000008053f21                rpl_recv_DIO
                0x0000000008053f4a                rpl_recv_DAO
                0x0000000008053f73                rpl_recv_DIS
                0x0000000008053f9c                rpl_recv_DAO_ACK
                0x0000000008053fc5                rpl_get_next_hop
                0x0000000008054078                rpl_add_routing_entry
                0x00000000080541a6                rpl_del_routing_entry
                0x000000000805425f                rpl_find_routing_entry
                0x0000000008054301                rpl_clear_routing_table
                0x000000000805436c                rpl_get_routing_table
 .text          0x0000000008054395      0xd88 /home/andreas/workspace/RIOT-2014.12/examples/rpl_udp/bin/native/rpl.a(rpl_dodag.o)
                0x0000000008054395                rpl_instances_init
                0x00000000080543d5                rpl_new_instance
                0x000000000805445d                rpl_get_instance
                0x00000000080544da                rpl_get_my_instance
                0x000000000805453b                rpl_new_dodag
                0x000000000805460f                rpl_get_dodag
                0x00000000080546b0                rpl_get_my_dodag
                0x0000000008054720                rpl_del_dodag
                0x0000000008054765                rpl_leave_dodag
                0x00000000080547a5                rpl_equal_id
                0x000000000805481c                rpl_new_parent
                0x000000000805491e                rpl_find_parent
                0x000000000805498f                rpl_delete_parent
                0x0000000008054a05                rpl_delete_worst_parent
                0x0000000008054aa3                rpl_delete_all_parents
                0x0000000008054b1c                rpl_find_preferred_parent
                0x0000000008054cb5                rpl_parent_update
                0x0000000008054d98                rpl_join_dodag
                0x0000000008054f66                rpl_global_repair
                0x0000000008055048                rpl_local_repair
                0x000000000805509f                rpl_get_my_preferred_parent
                0x00000000080550de                rpl_calc_rank
 .text          0x000000000805511d       0xbf /home/andreas/workspace/RIOT-2014.12/examples/rpl_udp/bin/native/rpl.a(rpl_of_manager.o)
                0x000000000805511d                rpl_of_manager_init
                0x000000000805515b                rpl_get_of_for_ocp
 .text          0x00000000080551dc      0xb92 /home/andreas/workspace/RIOT-2014.12/examples/rpl_udp/bin/native/rpl.a(trickle.o)
                0x0000000008055366                reset_trickletimer
                0x00000000080554c4                init_trickle
                0x00000000080555fe                start_trickle
                0x00000000080557af                trickle_increment_counter
                0x00000000080559f0                delay_dao
                0x0000000008055a88                long_delay_dao
                0x0000000008055c15                dao_ack_received
 .text          0x0000000008055d6e     0x192d /home/andreas/workspace/RIOT-2014.12/examples/rpl_udp/bin/native/rpl.a(rpl_storing.o)
                0x0000000008056415                rpl_init_mode
                0x0000000008056464                rpl_init_root_mode
                0x000000000805659d                rpl_is_root_mode
                0x00000000080565c8                rpl_send_DIO_mode
                0x00000000080567dd                rpl_send_DAO_mode
                0x0000000008056b2f                rpl_send_DIS_mode
                0x0000000008056bb5                rpl_send_DAO_ACK_mode
                0x0000000008056c7e                rpl_recv_DIO_mode
                0x0000000008057123                rpl_recv_DAO_mode
                0x00000000080572f8                rpl_recv_DIS_mode
                0x0000000008057480                rpl_recv_dao_ack_mode
                0x00000000080574e8                rpl_send
 .text          0x000000000805769b      0x160 /home/andreas/workspace/RIOT-2014.12/examples/rpl_udp/bin/native/rpl.a(of0.o)
                0x000000000805769b                rpl_get_of0
 .text          0x00000000080577fb      0x2f5 /home/andreas/workspace/RIOT-2014.12/examples/rpl_udp/bin/native/rpl.a(of_mrhof.o)
                0x00000000080577fb                rpl_get_of_mrhof
 .text          0x0000000008057af0      0x6c5 /home/andreas/workspace/RIOT-2014.12/examples/rpl_udp/bin/native/shell.a(shell.o)
                0x00000000080580b1                shell_run
                0x000000000805814d                shell_init
 .text          0x00000000080581b5        0x0 /home/andreas/workspace/RIOT-2014.12/examples/rpl_udp/bin/native/shell_commands.a(shell_commands.o)
 .text          0x00000000080581b5       0x3c /home/andreas/workspace/RIOT-2014.12/examples/rpl_udp/bin/native/shell_commands.a(sc_sys.o)
                0x00000000080581b5                _reboot_handler
 .text          0x00000000080581f1      0x5d3 /home/andreas/workspace/RIOT-2014.12/examples/rpl_udp/bin/native/shell_commands.a(sc_transceiver.o)
                0x00000000080581f1                _transceiver_get_set_address_handler
                0x00000000080582c4                _transceiver_get_set_long_addr_handler
                0x00000000080583ac                _transceiver_get_set_channel_handler
                0x000000000805848c                _transceiver_send_handler
                0x0000000008058624                _transceiver_monitor_handler
                0x00000000080586e4                _transceiver_get_set_pan_handler
 .text          0x00000000080587c4     0x155e /home/andreas/workspace/RIOT-2014.12/examples/rpl_udp/bin/native/shell_commands.a(sc_net_if.o)
                0x0000000008058a3a                is_number
                0x0000000008058b6a                addr_data_to_str
                0x0000000008058c60                add_usage
                0x0000000008058c90                set_usage
                0x0000000008058cc0                create_usage
                0x0000000008058cf0                _net_if_ifconfig
                0x0000000008058e68                _net_if_ifconfig_set_srcaddrmode
                0x0000000008058f03                _net_if_ifconfig_set_eui64
                0x0000000008058f64                _net_if_ifconfig_set_hwaddr
                0x0000000008059011                _net_if_ifconfig_set_pan_id
                0x00000000080590be                _net_if_ifconfig_set_channel
                0x000000000805916b                _net_if_ifconfig_set
                0x00000000080592cc                _net_if_ifconfig_add_ipv6
                0x00000000080594b1                _net_if_ifconfig_add
                0x0000000008059523                _net_if_ifconfig_create
                0x0000000008059703                _set_protocol_from_type
                0x000000000805980c                _net_if_ifconfig_ipv6_addr_convert
                0x0000000008059916                _net_if_ifconfig_list
 .text          0x0000000008059d22       0x35 /home/andreas/workspace/RIOT-2014.12/examples/rpl_udp/bin/native/shell_commands.a(sc_ps.o)
                0x0000000008059d22                _ps_handler
 .text          0x0000000008059d57      0x206 /home/andreas/workspace/RIOT-2014.12/examples/rpl_udp/bin/native/shell_commands.a(sc_rpl.o)
                0x0000000008059daf                _rpl_route_handler
 .text          0x0000000008059f5d     0x44e5 /home/andreas/workspace/RIOT-2014.12/examples/rpl_udp/bin/native/sixlowpan.a(icmp.o)
                0x000000000805a4ea                min
                0x000000000805a87e                icmpv6_send_echo_request
                0x000000000805aa2b                icmpv6_send_echo_reply
                0x000000000805abd8                icmpv6_send_router_sol
                0x000000000805adb0                recv_echo_req
                0x000000000805ae6e                recv_echo_repl
                0x000000000805ae92                recv_rtr_sol
                0x000000000805b0d1                set_opt_6co_flags
                0x000000000805b127                get_opt_6co_flags
                0x000000000805b18b                icmpv6_send_router_adv
                0x000000000805ba73                recv_rtr_adv
                0x000000000805c0a9                icmpv6_send_neighbor_sol
                0x000000000805c419                recv_nbr_sol
                0x000000000805ca79                icmpv6_send_neighbor_adv
                0x000000000805cdc7                recv_nbr_adv
                0x000000000805d1a7                icmpv6_ndp_set_sllao
                0x000000000805d2c7                icmpv6_csum
                0x000000000805d37e                icmpv6_send_parameter_prob
                0x000000000805d556                ndp_neighbor_cache_search
                0x000000000805d5e1                ndp_get_ll_address
                0x000000000805d63f                ndp_addr_is_on_link
                0x000000000805d6d3                ndp_neighbor_cache_add
                0x000000000805d87d                nbr_cache_auto_rem
                0x000000000805d97e                ndp_neighbor_cache_remove
                0x000000000805da87                ndp_a6br_cache_get_most_current
                0x000000000805db3a                ndp_a6br_cache_get_oldest
                0x000000000805dbec                abr_get_version
                0x000000000805dc9d                abr_get_context
                0x000000000805dcfc                abr_add_context
                0x000000000805dde4                abr_remove_context
                0x000000000805de45                ndp_default_router_list_search
                0x000000000805decb                def_rtr_lst_add
                0x000000000805dfb5                def_rtr_lst_rem
                0x000000000805e07d                ndp_add_prefix_info
                0x000000000805e262                ndp_prefix_info_search
                0x000000000805e3d3                ndp_prefix_info_match
 .text          0x000000000805e442     0x1e48 /home/andreas/workspace/RIOT-2014.12/examples/rpl_udp/bin/native/sixlowpan.a(ip.o)
                0x000000000805e996                ipv6_send_packet
                0x000000000805ec5f                ipv6_get_buf_send
                0x000000000805ec88                get_payload_buf_send
                0x000000000805ecbe                ipv6_get_buf
                0x000000000805ece7                get_icmpv6_buf
                0x000000000805ed1d                get_payload_buf
                0x000000000805ed53                ipv6_sendto
                0x000000000805ee77                ipv6_set_default_hop_limit
                0x000000000805eeaa                ipv6_get_default_hop_limit
                0x000000000805eed5                ipv6_register_packet_handler
                0x000000000805ef5b                icmpv6_demultiplex
                0x000000000805f002                ipv6_get_addr_match
                0x000000000805f1ca                ipv6_process
                0x000000000805f56e                ipv6_net_if_get_ext
                0x000000000805f5bf                ipv6_net_if_add_addr
                0x000000000805f83f                ipv6_net_if_addr_match
                0x000000000805f997                ipv6_net_if_addr_prefix_eq
                0x000000000805fa50                ipv6_addr_set_by_eui64
                0x000000000805fb23                ipv6_addr_init_prefix
                0x000000000805fc0e                ipv6_net_if_get_best_src_addr
                0x000000000805fd9c                ipv6_addr_init
                0x000000000805feb3                get_remaining_time
                0x000000000805ff17                set_remaining_time
                0x000000000805ff9b                ipv6_init_as_router
                0x0000000008060029                ipv6_is_router
                0x000000000806007a                set_tcp_packet_handler_pid
                0x00000000080600af                set_udp_packet_handler_pid
                0x00000000080600e4                ipv6_register_next_header_handler
                0x0000000008060140                ipv6_iface_set_routing_provider
                0x0000000008060172                ipv6_iface_set_srh_indicator
                0x00000000080601a4                ipv6_register_rpl_handler
                0x00000000080601d9                ipv6_csum
 .text          0x000000000806028a     0x3890 /home/andreas/workspace/RIOT-2014.12/examples/rpl_udp/bin/native/sixlowpan.a(lowpan.o)
                0x000000000806081f                sixlowpan_lowpan_sendto
                0x0000000008060cd3                sixlowpan_lowpan_set_iphc_status
                0x0000000008060eec                ll_get_addr_match
                0x0000000008060fa6                new_packet_buffer
                0x00000000080610cf                get_packet_frag_buf
                0x00000000080611d5                is_in_interval
                0x000000000806125a                handle_packet_frag_interval
                0x0000000008061376                collect_garbage_fifo
                0x0000000008061460                collect_garbage
                0x0000000008061532                handle_packet_fragment
                0x0000000008061690                check_timeout
                0x00000000080617e8                add_fifo_packet
                0x00000000080618b3                sixlowpan_lowpan_register
                0x0000000008061939                lowpan_read
                0x0000000008061bf7                lowpan_iphc_encoding
                0x0000000008062551                lowpan_iphc_decoding
                0x00000000080631b6                lowpan_context_len
                0x00000000080631e1                lowpan_context_remove
                0x00000000080632ba                lowpan_context_update
                0x00000000080633d5                lowpan_context_get
                0x00000000080633fe                lowpan_context_lookup
                0x00000000080634c9                lowpan_context_num_lookup
                0x0000000008063635                init_reas_bufs
                0x00000000080636ef                sixlowpan_lowpan_init_adhoc_interface
                0x00000000080637ee                sixlowpan_lowpan_init_interface
                0x000000000806397e                sixlowpan_lowpan_init
                0x0000000008063aea                sixlowpan_lowpan_bootstrapping
 .text          0x0000000008063b1a      0xa75 /home/andreas/workspace/RIOT-2014.12/examples/rpl_udp/bin/native/sixlowpan.a(mac.o)
                0x0000000008063f5c                set_ieee802154_fcf_values
                0x0000000008063fe4                set_ieee802154_frame_values
                0x000000000806409a                sixlowpan_mac_prepare_ieee802144_frame
                0x00000000080642ba                sixlowpan_mac_send_data
                0x0000000008064394                sixlowpan_mac_send_ieee802154_frame
                0x00000000080644e2                sixlowpan_mac_init
 .text          0x000000000806458f      0x338 /home/andreas/workspace/RIOT-2014.12/examples/rpl_udp/bin/native/sixlowpan.a(serialnumber.o)
                0x000000000806458f                serial_add8
                0x00000000080645e3                serial_add16
                0x0000000008064638                serial_add32
                0x000000000806468b                serial_comp8
                0x000000000806474a                serial_comp16
                0x0000000008064817                serial_comp32
 .text          0x00000000080648c7      0xdbe /home/andreas/workspace/RIOT-2014.12/examples/rpl_udp/bin/native/socket_base.a(socket.o)
                0x00000000080649f8                tcp_connect
                0x0000000008064a33                tcp_listen
                0x0000000008064a68                tcp_accept
                0x0000000008064aa3                tcp_send
                0x0000000008064ae4                tcp_recv
                0x0000000008064bbf                tcp_bind_socket
                0x0000000008064c41                tcp_socket_compliancy
                0x0000000008064c9f                tcp_teardown
                0x0000000008064cce                socket_base_print_socket
                0x0000000008064dca                socket_base_print_internal_socket
                0x0000000008064e55                socket_base_exists_socket
                0x0000000008064eb3                socket_base_get_socket
                0x0000000008064f01                socket_base_print_sockets
                0x0000000008064f66                socket_base_close
                0x0000000008064ffc                socket_base_get_free_source_port
                0x0000000008065082                socket_base_socket
                0x000000000806513d                socket_base_connect
                0x00000000080651ae                socket_base_accept
                0x000000000806521f                socket_base_listen
                0x0000000008065283                socket_base_recv
                0x0000000008065301                socket_base_recvfrom
                0x00000000080653ca                socket_base_sendto
                0x0000000008065493                socket_base_send
                0x0000000008065511                socket_base_bind
 .text          0x0000000008065685      0x203 /home/andreas/workspace/RIOT-2014.12/examples/rpl_udp/bin/native/timex.a(timex.o)
                0x0000000008065685                timex_add
                0x0000000008065713                timex_set
                0x0000000008065768                timex_sub
                0x000000000806580a                timex_cmp
 .text          0x0000000008065888      0xc38 /home/andreas/workspace/RIOT-2014.12/examples/rpl_udp/bin/native/transceiver.a(transceiver.o)
                0x0000000008065888                transceiver_init
                0x0000000008065958                transceiver_start
                0x0000000008065a00                transceiver_register
                0x0000000008065ac2                transceiver_unregister
 .text          0x00000000080664c0      0x201 /home/andreas/workspace/RIOT-2014.12/examples/rpl_udp/bin/native/uart0.a(uart0.o)
                0x000000000806651b                board_uart0_init
                0x00000000080665bd                uart0_handle_incoming
                0x00000000080665fd                uart0_notify_thread
                0x000000000806663e                uart0_readc
                0x000000000806668c                uart0_putc
 .text          0x00000000080666c1      0x901 /home/andreas/workspace/RIOT-2014.12/examples/rpl_udp/bin/native/udp.a(udp.o)
                0x000000000806682f                udp_csum
                0x00000000080668db                get_udp_socket
                0x000000000806695a                udp_packet_handler
                0x0000000008066a59                udp_socket_compliancy
                0x0000000008066aea                udp_bind_socket
                0x0000000008066bc3                udp_recvfrom
                0x0000000008066d00                udp_sendto
                0x0000000008066f10                udp_init_transport_layer
 .text          0x0000000008066fc2       0x42 /home/andreas/workspace/RIOT-2014.12/examples/rpl_udp/bin/native/core.a(reboot.o)
                0x0000000008066fc2                reboot
 .text          0x0000000008067004      0x528 /home/andreas/workspace/RIOT-2014.12/examples/rpl_udp/bin/native/core.a(ringbuffer.o)
                0x0000000008067170                ringbuffer_add
                0x00000000080671ec                ringbuffer_add_one
                0x0000000008067259                ringbuffer_get_one
                0x00000000080672a7                ringbuffer_get
                0x00000000080673cf                ringbuffer_remove
                0x0000000008067474                ringbuffer_peek_one
                0x00000000080674c3                ringbuffer_peek
 .text          0x000000000806752c      0x977 /home/andreas/workspace/RIOT-2014.12/examples/rpl_udp/bin/native/ieee802154.a(ieee802154_frame.o)
                0x000000000806752c                ieee802154_frame_init
                0x00000000080678b6                ieee802154_frame_get_hdr_len
                0x000000000806797d                ieee802154_frame_read
                0x0000000008067d59                ieee802154_frame_get_fcs
                0x0000000008067de9                ieee802154_frame_print_fcf_frame
 .text          0x0000000008067ea3      0x456 /home/andreas/workspace/RIOT-2014.12/examples/rpl_udp/bin/native/net_help.a(inet_pton.o)
                0x0000000008068287                inet_pton
 .text          0x00000000080682f9       0xed /home/andreas/workspace/RIOT-2014.12/examples/rpl_udp/bin/native/net_help.a(net_help.o)
                0x00000000080682f9                net_help_csum
 .text          0x00000000080683e6      0x182 /home/andreas/workspace/RIOT-2014.12/examples/rpl_udp/bin/native/ps.a(ps.o)
                0x00000000080683e6                thread_print_all
 .text          0x0000000008068568      0xaa6 /home/andreas/workspace/RIOT-2014.12/examples/rpl_udp/bin/native/routing.a(etx_beaconing.o)
                0x00000000080686bb                etx_show_candidates
                0x000000000806875f                etx_init_beaconing
                0x00000000080689b6                etx_find_candidate
                0x0000000008068b03                etx_get_metric
                0x0000000008068b60                etx_add_candidate
                0x0000000008068c0f                etx_handle_beacon
                0x0000000008068dc0                etx_update
 .text          0x000000000806900e      0x281 /home/andreas/workspace/RIOT-2014.12/examples/rpl_udp/bin/native/sys.a(chardev_thread.o)
                0x0000000008069088                chardev_loop
                0x000000000806924f                chardev_thread_entry
 *fill*         0x000000000806928f        0x1 
 .text          0x0000000008069290       0x72 /usr/lib32/libc_nonshared.a(elf-init.oS)
                0x0000000008069290                __libc_csu_init
                0x0000000008069300                __libc_csu_fini
 .text          0x0000000008069302        0x0 /usr/lib/gcc/x86_64-linux-gnu/4.8/32/crtend.o
 .text          0x0000000008069302        0x0 /usr/lib/gcc/x86_64-linux-gnu/4.8/../../../../lib32/crtn.o
 *(.gnu.warning)

.fini           0x0000000008069304       0x14
 *(SORT(.fini))
 .fini          0x0000000008069304        0xf /usr/lib/gcc/x86_64-linux-gnu/4.8/../../../../lib32/crti.o
                0x0000000008069304                _fini
 .fini          0x0000000008069313        0x5 /usr/lib/gcc/x86_64-linux-gnu/4.8/../../../../lib32/crtn.o
                0x0000000008069318                PROVIDE (__etext, .)
                0x0000000008069318                PROVIDE (_etext, .)
                0x0000000008069318                PROVIDE (etext, .)

.rodata         0x0000000008069320     0x2cae
 *(.rodata .rodata.* .gnu.linkonce.r.*)
 .rodata        0x0000000008069320        0x4 /usr/lib/gcc/x86_64-linux-gnu/4.8/../../../../lib32/crt1.o
                0x0000000008069320                _fp_hw
 .rodata.cst4   0x0000000008069324        0x4 /usr/lib/gcc/x86_64-linux-gnu/4.8/../../../../lib32/crt1.o
                0x0000000008069324                _IO_stdin_used
 .rodata        0x0000000008069328      0x4b7 /home/andreas/workspace/RIOT-2014.12/examples/rpl_udp/bin/native/cpu/startup.o
 *fill*         0x00000000080697df        0x1 
 .rodata        0x00000000080697e0       0xf6 /home/andreas/workspace/RIOT-2014.12/examples/rpl_udp/bin/native/core.a(kernel_init.o)
 .rodata        0x00000000080698d6       0x11 /home/andreas/workspace/RIOT-2014.12/examples/rpl_udp/bin/native/core.a(hwtimer.o)
 *fill*         0x00000000080698e7        0x1 
 .rodata        0x00000000080698e8       0x50 /home/andreas/workspace/RIOT-2014.12/examples/rpl_udp/bin/native/core.a(lifo.o)
 .rodata        0x0000000008069938       0x3c /home/andreas/workspace/RIOT-2014.12/examples/rpl_udp/bin/native/cpu.a(hwtimer_cpu.o)
 .rodata        0x0000000008069974      0x3fc /home/andreas/workspace/RIOT-2014.12/examples/rpl_udp/bin/native/cpu.a(irq_cpu.o)
 .rodata        0x0000000008069d70       0xb0 /home/andreas/workspace/RIOT-2014.12/examples/rpl_udp/bin/native/cpu.a(lpm_cpu.o)
 .rodata        0x0000000008069e20      0x1b1 /home/andreas/workspace/RIOT-2014.12/examples/rpl_udp/bin/native/cpu.a(native_cpu.o)
 *fill*         0x0000000008069fd1        0x3 
 .rodata        0x0000000008069fd4      0x164 /home/andreas/workspace/RIOT-2014.12/examples/rpl_udp/bin/native/cpu.a(syscalls.o)
 .rodata        0x000000000806a138      0x160 /home/andreas/workspace/RIOT-2014.12/examples/rpl_udp/bin/native/nativenet.a(tap.o)
 .rodata        0x000000000806a298       0x51 /home/andreas/workspace/RIOT-2014.12/examples/rpl_udp/bin/native/nativenet.a(interface.o)
 *fill*         0x000000000806a2e9        0x3 
 .rodata        0x000000000806a2ec      0x35f /home/andreas/workspace/RIOT-2014.12/examples/rpl_udp/bin/native/native_base.a(native-uart0.o)
 *fill*         0x000000000806a64b        0x1 
 .rodata        0x000000000806a64c       0x1f /home/andreas/workspace/RIOT-2014.12/examples/rpl_udp/bin/native/native_base.a(board_init.o)
 .rodata        0x000000000806a66b       0x52 /home/andreas/workspace/RIOT-2014.12/examples/rpl_udp/bin/native/native_base.a(native-led.o)
 *fill*         0x000000000806a6bd        0x3 
 .rodata        0x000000000806a6c0       0xe4 /home/andreas/workspace/RIOT-2014.12/examples/rpl_udp/bin/native/rpl_udp.a(main.o)
                0x000000000806a740                shell_commands
 .rodata        0x000000000806a7a4      0x1b6 /home/andreas/workspace/RIOT-2014.12/examples/rpl_udp/bin/native/rpl_udp.a(rpl.o)
 *fill*         0x000000000806a95a        0x2 
 .rodata        0x000000000806a95c      0x104 /home/andreas/workspace/RIOT-2014.12/examples/rpl_udp/bin/native/rpl_udp.a(udp.o)
 .rodata        0x000000000806aa60      0x129 /home/andreas/workspace/RIOT-2014.12/examples/rpl_udp/bin/native/rpl_udp.a(helper.o)
 .rodata        0x000000000806ab89        0x3 /home/andreas/workspace/RIOT-2014.12/examples/rpl_udp/bin/native/net_help.a(inet_ntop.o)
 .rodata        0x000000000806ab8c        0xc /home/andreas/workspace/RIOT-2014.12/examples/rpl_udp/bin/native/rpl.a(rpl.o)
 .rodata        0x000000000806ab98       0x46 /home/andreas/workspace/RIOT-2014.12/examples/rpl_udp/bin/native/rpl.a(trickle.o)
 *fill*         0x000000000806abde        0x2 
 .rodata        0x000000000806abe0       0x4c /home/andreas/workspace/RIOT-2014.12/examples/rpl_udp/bin/native/rpl.a(rpl_storing.o)
 *fill*         0x000000000806ac2c        0x4 
 .rodata        0x000000000806ac30       0x10 /home/andreas/workspace/RIOT-2014.12/examples/rpl_udp/bin/native/rpl.a(of_mrhof.o)
 .rodata        0x000000000806ac40       0x80 /home/andreas/workspace/RIOT-2014.12/examples/rpl_udp/bin/native/shell.a(shell.o)
 .rodata        0x000000000806acc0      0x264 /home/andreas/workspace/RIOT-2014.12/examples/rpl_udp/bin/native/shell_commands.a(shell_commands.o)
                0x000000000806aea0                _shell_command_list
 .rodata        0x000000000806af24      0x233 /home/andreas/workspace/RIOT-2014.12/examples/rpl_udp/bin/native/shell_commands.a(sc_transceiver.o)
 *fill*         0x000000000806b157        0x1 
 .rodata        0x000000000806b158      0x6ed /home/andreas/workspace/RIOT-2014.12/examples/rpl_udp/bin/native/shell_commands.a(sc_net_if.o)
 *fill*         0x000000000806b845        0x3 
 .rodata        0x000000000806b848       0xbf /home/andreas/workspace/RIOT-2014.12/examples/rpl_udp/bin/native/shell_commands.a(sc_rpl.o)
 *fill*         0x000000000806b907        0x1 
 .rodata        0x000000000806b908       0xbf /home/andreas/workspace/RIOT-2014.12/examples/rpl_udp/bin/native/sixlowpan.a(icmp.o)
 *fill*         0x000000000806b9c7        0x1 
 .rodata        0x000000000806b9c8       0x70 /home/andreas/workspace/RIOT-2014.12/examples/rpl_udp/bin/native/sixlowpan.a(ip.o)
 .rodata        0x000000000806ba38       0xc4 /home/andreas/workspace/RIOT-2014.12/examples/rpl_udp/bin/native/sixlowpan.a(lowpan.o)
 .rodata        0x000000000806bafc        0x6 /home/andreas/workspace/RIOT-2014.12/examples/rpl_udp/bin/native/sixlowpan.a(mac.o)
 *fill*         0x000000000806bb02        0x2 
 .rodata        0x000000000806bb04       0xff /home/andreas/workspace/RIOT-2014.12/examples/rpl_udp/bin/native/socket_base.a(socket.o)
 *fill*         0x000000000806bc03        0x1 
 .rodata        0x000000000806bc04       0xc8 /home/andreas/workspace/RIOT-2014.12/examples/rpl_udp/bin/native/transceiver.a(transceiver.o)
 .rodata        0x000000000806bccc       0x18 /home/andreas/workspace/RIOT-2014.12/examples/rpl_udp/bin/native/uart0.a(uart0.o)
 .rodata        0x000000000806bce4       0x96 /home/andreas/workspace/RIOT-2014.12/examples/rpl_udp/bin/native/udp.a(udp.o)
 *fill*         0x000000000806bd7a        0x2 
 .rodata        0x000000000806bd7c       0xb7 /home/andreas/workspace/RIOT-2014.12/examples/rpl_udp/bin/native/ieee802154.a(ieee802154_frame.o)
 .rodata        0x000000000806be33       0x2d /home/andreas/workspace/RIOT-2014.12/examples/rpl_udp/bin/native/net_help.a(inet_pton.o)
 .rodata        0x000000000806be60       0xde /home/andreas/workspace/RIOT-2014.12/examples/rpl_udp/bin/native/ps.a(ps.o)
 *fill*         0x000000000806bf3e        0x2 
 .rodata        0x000000000806bf40       0x78 /home/andreas/workspace/RIOT-2014.12/examples/rpl_udp/bin/native/routing.a(etx_beaconing.o)
 .rodata        0x000000000806bfb8       0x16 /home/andreas/workspace/RIOT-2014.12/examples/rpl_udp/bin/native/sys.a(chardev_thread.o)

.rodata1
 *(.rodata1)

.eh_frame_hdr   0x000000000806bfd0     0x17dc
 *(.eh_frame_hdr)
 .eh_frame_hdr  0x000000000806bfd0     0x17dc /home/andreas/workspace/RIOT-2014.12/examples/rpl_udp/bin/native/cpu/startup.o

.eh_frame       0x000000000806d7ac     0x62a0
 *(.eh_frame)
 .eh_frame      0x000000000806d7ac       0x3c /usr/lib/gcc/x86_64-linux-gnu/4.8/../../../../lib32/crt1.o
                                         0x40 (size before relaxing)
 .eh_frame      0x000000000806d7e8       0xdc /home/andreas/workspace/RIOT-2014.12/examples/rpl_udp/bin/native/cpu/startup.o
                                         0xf4 (size before relaxing)
 .eh_frame      0x000000000806d8c4       0x58 /home/andreas/workspace/RIOT-2014.12/examples/rpl_udp/bin/native/core.a(kernel_init.o)
                                         0x70 (size before relaxing)
 .eh_frame      0x000000000806d91c      0x160 /home/andreas/workspace/RIOT-2014.12/examples/rpl_udp/bin/native/core.a(thread.o)
                                        0x178 (size before relaxing)
 .eh_frame      0x000000000806da7c      0x180 /home/andreas/workspace/RIOT-2014.12/examples/rpl_udp/bin/native/core.a(hwtimer.o)
                                        0x198 (size before relaxing)
 .eh_frame      0x000000000806dbfc       0x80 /home/andreas/workspace/RIOT-2014.12/examples/rpl_udp/bin/native/core.a(lifo.o)
                                         0x98 (size before relaxing)
 .eh_frame      0x000000000806dc7c       0xa0 /home/andreas/workspace/RIOT-2014.12/examples/rpl_udp/bin/native/core.a(mutex.o)
                                         0xb8 (size before relaxing)
 .eh_frame      0x000000000806dd1c       0x60 /home/andreas/workspace/RIOT-2014.12/examples/rpl_udp/bin/native/core.a(priority_queue.o)
                                         0x78 (size before relaxing)
 .eh_frame      0x000000000806dd7c       0x7c /home/andreas/workspace/RIOT-2014.12/examples/rpl_udp/bin/native/core.a(sched.o)
                                         0x94 (size before relaxing)
 .eh_frame      0x000000000806ddf8       0x6c /home/andreas/workspace/RIOT-2014.12/examples/rpl_udp/bin/native/core.a(bitarithm.o)
                                         0x84 (size before relaxing)
 .eh_frame      0x000000000806de64       0x40 /home/andreas/workspace/RIOT-2014.12/examples/rpl_udp/bin/native/core.a(clist.o)
                                         0x58 (size before relaxing)
 .eh_frame      0x000000000806dea4       0x20 /home/andreas/workspace/RIOT-2014.12/examples/rpl_udp/bin/native/cpu.a(atomic_cpu.o)
                                         0x38 (size before relaxing)
 .eh_frame      0x000000000806dec4      0x1d8 /home/andreas/workspace/RIOT-2014.12/examples/rpl_udp/bin/native/cpu.a(hwtimer_cpu.o)
                                        0x1f0 (size before relaxing)
 .eh_frame      0x000000000806e09c      0x25c /home/andreas/workspace/RIOT-2014.12/examples/rpl_udp/bin/native/cpu.a(irq_cpu.o)
                                        0x274 (size before relaxing)
 .eh_frame      0x000000000806e2f8       0xe8 /home/andreas/workspace/RIOT-2014.12/examples/rpl_udp/bin/native/cpu.a(lpm_cpu.o)
                                        0x100 (size before relaxing)
 .eh_frame      0x000000000806e3e0       0xf4 /home/andreas/workspace/RIOT-2014.12/examples/rpl_udp/bin/native/cpu.a(native_cpu.o)
                                        0x10c (size before relaxing)
 .eh_frame      0x000000000806e4d4      0x2fc /home/andreas/workspace/RIOT-2014.12/examples/rpl_udp/bin/native/cpu.a(syscalls.o)
                                        0x314 (size before relaxing)
 .eh_frame      0x000000000806e7d0       0xa0 /home/andreas/workspace/RIOT-2014.12/examples/rpl_udp/bin/native/nativenet.a(tap.o)
                                         0xb8 (size before relaxing)
 .eh_frame      0x000000000806e870      0x24c /home/andreas/workspace/RIOT-2014.12/examples/rpl_udp/bin/native/nativenet.a(interface.o)
                                        0x264 (size before relaxing)
 .eh_frame      0x000000000806eabc      0x2d0 /home/andreas/workspace/RIOT-2014.12/examples/rpl_udp/bin/native/vtimer.a(vtimer.o)
                                        0x2e8 (size before relaxing)
 .eh_frame      0x000000000806ed8c      0x148 /home/andreas/workspace/RIOT-2014.12/examples/rpl_udp/bin/native/native_base.a(native-uart0.o)
                                        0x160 (size before relaxing)
 .eh_frame      0x000000000806eed4       0x20 /home/andreas/workspace/RIOT-2014.12/examples/rpl_udp/bin/native/native_base.a(board_init.o)
                                         0x38 (size before relaxing)
 .eh_frame      0x000000000806eef4       0xc0 /home/andreas/workspace/RIOT-2014.12/examples/rpl_udp/bin/native/native_base.a(native-led.o)
                                         0xd8 (size before relaxing)
 .eh_frame      0x000000000806efb4       0x3c /home/andreas/workspace/RIOT-2014.12/examples/rpl_udp/bin/native/rpl_udp.a(main.o)
                                         0x54 (size before relaxing)
 .eh_frame      0x000000000806eff0       0x60 /home/andreas/workspace/RIOT-2014.12/examples/rpl_udp/bin/native/rpl_udp.a(rpl.o)
                                         0x78 (size before relaxing)
 .eh_frame      0x000000000806f050      0x164 /home/andreas/workspace/RIOT-2014.12/examples/rpl_udp/bin/native/rpl_udp.a(udp.o)
                                        0x17c (size before relaxing)
 .eh_frame      0x000000000806f1b4       0x7c /home/andreas/workspace/RIOT-2014.12/examples/rpl_udp/bin/native/rpl_udp.a(helper.o)
                                         0x94 (size before relaxing)
 .eh_frame      0x000000000806f230       0xc0 /home/andreas/workspace/RIOT-2014.12/examples/rpl_udp/bin/native/auto_init.a(auto_init.o)
                                         0xd8 (size before relaxing)
 .eh_frame      0x000000000806f2f0      0x264 /home/andreas/workspace/RIOT-2014.12/examples/rpl_udp/bin/native/core.a(msg.o)
                                        0x27c (size before relaxing)
 .eh_frame      0x000000000806f554      0x110 /home/andreas/workspace/RIOT-2014.12/examples/rpl_udp/bin/native/hashes.a(hashes.o)
                                        0x128 (size before relaxing)
 .eh_frame      0x000000000806f664       0x70 /home/andreas/workspace/RIOT-2014.12/examples/rpl_udp/bin/native/net_help.a(inet_ntop.o)
                                         0x88 (size before relaxing)
 .eh_frame      0x000000000806f6d4      0x4f4 /home/andreas/workspace/RIOT-2014.12/examples/rpl_udp/bin/native/net_if.a(net_if.o)
                                        0x50c (size before relaxing)
 .eh_frame      0x000000000806fbc8       0x20 /home/andreas/workspace/RIOT-2014.12/examples/rpl_udp/bin/native/periph.a(cpuid.o)
                                         0x38 (size before relaxing)
 .eh_frame      0x000000000806fbe8       0xc0 /home/andreas/workspace/RIOT-2014.12/examples/rpl_udp/bin/native/posix.a(posix_io.o)
                                         0xd8 (size before relaxing)
 .eh_frame      0x000000000806fca8      0x320 /home/andreas/workspace/RIOT-2014.12/examples/rpl_udp/bin/native/rpl.a(rpl.o)
                                        0x338 (size before relaxing)
 .eh_frame      0x000000000806ffc8      0x2d4 /home/andreas/workspace/RIOT-2014.12/examples/rpl_udp/bin/native/rpl.a(rpl_dodag.o)
                                        0x2ec (size before relaxing)
 .eh_frame      0x000000000807029c       0x40 /home/andreas/workspace/RIOT-2014.12/examples/rpl_udp/bin/native/rpl.a(rpl_of_manager.o)
                                         0x58 (size before relaxing)
 .eh_frame      0x00000000080702dc      0x1f8 /home/andreas/workspace/RIOT-2014.12/examples/rpl_udp/bin/native/rpl.a(trickle.o)
                                        0x210 (size before relaxing)
 .eh_frame      0x00000000080704d4      0x530 /home/andreas/workspace/RIOT-2014.12/examples/rpl_udp/bin/native/rpl.a(rpl_storing.o)
                                        0x548 (size before relaxing)
 .eh_frame      0x0000000008070a04       0xa0 /home/andreas/workspace/RIOT-2014.12/examples/rpl_udp/bin/native/rpl.a(of0.o)
                                         0xb8 (size before relaxing)
 .eh_frame      0x0000000008070aa4       0xc0 /home/andreas/workspace/RIOT-2014.12/examples/rpl_udp/bin/native/rpl.a(of_mrhof.o)
                                         0xd8 (size before relaxing)
 .eh_frame      0x0000000008070b64       0xe8 /home/andreas/workspace/RIOT-2014.12/examples/rpl_udp/bin/native/shell.a(shell.o)
                                        0x100 (size before relaxing)
 .eh_frame      0x0000000008070c4c       0x20 /home/andreas/workspace/RIOT-2014.12/examples/rpl_udp/bin/native/shell_commands.a(sc_sys.o)
                                         0x38 (size before relaxing)
 .eh_frame      0x0000000008070c6c       0xc0 /home/andreas/workspace/RIOT-2014.12/examples/rpl_udp/bin/native/shell_commands.a(sc_transceiver.o)
                                         0xd8 (size before relaxing)
 .eh_frame      0x0000000008070d2c      0x3c0 /home/andreas/workspace/RIOT-2014.12/examples/rpl_udp/bin/native/shell_commands.a(sc_net_if.o)
                                        0x3d8 (size before relaxing)
 .eh_frame      0x00000000080710ec       0x20 /home/andreas/workspace/RIOT-2014.12/examples/rpl_udp/bin/native/shell_commands.a(sc_ps.o)
                                         0x38 (size before relaxing)
 .eh_frame      0x000000000807110c       0x40 /home/andreas/workspace/RIOT-2014.12/examples/rpl_udp/bin/native/shell_commands.a(sc_rpl.o)
                                         0x58 (size before relaxing)
 .eh_frame      0x000000000807114c      0x924 /home/andreas/workspace/RIOT-2014.12/examples/rpl_udp/bin/native/sixlowpan.a(icmp.o)
                                        0x93c (size before relaxing)
 .eh_frame      0x0000000008071a70      0x6a0 /home/andreas/workspace/RIOT-2014.12/examples/rpl_udp/bin/native/sixlowpan.a(ip.o)
                                        0x6b8 (size before relaxing)
 .eh_frame      0x0000000008072110      0x658 /home/andreas/workspace/RIOT-2014.12/examples/rpl_udp/bin/native/sixlowpan.a(lowpan.o)
                                        0x670 (size before relaxing)
 .eh_frame      0x0000000008072768      0x260 /home/andreas/workspace/RIOT-2014.12/examples/rpl_udp/bin/native/sixlowpan.a(mac.o)
                                        0x278 (size before relaxing)
 .eh_frame      0x00000000080729c8       0xc0 /home/andreas/workspace/RIOT-2014.12/examples/rpl_udp/bin/native/sixlowpan.a(serialnumber.o)
                                         0xd8 (size before relaxing)
 .eh_frame      0x0000000008072a88      0x424 /home/andreas/workspace/RIOT-2014.12/examples/rpl_udp/bin/native/socket_base.a(socket.o)
                                        0x43c (size before relaxing)
 .eh_frame      0x0000000008072eac       0x88 /home/andreas/workspace/RIOT-2014.12/examples/rpl_udp/bin/native/timex.a(timex.o)
                                         0xa0 (size before relaxing)
 .eh_frame      0x0000000008072f34      0x260 /home/andreas/workspace/RIOT-2014.12/examples/rpl_udp/bin/native/transceiver.a(transceiver.o)
                                        0x278 (size before relaxing)
 .eh_frame      0x0000000008073194       0xc0 /home/andreas/workspace/RIOT-2014.12/examples/rpl_udp/bin/native/uart0.a(uart0.o)
                                         0xd8 (size before relaxing)
 .eh_frame      0x0000000008073254      0x1c8 /home/andreas/workspace/RIOT-2014.12/examples/rpl_udp/bin/native/udp.a(udp.o)
                                        0x1e0 (size before relaxing)
 .eh_frame      0x000000000807341c       0x20 /home/andreas/workspace/RIOT-2014.12/examples/rpl_udp/bin/native/core.a(reboot.o)
                                         0x38 (size before relaxing)
 .eh_frame      0x000000000807343c      0x170 /home/andreas/workspace/RIOT-2014.12/examples/rpl_udp/bin/native/core.a(ringbuffer.o)
                                        0x188 (size before relaxing)
 .eh_frame      0x00000000080735ac       0xbc /home/andreas/workspace/RIOT-2014.12/examples/rpl_udp/bin/native/ieee802154.a(ieee802154_frame.o)
                                         0xd4 (size before relaxing)
 .eh_frame      0x0000000008073668       0x68 /home/andreas/workspace/RIOT-2014.12/examples/rpl_udp/bin/native/net_help.a(inet_pton.o)
                                         0x80 (size before relaxing)
 .eh_frame      0x00000000080736d0       0x20 /home/andreas/workspace/RIOT-2014.12/examples/rpl_udp/bin/native/net_help.a(net_help.o)
                                         0x38 (size before relaxing)
 .eh_frame      0x00000000080736f0       0x2c /home/andreas/workspace/RIOT-2014.12/examples/rpl_udp/bin/native/ps.a(ps.o)
                                         0x44 (size before relaxing)
 .eh_frame      0x000000000807371c      0x260 /home/andreas/workspace/RIOT-2014.12/examples/rpl_udp/bin/native/routing.a(etx_beaconing.o)
                                        0x278 (size before relaxing)
 .eh_frame      0x000000000807397c       0x7c /home/andreas/workspace/RIOT-2014.12/examples/rpl_udp/bin/native/sys.a(chardev_thread.o)
                                         0x94 (size before relaxing)
 .eh_frame      0x00000000080739f8       0x50 /usr/lib32/libc_nonshared.a(elf-init.oS)
                                         0x7c (size before relaxing)
 .eh_frame      0x0000000008073a48        0x4 /usr/lib/gcc/x86_64-linux-gnu/4.8/32/crtend.o

.gcc_except_table
 *(.gcc_except_table .gcc_except_table.*)

.exception_ranges
 *(.exception_ranges .exception_ranges*)
                0x0000000008073a4c                . = (ALIGN (0x1000) - ((0x1000 - .) & 0xfff))
                0x0000000008074efc                . = DATA_SEGMENT_ALIGN (0x1000, 0x1000)

.eh_frame
 *(.eh_frame)

.gcc_except_table
 *(.gcc_except_table .gcc_except_table.*)

.exception_ranges
 *(.exception_ranges .exception_ranges*)

.tdata
 *(.tdata .tdata.* .gnu.linkonce.td.*)

.tbss
 *(.tbss .tbss.* .gnu.linkonce.tb.*)
 *(.tcommon)

.preinit_array  0x0000000008074efc        0x0
                0x0000000008074efc                PROVIDE (__preinit_array_start, .)
 *(.preinit_array)
                0x0000000008074efc                PROVIDE (__preinit_array_end, .)

.init_array     0x0000000008074efc        0x8
                0x0000000008074efc                PROVIDE (__init_array_start, .)
 *(SORT(.init_array.*) SORT(.ctors.*))
 *(.init_array EXCLUDE_FILE(*crtend?.o *crtend.o *crtbegin?.o *crtbegin.o) .ctors)
 .init_array    0x0000000008074efc        0x4 /usr/lib/gcc/x86_64-linux-gnu/4.8/32/crtbegin.o
 .init_array    0x0000000008074f00        0x4 /home/andreas/workspace/RIOT-2014.12/examples/rpl_udp/bin/native/cpu/startup.o
                0x0000000008074f04                PROVIDE (__init_array_end, .)

.fini_array     0x0000000008074f04        0x4
                0x0000000008074f04                PROVIDE (__fini_array_start, .)
 *(SORT(.fini_array.*) SORT(.dtors.*))
 *(.fini_array EXCLUDE_FILE(*crtend?.o *crtend.o *crtbegin?.o *crtbegin.o) .dtors)
 .fini_array    0x0000000008074f04        0x4 /usr/lib/gcc/x86_64-linux-gnu/4.8/32/crtbegin.o
                0x0000000008074f08                PROVIDE (__fini_array_end, .)

.ctors
 *crtbegin.o(.ctors)
 *crtbegin?.o(.ctors)
 *(EXCLUDE_FILE(*crtend?.o *crtend.o) .ctors)
 *(SORT(.ctors.*))
 *(.ctors)

.dtors
 *crtbegin.o(.dtors)
 *crtbegin?.o(.dtors)
 *(EXCLUDE_FILE(*crtend?.o *crtend.o) .dtors)
 *(SORT(.dtors.*))
 *(.dtors)

.jcr            0x0000000008074f08        0x4
 *(.jcr)
 .jcr           0x0000000008074f08        0x0 /usr/lib/gcc/x86_64-linux-gnu/4.8/32/crtbegin.o
 .jcr           0x0000000008074f08        0x4 /usr/lib/gcc/x86_64-linux-gnu/4.8/32/crtend.o

.data.rel.ro
 *(.data.rel.ro.local* .gnu.linkonce.d.rel.ro.local.*)
 *(.data.rel.ro .data.rel.ro.* .gnu.linkonce.d.rel.ro.*)

.dynamic        0x0000000008074f0c       0xf0
 *(.dynamic)
 .dynamic       0x0000000008074f0c       0xf0 /usr/lib/gcc/x86_64-linux-gnu/4.8/../../../../lib32/crt1.o
                0x0000000008074f0c                _DYNAMIC

.got            0x0000000008074ffc        0x4
 *(.got)
 .got           0x0000000008074ffc        0x4 /usr/lib/gcc/x86_64-linux-gnu/4.8/../../../../lib32/crt1.o
 *(.igot)
                0x0000000008075ff4                . = DATA_SEGMENT_RELRO_END (., (SIZEOF (.got.plt) >= 0xc)?0xc:0x0)

.got.plt        0x0000000008075000       0xb4
 *(.got.plt)
 .got.plt       0x0000000008075000       0xb4 /usr/lib/gcc/x86_64-linux-gnu/4.8/../../../../lib32/crt1.o
                0x0000000008075000                _GLOBAL_OFFSET_TABLE_
 *(.igot.plt)
 .igot.plt      0x0000000000000000        0x0 /usr/lib/gcc/x86_64-linux-gnu/4.8/../../../../lib32/crt1.o

.data           0x00000000080750c0       0xe0
 *(.data .data.* .gnu.linkonce.d.*)
 .data          0x00000000080750c0        0x4 /usr/lib/gcc/x86_64-linux-gnu/4.8/../../../../lib32/crt1.o
                0x00000000080750c0                data_start
                0x00000000080750c0                __data_start
 .data          0x00000000080750c4        0x0 /usr/lib/gcc/x86_64-linux-gnu/4.8/../../../../lib32/crti.o
 .data          0x00000000080750c4        0x4 /usr/lib/gcc/x86_64-linux-gnu/4.8/32/crtbegin.o
                0x00000000080750c4                __dso_handle
 .data          0x00000000080750c8        0x0 /home/andreas/workspace/RIOT-2014.12/examples/rpl_udp/bin/native/cpu/startup.o
 .data          0x00000000080750c8        0x8 /home/andreas/workspace/RIOT-2014.12/examples/rpl_udp/bin/native/core.a(kernel_init.o)
                0x00000000080750c8                main_name
                0x00000000080750cc                idle_name
 .data          0x00000000080750d0        0x0 /home/andreas/workspace/RIOT-2014.12/examples/rpl_udp/bin/native/core.a(thread.o)
 .data          0x00000000080750d0        0x0 /home/andreas/workspace/RIOT-2014.12/examples/rpl_udp/bin/native/core.a(hwtimer.o)
 .data          0x00000000080750d0        0x0 /home/andreas/workspace/RIOT-2014.12/examples/rpl_udp/bin/native/core.a(lifo.o)
 .data          0x00000000080750d0        0x0 /home/andreas/workspace/RIOT-2014.12/examples/rpl_udp/bin/native/core.a(mutex.o)
 .data          0x00000000080750d0        0x0 /home/andreas/workspace/RIOT-2014.12/examples/rpl_udp/bin/native/core.a(priority_queue.o)
 .data          0x00000000080750d0        0x0 /home/andreas/workspace/RIOT-2014.12/examples/rpl_udp/bin/native/core.a(sched.o)
 .data          0x00000000080750d0        0x0 /home/andreas/workspace/RIOT-2014.12/examples/rpl_udp/bin/native/core.a(bitarithm.o)
 .data          0x00000000080750d0        0x0 /home/andreas/workspace/RIOT-2014.12/examples/rpl_udp/bin/native/core.a(clist.o)
 .data          0x00000000080750d0        0x0 /home/andreas/workspace/RIOT-2014.12/examples/rpl_udp/bin/native/cpu.a(atomic_cpu.o)
 .data          0x00000000080750d0        0x4 /home/andreas/workspace/RIOT-2014.12/examples/rpl_udp/bin/native/cpu.a(hwtimer_cpu.o)
 .data          0x00000000080750d4        0x0 /home/andreas/workspace/RIOT-2014.12/examples/rpl_udp/bin/native/cpu.a(irq_cpu.o)
 .data          0x00000000080750d4        0x0 /home/andreas/workspace/RIOT-2014.12/examples/rpl_udp/bin/native/cpu.a(lpm_cpu.o)
 .data          0x00000000080750d4        0x0 /home/andreas/workspace/RIOT-2014.12/examples/rpl_udp/bin/native/cpu.a(native_cpu.o)
 .data          0x00000000080750d4        0x0 /home/andreas/workspace/RIOT-2014.12/examples/rpl_udp/bin/native/cpu.a(syscalls.o)
 .data          0x00000000080750d4        0x0 /home/andreas/workspace/RIOT-2014.12/examples/rpl_udp/bin/native/cpu.a(tramp.o)
 .data          0x00000000080750d4        0x4 /home/andreas/workspace/RIOT-2014.12/examples/rpl_udp/bin/native/nativenet.a(tap.o)
                0x00000000080750d4                _native_tap_fd
 .data          0x00000000080750d8        0xc /home/andreas/workspace/RIOT-2014.12/examples/rpl_udp/bin/native/nativenet.a(interface.o)
                0x00000000080750d8                nativenet_default_dev
 .data          0x00000000080750e4        0x4 /home/andreas/workspace/RIOT-2014.12/examples/rpl_udp/bin/native/vtimer.a(vtimer.o)
 .data          0x00000000080750e8        0x0 /home/andreas/workspace/RIOT-2014.12/examples/rpl_udp/bin/native/native_base.a(native-uart0.o)
 .data          0x00000000080750e8        0x0 /home/andreas/workspace/RIOT-2014.12/examples/rpl_udp/bin/native/native_base.a(board_init.o)
 .data          0x00000000080750e8        0x0 /home/andreas/workspace/RIOT-2014.12/examples/rpl_udp/bin/native/native_base.a(native-led.o)
 .data          0x00000000080750e8        0x0 /home/andreas/workspace/RIOT-2014.12/examples/rpl_udp/bin/native/rpl_udp.a(main.o)
 .data          0x00000000080750e8        0x0 /home/andreas/workspace/RIOT-2014.12/examples/rpl_udp/bin/native/rpl_udp.a(rpl.o)
 .data          0x00000000080750e8        0x0 /home/andreas/workspace/RIOT-2014.12/examples/rpl_udp/bin/native/rpl_udp.a(udp.o)
 .data          0x00000000080750e8        0x0 /home/andreas/workspace/RIOT-2014.12/examples/rpl_udp/bin/native/rpl_udp.a(helper.o)
 .data          0x00000000080750e8        0x0 /home/andreas/workspace/RIOT-2014.12/examples/rpl_udp/bin/native/auto_init.a(auto_init.o)
 .data          0x00000000080750e8        0x0 /home/andreas/workspace/RIOT-2014.12/examples/rpl_udp/bin/native/core.a(msg.o)
 .data          0x00000000080750e8        0x0 /home/andreas/workspace/RIOT-2014.12/examples/rpl_udp/bin/native/hashes.a(hashes.o)
 .data          0x00000000080750e8        0x0 /home/andreas/workspace/RIOT-2014.12/examples/rpl_udp/bin/native/net_help.a(inet_ntop.o)
 .data          0x00000000080750e8        0x0 /home/andreas/workspace/RIOT-2014.12/examples/rpl_udp/bin/native/net_if.a(net_if.o)
 .data          0x00000000080750e8        0x0 /home/andreas/workspace/RIOT-2014.12/examples/rpl_udp/bin/native/periph.a(cpuid.o)
 .data          0x00000000080750e8        0x0 /home/andreas/workspace/RIOT-2014.12/examples/rpl_udp/bin/native/posix.a(posix_io.o)
 .data          0x00000000080750e8        0x0 /home/andreas/workspace/RIOT-2014.12/examples/rpl_udp/bin/native/rpl.a(rpl.o)
 .data          0x00000000080750e8        0x0 /home/andreas/workspace/RIOT-2014.12/examples/rpl_udp/bin/native/rpl.a(rpl_dodag.o)
 .data          0x00000000080750e8        0x0 /home/andreas/workspace/RIOT-2014.12/examples/rpl_udp/bin/native/rpl.a(rpl_of_manager.o)
 .data          0x00000000080750e8        0x0 /home/andreas/workspace/RIOT-2014.12/examples/rpl_udp/bin/native/rpl.a(trickle.o)
 .data          0x00000000080750e8        0x0 /home/andreas/workspace/RIOT-2014.12/examples/rpl_udp/bin/native/rpl.a(rpl_storing.o)
 *fill*         0x00000000080750e8       0x18 
 .data          0x0000000008075100       0x20 /home/andreas/workspace/RIOT-2014.12/examples/rpl_udp/bin/native/rpl.a(of0.o)
                0x0000000008075100                rpl_of0
 .data          0x0000000008075120       0x40 /home/andreas/workspace/RIOT-2014.12/examples/rpl_udp/bin/native/rpl.a(of_mrhof.o)
                0x0000000008075120                cur_min_path_cost
                0x0000000008075140                rpl_of_mrhof
 .data          0x0000000008075160        0x4 /home/andreas/workspace/RIOT-2014.12/examples/rpl_udp/bin/native/shell.a(shell.o)
 .data          0x0000000008075164        0x0 /home/andreas/workspace/RIOT-2014.12/examples/rpl_udp/bin/native/shell_commands.a(shell_commands.o)
 .data          0x0000000008075164        0x0 /home/andreas/workspace/RIOT-2014.12/examples/rpl_udp/bin/native/shell_commands.a(sc_sys.o)
 .data          0x0000000008075164        0x0 /home/andreas/workspace/RIOT-2014.12/examples/rpl_udp/bin/native/shell_commands.a(sc_transceiver.o)
 .data          0x0000000008075164        0x0 /home/andreas/workspace/RIOT-2014.12/examples/rpl_udp/bin/native/shell_commands.a(sc_net_if.o)
 .data          0x0000000008075164        0x0 /home/andreas/workspace/RIOT-2014.12/examples/rpl_udp/bin/native/shell_commands.a(sc_ps.o)
 .data          0x0000000008075164        0x0 /home/andreas/workspace/RIOT-2014.12/examples/rpl_udp/bin/native/shell_commands.a(sc_rpl.o)
 .data          0x0000000008075164        0x0 /home/andreas/workspace/RIOT-2014.12/examples/rpl_udp/bin/native/sixlowpan.a(icmp.o)
 .data          0x0000000008075164        0x1 /home/andreas/workspace/RIOT-2014.12/examples/rpl_udp/bin/native/sixlowpan.a(ip.o)
 .data          0x0000000008075165        0x1 /home/andreas/workspace/RIOT-2014.12/examples/rpl_udp/bin/native/sixlowpan.a(lowpan.o)
 .data          0x0000000008075166        0x0 /home/andreas/workspace/RIOT-2014.12/examples/rpl_udp/bin/native/sixlowpan.a(mac.o)
 .data          0x0000000008075166        0x0 /home/andreas/workspace/RIOT-2014.12/examples/rpl_udp/bin/native/sixlowpan.a(serialnumber.o)
 .data          0x0000000008075166        0x0 /home/andreas/workspace/RIOT-2014.12/examples/rpl_udp/bin/native/socket_base.a(socket.o)
 .data          0x0000000008075166        0x0 /home/andreas/workspace/RIOT-2014.12/examples/rpl_udp/bin/native/timex.a(timex.o)
 .data          0x0000000008075166        0x0 /home/andreas/workspace/RIOT-2014.12/examples/rpl_udp/bin/native/transceiver.a(transceiver.o)
 .data          0x0000000008075166        0x0 /home/andreas/workspace/RIOT-2014.12/examples/rpl_udp/bin/native/uart0.a(uart0.o)
 .data          0x0000000008075166        0x0 /home/andreas/workspace/RIOT-2014.12/examples/rpl_udp/bin/native/udp.a(udp.o)
 .data          0x0000000008075166        0x0 /home/andreas/workspace/RIOT-2014.12/examples/rpl_udp/bin/native/core.a(reboot.o)
 .data          0x0000000008075166        0x0 /home/andreas/workspace/RIOT-2014.12/examples/rpl_udp/bin/native/core.a(ringbuffer.o)
 .data          0x0000000008075166        0x0 /home/andreas/workspace/RIOT-2014.12/examples/rpl_udp/bin/native/ieee802154.a(ieee802154_frame.o)
 .data          0x0000000008075166        0x0 /home/andreas/workspace/RIOT-2014.12/examples/rpl_udp/bin/native/net_help.a(inet_pton.o)
 .data          0x0000000008075166        0x0 /home/andreas/workspace/RIOT-2014.12/examples/rpl_udp/bin/native/net_help.a(net_help.o)
 *fill*         0x0000000008075166       0x1a 
 .data          0x0000000008075180       0x20 /home/andreas/workspace/RIOT-2014.12/examples/rpl_udp/bin/native/ps.a(ps.o)
                0x0000000008075180                state_names
 .data          0x00000000080751a0        0x0 /home/andreas/workspace/RIOT-2014.12/examples/rpl_udp/bin/native/routing.a(etx_beaconing.o)
 .data          0x00000000080751a0        0x0 /home/andreas/workspace/RIOT-2014.12/examples/rpl_udp/bin/native/sys.a(chardev_thread.o)
 .data          0x00000000080751a0        0x0 /usr/lib32/libc_nonshared.a(elf-init.oS)
 .data          0x00000000080751a0        0x0 /usr/lib/gcc/x86_64-linux-gnu/4.8/32/crtend.o
 .data          0x00000000080751a0        0x0 /usr/lib/gcc/x86_64-linux-gnu/4.8/../../../../lib32/crtn.o

.tm_clone_table
                0x00000000080751a0        0x0
 .tm_clone_table
                0x00000000080751a0        0x0 /usr/lib/gcc/x86_64-linux-gnu/4.8/32/crtbegin.o
 .tm_clone_table
                0x00000000080751a0        0x0 /usr/lib/gcc/x86_64-linux-gnu/4.8/32/crtend.o

.data1
 *(.data1)
                0x00000000080751a0                _edata = .
                0x00000000080751a0                PROVIDE (edata, .)
                0x00000000080751a0                . = .
                0x00000000080751a0                __bss_start = .

.bss            0x00000000080751a0    0x4b5ec
 *(.dynbss)
 .dynbss        0x0000000000000000        0x0 /usr/lib/gcc/x86_64-linux-gnu/4.8/../../../../lib32/crt1.o
 *(.bss .bss.* .gnu.linkonce.b.*)
 .bss           0x00000000080751a0        0x0 /usr/lib/gcc/x86_64-linux-gnu/4.8/../../../../lib32/crt1.o
 .bss           0x00000000080751a0        0x0 /usr/lib/gcc/x86_64-linux-gnu/4.8/../../../../lib32/crti.o
 .bss           0x00000000080751a0        0x1 /usr/lib/gcc/x86_64-linux-gnu/4.8/32/crtbegin.o
 *fill*         0x00000000080751a1        0x3 
 .bss           0x00000000080751a4        0x4 /home/andreas/workspace/RIOT-2014.12/examples/rpl_udp/bin/native/cpu/startup.o
                0x00000000080751a4                _native_unix_socket_path
 *fill*         0x00000000080751a8       0x18 
 .bss           0x00000000080751c0     0x6020 /home/andreas/workspace/RIOT-2014.12/examples/rpl_udp/bin/native/core.a(kernel_init.o)
                0x00000000080751c0                lpm_prevent_sleep
 .bss           0x000000000807b1e0        0x0 /home/andreas/workspace/RIOT-2014.12/examples/rpl_udp/bin/native/core.a(thread.o)
 .bss           0x000000000807b1e0       0x34 /home/andreas/workspace/RIOT-2014.12/examples/rpl_udp/bin/native/core.a(hwtimer.o)
 .bss           0x000000000807b214        0x0 /home/andreas/workspace/RIOT-2014.12/examples/rpl_udp/bin/native/core.a(lifo.o)
 .bss           0x000000000807b214        0x0 /home/andreas/workspace/RIOT-2014.12/examples/rpl_udp/bin/native/core.a(mutex.o)
 .bss           0x000000000807b214        0x0 /home/andreas/workspace/RIOT-2014.12/examples/rpl_udp/bin/native/core.a(priority_queue.o)
 .bss           0x000000000807b214        0xc /home/andreas/workspace/RIOT-2014.12/examples/rpl_udp/bin/native/core.a(sched.o)
                0x000000000807b214                sched_num_threads
                0x000000000807b218                sched_active_pid
 .bss           0x000000000807b220        0x0 /home/andreas/workspace/RIOT-2014.12/examples/rpl_udp/bin/native/core.a(bitarithm.o)
 .bss           0x000000000807b220        0x0 /home/andreas/workspace/RIOT-2014.12/examples/rpl_udp/bin/native/core.a(clist.o)
 .bss           0x000000000807b220        0x0 /home/andreas/workspace/RIOT-2014.12/examples/rpl_udp/bin/native/cpu.a(atomic_cpu.o)
 .bss           0x000000000807b220       0x74 /home/andreas/workspace/RIOT-2014.12/examples/rpl_udp/bin/native/cpu.a(hwtimer_cpu.o)
 *fill*         0x000000000807b294        0xc 
 .bss           0x000000000807b2a0      0x508 /home/andreas/workspace/RIOT-2014.12/examples/rpl_udp/bin/native/cpu.a(irq_cpu.o)
 .bss           0x000000000807b7a8        0x4 /home/andreas/workspace/RIOT-2014.12/examples/rpl_udp/bin/native/cpu.a(lpm_cpu.o)
 .bss           0x000000000807b7ac        0x0 /home/andreas/workspace/RIOT-2014.12/examples/rpl_udp/bin/native/cpu.a(native_cpu.o)
 .bss           0x000000000807b7ac        0x0 /home/andreas/workspace/RIOT-2014.12/examples/rpl_udp/bin/native/cpu.a(syscalls.o)
 .bss           0x000000000807b7ac        0x0 /home/andreas/workspace/RIOT-2014.12/examples/rpl_udp/bin/native/cpu.a(tramp.o)
 .bss           0x000000000807b7ac        0x0 /home/andreas/workspace/RIOT-2014.12/examples/rpl_udp/bin/native/nativenet.a(tap.o)
 *fill*         0x000000000807b7ac       0x14 
 .bss           0x000000000807b7c0      0x400 /home/andreas/workspace/RIOT-2014.12/examples/rpl_udp/bin/native/nativenet.a(interface.o)
 .bss           0x000000000807bbc0       0x54 /home/andreas/workspace/RIOT-2014.12/examples/rpl_udp/bin/native/vtimer.a(vtimer.o)
 .bss           0x000000000807bc14        0x0 /home/andreas/workspace/RIOT-2014.12/examples/rpl_udp/bin/native/native_base.a(native-uart0.o)
 .bss           0x000000000807bc14        0x0 /home/andreas/workspace/RIOT-2014.12/examples/rpl_udp/bin/native/native_base.a(board_init.o)
 .bss           0x000000000807bc14        0x0 /home/andreas/workspace/RIOT-2014.12/examples/rpl_udp/bin/native/native_base.a(native-led.o)
 .bss           0x000000000807bc14        0x0 /home/andreas/workspace/RIOT-2014.12/examples/rpl_udp/bin/native/rpl_udp.a(main.o)
 .bss           0x000000000807bc14        0x1 /home/andreas/workspace/RIOT-2014.12/examples/rpl_udp/bin/native/rpl_udp.a(rpl.o)
                0x000000000807bc14                is_root
 .bss           0x000000000807bc15        0x0 /home/andreas/workspace/RIOT-2014.12/examples/rpl_udp/bin/native/rpl_udp.a(udp.o)
 .bss           0x000000000807bc15        0x0 /home/andreas/workspace/RIOT-2014.12/examples/rpl_udp/bin/native/rpl_udp.a(helper.o)
 .bss           0x000000000807bc15        0x0 /home/andreas/workspace/RIOT-2014.12/examples/rpl_udp/bin/native/auto_init.a(auto_init.o)
 .bss           0x000000000807bc15        0x0 /home/andreas/workspace/RIOT-2014.12/examples/rpl_udp/bin/native/core.a(msg.o)
 .bss           0x000000000807bc15        0x0 /home/andreas/workspace/RIOT-2014.12/examples/rpl_udp/bin/native/hashes.a(hashes.o)
 .bss           0x000000000807bc15        0x0 /home/andreas/workspace/RIOT-2014.12/examples/rpl_udp/bin/native/net_help.a(inet_ntop.o)
 .bss           0x000000000807bc15        0x0 /home/andreas/workspace/RIOT-2014.12/examples/rpl_udp/bin/native/net_if.a(net_if.o)
 .bss           0x000000000807bc15        0x0 /home/andreas/workspace/RIOT-2014.12/examples/rpl_udp/bin/native/periph.a(cpuid.o)
 .bss           0x000000000807bc15        0x0 /home/andreas/workspace/RIOT-2014.12/examples/rpl_udp/bin/native/posix.a(posix_io.o)
 *fill*         0x000000000807bc15        0x3 
 .bss           0x000000000807bc18        0xc /home/andreas/workspace/RIOT-2014.12/examples/rpl_udp/bin/native/rpl.a(rpl.o)
                0x000000000807bc18                rpl_process_pid
                0x000000000807bc1c                rpl_send_mutex
 .bss           0x000000000807bc24        0x0 /home/andreas/workspace/RIOT-2014.12/examples/rpl_udp/bin/native/rpl.a(rpl_dodag.o)
 .bss           0x000000000807bc24        0x0 /home/andreas/workspace/RIOT-2014.12/examples/rpl_udp/bin/native/rpl.a(rpl_of_manager.o)
 *fill*         0x000000000807bc24       0x1c 
 .bss           0x000000000807bc40     0xe020 /home/andreas/workspace/RIOT-2014.12/examples/rpl_udp/bin/native/rpl.a(trickle.o)
                0x000000000807bc40                timer_over_pid
                0x000000000807bc42                interval_over_pid
                0x000000000807bc44                dao_delay_over_pid
                0x000000000807bc46                rt_timer_over_pid
 .bss           0x0000000008089c60      0x170 /home/andreas/workspace/RIOT-2014.12/examples/rpl_udp/bin/native/rpl.a(rpl_storing.o)
 .bss           0x0000000008089dd0        0x0 /home/andreas/workspace/RIOT-2014.12/examples/rpl_udp/bin/native/rpl.a(of0.o)
 .bss           0x0000000008089dd0        0x4 /home/andreas/workspace/RIOT-2014.12/examples/rpl_udp/bin/native/rpl.a(of_mrhof.o)
                0x0000000008089dd0                cur_preferred_parent
 .bss           0x0000000008089dd4        0x0 /home/andreas/workspace/RIOT-2014.12/examples/rpl_udp/bin/native/shell.a(shell.o)