Archive member included because of file (symbol)

./build/core.a(exception_vectors.o)
                              (call_user_start)
./build/core.a(app_main.o)    ./build/core.a(exception_vectors.o) (sdk_user_fatal_exception_handler)
../../libc/xtensa-lx106-elf/lib/libc.a(lib_a-malloc.o)
                              ./build/core.a(app_main.o) (malloc)
../../libc/xtensa-lx106-elf/lib/libc.a(lib_a-memcpy.o)
                              ./build/core.a(app_main.o) (memcpy)
../../libc/xtensa-lx106-elf/lib/libc.a(lib_a-memset.o)
                              ./build/core.a(app_main.o) (memset)
../../libc/xtensa-lx106-elf/lib/libc.a(lib_a-nano-freer.o)
                              ../../libc/xtensa-lx106-elf/lib/libc.a(lib_a-malloc.o) (_free_r)
../../libc/xtensa-lx106-elf/lib/libc.a(lib_a-nano-mallocr.o)
                              ../../libc/xtensa-lx106-elf/lib/libc.a(lib_a-nano-freer.o) (__malloc_free_list)
../../libc/xtensa-lx106-elf/lib/libc.a(lib_a-printf.o)
                              ./build/core.a(app_main.o) (printf)
../../libc/xtensa-lx106-elf/lib/libc.a(lib_a-putchar.o)
                              ./build/core.a(app_main.o) (putchar)
../../libc/xtensa-lx106-elf/lib/libc.a(lib_a-putc.o)
                              ../../libc/xtensa-lx106-elf/lib/libc.a(lib_a-putchar.o) (_putc_r)
../../libc/xtensa-lx106-elf/lib/libc.a(lib_a-puts.o)
                              ./build/core.a(app_main.o) (puts)
../../libc/xtensa-lx106-elf/lib/libc.a(lib_a-strlen.o)
                              ../../libc/xtensa-lx106-elf/lib/libc.a(lib_a-puts.o) (strlen)
../../libc/xtensa-lx106-elf/lib/libc.a(lib_a-wbuf.o)
                              ../../libc/xtensa-lx106-elf/lib/libc.a(lib_a-putc.o) (__swbuf_r)
../../libc/xtensa-lx106-elf/lib/libc.a(lib_a-wsetup.o)
                              ../../libc/xtensa-lx106-elf/lib/libc.a(lib_a-wbuf.o) (__swsetup_r)
../../libc/xtensa-lx106-elf/lib/libc.a(lock.o)
                              ../../libc/xtensa-lx106-elf/lib/libc.a(lib_a-putc.o) (_lock_acquire_recursive)
../../libc/xtensa-lx106-elf/lib/libc.a(lib_a-fflush.o)
                              ../../libc/xtensa-lx106-elf/lib/libc.a(lib_a-wbuf.o) (_fflush_r)
../../libc/xtensa-lx106-elf/lib/libc.a(lib_a-findfp.o)
                              ../../libc/xtensa-lx106-elf/lib/libc.a(lib_a-putc.o) (__sinit)
../../libc/xtensa-lx106-elf/lib/libc.a(lib_a-fvwrite.o)
                              ../../libc/xtensa-lx106-elf/lib/libc.a(lib_a-puts.o) (__sfvwrite_r)
../../libc/xtensa-lx106-elf/lib/libc.a(lib_a-fwalk.o)
                              ../../libc/xtensa-lx106-elf/lib/libc.a(lib_a-findfp.o) (_fwalk)
../../libc/xtensa-lx106-elf/lib/libc.a(lib_a-impure.o)
                              ../../libc/xtensa-lx106-elf/lib/libc.a(lib_a-fflush.o) (_global_impure_ptr)
../../libc/xtensa-lx106-elf/lib/libc.a(lib_a-makebuf.o)
                              ../../libc/xtensa-lx106-elf/lib/libc.a(lib_a-wsetup.o) (__smakebuf_r)
../../libc/xtensa-lx106-elf/lib/libc.a(lib_a-memchr.o)
                              ../../libc/xtensa-lx106-elf/lib/libc.a(lib_a-fvwrite.o) (memchr)
../../libc/xtensa-lx106-elf/lib/libc.a(lib_a-memmove.o)
                              ../../libc/xtensa-lx106-elf/lib/libc.a(lib_a-fvwrite.o) (memmove)
../../libc/xtensa-lx106-elf/lib/libc.a(lib_a-nano-reallocr.o)
                              ../../libc/xtensa-lx106-elf/lib/libc.a(lib_a-fvwrite.o) (_realloc_r)
../../libc/xtensa-lx106-elf/lib/libc.a(lib_a-nano-vfprintf.o)
                              ../../libc/xtensa-lx106-elf/lib/libc.a(lib_a-printf.o) (_vfprintf_r)
../../libc/xtensa-lx106-elf/lib/libc.a(lib_a-stdio.o)
                              ../../libc/xtensa-lx106-elf/lib/libc.a(lib_a-findfp.o) (__sread)
../../libc/xtensa-lx106-elf/lib/libc.a(isatty.o)
                              ../../libc/xtensa-lx106-elf/lib/libc.a(lib_a-makebuf.o) (_isatty_r)
../../libc/xtensa-lx106-elf/lib/libc.a(lib_a-fclose.o)
                              ../../libc/xtensa-lx106-elf/lib/libc.a(lib_a-findfp.o) (_fclose_r)
../../libc/xtensa-lx106-elf/lib/libc.a(lib_a-fputwc.o)
                              ../../libc/xtensa-lx106-elf/lib/libc.a(lib_a-nano-vfprintf.o) (_fputwc_r)
../../libc/xtensa-lx106-elf/lib/libc.a(lib_a-locale.o)
                              ../../libc/xtensa-lx106-elf/lib/libc.a(lib_a-fputwc.o) (__locale_mb_cur_max)
../../libc/xtensa-lx106-elf/lib/libc.a(lib_a-nano-msizer.o)
                              ../../libc/xtensa-lx106-elf/lib/libc.a(lib_a-nano-reallocr.o) (_malloc_usable_size_r)
../../libc/xtensa-lx106-elf/lib/libc.a(lib_a-nano-vfprintf_i.o)
                              ../../libc/xtensa-lx106-elf/lib/libc.a(lib_a-nano-vfprintf.o) (_printf_i)
../../libc/xtensa-lx106-elf/lib/libc.a(lib_a-strcmp.o)
                              ../../libc/xtensa-lx106-elf/lib/libc.a(lib_a-locale.o) (strcmp)
../../libc/xtensa-lx106-elf/lib/libc.a(lib_a-wcrtomb.o)
                              ../../libc/xtensa-lx106-elf/lib/libc.a(lib_a-fputwc.o) (_wcrtomb_r)
[...]
Memory Configuration

Name             Origin             Length             Attributes
dport0_0_seg     0x000000003ff00000 0x0000000000000010
dram0_0_seg      0x000000003ffe8000 0x0000000000014000
iram1_0_seg      0x0000000040100000 0x0000000000008000
irom0_0_seg      0x0000000040240000 0x00000000001fc000
*default*        0x0000000000000000 0xffffffffffffffff

Linker script and memory map

START GROUP
LOAD ./build/program.a
LOAD ./build/freertos.a
LOAD ./build/lwip.a
LOAD ./build/axtls.a
LOAD ./build/core.a
LOAD /home/olga/esp/esp-open-sdk/xtensa-lx106-elf/xtensa-lx106-elf/sysroot/usr/lib/libhal.a
LOAD /home/olga/esp/esp-open-sdk/xtensa-lx106-elf/lib/gcc/xtensa-lx106-elf/4.8.2/libgcc.a
LOAD ../../libc/xtensa-lx106-elf/lib/libc.a
LOAD ./build/sdklib/libmain.a
LOAD ./build/sdklib/libnet80211.a
LOAD ./build/sdklib/libphy.a
LOAD ./build/sdklib/libpp.a
LOAD ./build/sdklib/libwpa.a
END GROUP
                0x0000000040106410                pvPortMalloc = malloc
                0x000000004010642c                vPortFree = free
                0x0000000040101198                _lock_acquire = vPortEnterCritical
                0x0000000040101198                _lock_acquire_recursive = vPortEnterCritical
                0x0000000040101198                _lock_try_acquire = vPortEnterCritical
                0x0000000040101198                _lock_try_acquire_recursive = vPortEnterCritical
                0x00000000401011c0                _lock_release = vPortExitCritical
                0x00000000401011c0                _lock_release_recursive = vPortExitCritical
                0x0000000040106820                ets_printf = printf
                0x0000000040000000                PROVIDE (_memmap_vecbase_reset, 0x40000000)
                0x0000000000000110                _memmap_cacheattr_wb_base = 0x110
                0x0000000000000110                _memmap_cacheattr_wt_base = 0x110
                0x0000000000000220                _memmap_cacheattr_bp_base = 0x220
                0x00000000fffff00f                _memmap_cacheattr_unused_mask = 0xfffff00f
                0x000000002222211f                _memmap_cacheattr_wb_trapnull = 0x2222211f
                0x000000002222211f                _memmap_cacheattr_wba_trapnull = 0x2222211f
                0x000000002222211f                _memmap_cacheattr_wbna_trapnull = 0x2222211f
                0x000000002222211f                _memmap_cacheattr_wt_trapnull = 0x2222211f
                0x000000002222222f                _memmap_cacheattr_bp_trapnull = 0x2222222f
                0x00000000fffff11f                _memmap_cacheattr_wb_strict = 0xfffff11f
                0x00000000fffff11f                _memmap_cacheattr_wt_strict = 0xfffff11f
                0x00000000fffff22f                _memmap_cacheattr_bp_strict = 0xfffff22f
                0x0000000022222112                _memmap_cacheattr_wb_allvalid = 0x22222112
                0x0000000022222112                _memmap_cacheattr_wt_allvalid = 0x22222112
                0x0000000022222222                _memmap_cacheattr_bp_allvalid = 0x22222222
                0x000000002222211f                PROVIDE (_memmap_cacheattr_reset, _memmap_cacheattr_wb_trapnull)

.dport0.rodata  0x000000003ff00000        0x0
                0x000000003ff00000                _dport0_rodata_start = ABSOLUTE (.)
 *(.dport0.rodata)
 *(.dport.rodata)
                0x000000003ff00000                _dport0_rodata_end = ABSOLUTE (.)

.dport0.literal
                0x000000003ff00000        0x0
                0x000000003ff00000                _dport0_literal_start = ABSOLUTE (.)
 *(.dport0.literal)
 *(.dport.literal)
                0x000000003ff00000                _dport0_literal_end = ABSOLUTE (.)

.dport0.data    0x000000003ff00000        0x0
                0x000000003ff00000                _dport0_data_start = ABSOLUTE (.)
 *(.dport0.data)
 *(.dport.data)
                0x000000003ff00000                _dport0_data_end = ABSOLUTE (.)

.data           0x000000003ffe8000      0xba8
                0x000000003ffe8000                _data_start = ABSOLUTE (.)
 *(.data)
 .data          0x000000003ffe8000        0x0 ./build/core.a(exception_vectors.o)
 .data          0x000000003ffe8000        0x0 ./build/core.a(app_main.o)
 .data          0x000000003ffe8000        0x0 ../../libc/xtensa-lx106-elf/lib/libc.a(lib_a-malloc.o)
 .data          0x000000003ffe8000        0x0 ../../libc/xtensa-lx106-elf/lib/libc.a(lib_a-memcpy.o)
 .data          0x000000003ffe8000        0x0 ../../libc/xtensa-lx106-elf/lib/libc.a(lib_a-memset.o)
 .data          0x000000003ffe8000        0x0 ../../libc/xtensa-lx106-elf/lib/libc.a(lib_a-nano-freer.o)
 .data          0x000000003ffe8000        0x0 ../../libc/xtensa-lx106-elf/lib/libc.a(lib_a-nano-mallocr.o)
 .data          0x000000003ffe8000        0x0 ../../libc/xtensa-lx106-elf/lib/libc.a(lib_a-printf.o)
 .data          0x000000003ffe8000        0x0 ../../libc/xtensa-lx106-elf/lib/libc.a(lib_a-putchar.o)
 .data          0x000000003ffe8000        0x0 ../../libc/xtensa-lx106-elf/lib/libc.a(lib_a-putc.o)
 .data          0x000000003ffe8000        0x0 ../../libc/xtensa-lx106-elf/lib/libc.a(lib_a-puts.o)
 .data          0x000000003ffe8000        0x0 ../../libc/xtensa-lx106-elf/lib/libc.a(lib_a-strlen.o)
 .data          0x000000003ffe8000        0x0 ../../libc/xtensa-lx106-elf/lib/libc.a(lib_a-wbuf.o)
 .data          0x000000003ffe8000        0x0 ../../libc/xtensa-lx106-elf/lib/libc.a(lib_a-wsetup.o)
 .data          0x000000003ffe8000        0x0 ../../libc/xtensa-lx106-elf/lib/libc.a(lock.o)
 .data          0x000000003ffe8000        0x0 ../../libc/xtensa-lx106-elf/lib/libc.a(lib_a-fflush.o)
 .data          0x000000003ffe8000        0x0 ../../libc/xtensa-lx106-elf/lib/libc.a(lib_a-findfp.o)
 .data          0x000000003ffe8000        0x0 ../../libc/xtensa-lx106-elf/lib/libc.a(lib_a-fvwrite.o)
 .data          0x000000003ffe8000        0x0 ../../libc/xtensa-lx106-elf/lib/libc.a(lib_a-fwalk.o)
 .data          0x000000003ffe8000      0x430 ../../libc/xtensa-lx106-elf/lib/libc.a(lib_a-impure.o)
                0x000000003ffe8000                _impure_ptr
 .data          0x000000003ffe8430        0x0 ../../libc/xtensa-lx106-elf/lib/libc.a(lib_a-makebuf.o)
 .data          0x000000003ffe8430        0x0 ../../libc/xtensa-lx106-elf/lib/libc.a(lib_a-memchr.o)
 .data          0x000000003ffe8430        0x0 ../../libc/xtensa-lx106-elf/lib/libc.a(lib_a-memmove.o)
 .data          0x000000003ffe8430        0x0 ../../libc/xtensa-lx106-elf/lib/libc.a(lib_a-nano-reallocr.o)
 .data          0x000000003ffe8430        0x0 ../../libc/xtensa-lx106-elf/lib/libc.a(lib_a-nano-vfprintf.o)
 .data          0x000000003ffe8430        0x0 ../../libc/xtensa-lx106-elf/lib/libc.a(lib_a-stdio.o)
 .data          0x000000003ffe8430        0x0 ../../libc/xtensa-lx106-elf/lib/libc.a(isatty.o)
 .data          0x000000003ffe8430        0x0 ../../libc/xtensa-lx106-elf/lib/libc.a(lib_a-fclose.o)
 .data          0x000000003ffe8430        0x0 ../../libc/xtensa-lx106-elf/lib/libc.a(lib_a-fputwc.o)
 .data          0x000000003ffe8430       0x7c ../../libc/xtensa-lx106-elf/lib/libc.a(lib_a-locale.o)
                0x000000003ffe84a8                __mb_cur_max
 .data          0x000000003ffe84ac        0x0 ../../libc/xtensa-lx106-elf/lib/libc.a(lib_a-nano-msizer.o)
 .data          0x000000003ffe84ac        0x0 ../../libc/xtensa-lx106-elf/lib/libc.a(lib_a-nano-vfprintf_i.o)
 .data          0x000000003ffe84ac        0x0 ../../libc/xtensa-lx106-elf/lib/libc.a(lib_a-strcmp.o)
 .data          0x000000003ffe84ac        0x0 ../../libc/xtensa-lx106-elf/lib/libc.a(lib_a-wcrtomb.o)
 .data          0x000000003ffe84ac        0x4 ../../libc/xtensa-lx106-elf/lib/libc.a(lib_a-wctomb_r.o)
                0x000000003ffe84ac                __wctomb
 .data          0x000000003ffe84b0        0x0 ./build/sdklib/libmain.a(ets_timer.o)
 .data          0x000000003ffe84b0        0x4 ./build/sdklib/libmain.a(misc.o)
 .data          0x000000003ffe84b4       0x18 ./build/sdklib/libmain.a(spi_flash.o)
                0x000000003ffe84b4                sdk_flashchip
 .data          0x000000003ffe84cc        0x0 ./build/sdklib/libmain.a(uart.o)
 .data          0x000000003ffe84cc        0x1 ./build/sdklib/libmain.a(user_interface.o)
                0x000000003ffe84cc                sdk_dhcpc_flag
 .data          0x000000003ffe84cd        0x0 ./build/sdklib/libmain.a(os_cpu_a.o)
 .data          0x000000003ffe84cd        0x0 ./build/sdklib/libmain.a(xtensa_context.o)
 .data          0x000000003ffe84cd        0x0 ./build/sdklib/libmain.a(timers.o)
 .data          0x000000003ffe84cd        0x0 ./build/sdklib/libnet80211.a(ieee80211.o)
 .data          0x000000003ffe84cd        0x0 ./build/sdklib/libnet80211.a(ieee80211_crypto.o)
 .data          0x000000003ffe84cd        0x0 ./build/sdklib/libnet80211.a(ieee80211_hostap.o)
 .data          0x000000003ffe84cd        0x0 ./build/sdklib/libnet80211.a(ieee80211_ht.o)
 .data          0x000000003ffe84cd        0x0 ./build/sdklib/libnet80211.a(ieee80211_input.o)
 .data          0x000000003ffe84cd        0x0 ./build/sdklib/libnet80211.a(ieee80211_output.o)
 *fill*         0x000000003ffe84cd        0x3 
 .data          0x000000003ffe84d0      0x1a8 ./build/sdklib/libnet80211.a(ieee80211_phy.o)
 .data          0x000000003ffe8678        0x0 ./build/sdklib/libnet80211.a(ieee80211_power.o)
 .data          0x000000003ffe8678        0x6 ./build/sdklib/libnet80211.a(ieee80211_proto.o)
                0x000000003ffe8678                sdk_ieee80211_addr_bcast
 .data          0x000000003ffe867e        0x0 ./build/sdklib/libnet80211.a(ieee80211_scan.o)
 .data          0x000000003ffe867e        0x0 ./build/sdklib/libnet80211.a(ieee80211_sta.o)
 .data          0x000000003ffe867e        0x0 ./build/sdklib/libnet80211.a(wl_chm.o)
 .data          0x000000003ffe867e        0x0 ./build/sdklib/libnet80211.a(wl_cnx.o)
 *fill*         0x000000003ffe867e        0x2 
 .data          0x000000003ffe8680       0x1c ./build/sdklib/libnet80211.a(ieee80211_action.o)
 .data          0x000000003ffe869c        0x0 ./build/sdklib/libnet80211.a(ieee80211_ets.o)
 .data          0x000000003ffe869c        0x0 ./build/sdklib/libphy.a(phy.o)
 .data          0x000000003ffe869c        0x0 ./build/sdklib/libphy.a(phy_chip_v6_ana.o)
 *fill*         0x000000003ffe869c        0x4 
 .data          0x000000003ffe86a0       0x53 ./build/sdklib/libphy.a(phy_chip_v6.o)
                0x000000003ffe86a2                sdk_tx_rf_ana_gain
                0x000000003ffe86c4                sdk_tx_pwctrl_atten_init_en
                0x000000003ffe86d0                sdk_rx_gain_swp
                0x000000003ffe86f0                sdk_test_rffreq_txcap
 *fill*         0x000000003ffe86f3        0xd 
 .data          0x000000003ffe8700       0x90 ./build/sdklib/libphy.a(phy_chip_v6_cal.o)
                0x000000003ffe8700                sdk_dpd_index
                0x000000003ffe8760                sdk_dpd_db2linear
 .data          0x000000003ffe8790        0x0 ./build/sdklib/libphy.a(phy_chip_v6_unused.o)
 .data          0x000000003ffe8790        0x4 ./build/sdklib/libphy.a(phy_sleep.o)
                0x000000003ffe8790                sdk_chip_version
 .data          0x000000003ffe8794      0x11c ./build/sdklib/libphy.a(phy_chip_v5_romfunc.o)
                0x000000003ffe8794                sdk_g_phyFuns
                0x000000003ffe8798                sdk_g_phyFuns_instance
 .data          0x000000003ffe88b0        0x0 ./build/sdklib/libphy.a(phy_chip_v5_ana_romfunc.o)
 .data          0x000000003ffe88b0        0x7 ./build/sdklib/libphy.a(phy_chip_v5_cal_romfunc.o)
 .data          0x000000003ffe88b7        0x0 ./build/sdklib/libpp.a(esf_buf.o)
 .data          0x000000003ffe88b7        0x0 ./build/sdklib/libpp.a(if_hwctrl.o)
 .data          0x000000003ffe88b7        0x0 ./build/sdklib/libpp.a(lmac.o)
 *fill*         0x000000003ffe88b7        0x1 
 .data          0x000000003ffe88b8        0x1 ./build/sdklib/libpp.a(pm.o)
 *fill*         0x000000003ffe88b9        0x3 
 .data          0x000000003ffe88bc       0x10 ./build/sdklib/libpp.a(pp.o)
                0x000000003ffe88bc                sdk_NoiseTimerInterval
                0x000000003ffe88c4                sdk_sleep_start_wait_time
 *fill*         0x000000003ffe88cc        0x4 
 .data          0x000000003ffe88d0       0x40 ./build/sdklib/libpp.a(rate_control.o)
 .data          0x000000003ffe8910      0x22c ./build/sdklib/libpp.a(trc.o)
 *fill*         0x000000003ffe8b3c        0x4 
 .data          0x000000003ffe8b40       0x10 ./build/sdklib/libpp.a(wdev.o)
 .data          0x000000003ffe8b50        0x0 ./build/sdklib/libwpa.a(ap_config.o)
 .data          0x000000003ffe8b50        0x0 ./build/sdklib/libwpa.a(common.o)
 .data          0x000000003ffe8b50        0x0 ./build/sdklib/libwpa.a(os_xtensa.o)
 .data          0x000000003ffe8b50        0x0 ./build/sdklib/libwpa.a(sha1-pbkdf2.o)
 .data          0x000000003ffe8b50        0x0 ./build/sdklib/libwpa.a(wpa_auth.o)
 .data          0x000000003ffe8b50        0x0 ./build/sdklib/libwpa.a(wpa_auth_ie.o)
 .data          0x000000003ffe8b50        0x0 ./build/sdklib/libwpa.a(wpa.o)
 .data          0x000000003ffe8b50        0x0 ./build/sdklib/libwpa.a(wpa_common.o)
 .data          0x000000003ffe8b50        0x0 ./build/sdklib/libwpa.a(wpa_debug.o)
 .data          0x000000003ffe8b50        0x0 ./build/sdklib/libwpa.a(wpa_ie.o)
 .data          0x000000003ffe8b50        0x0 ./build/sdklib/libwpa.a(wpa_main.o)
 .data          0x000000003ffe8b50        0x0 ./build/sdklib/libwpa.a(wpas_glue.o)
 .data          0x000000003ffe8b50        0x0 ./build/sdklib/libwpa.a(aes-unwrap.o)
 .data          0x000000003ffe8b50        0x0 ./build/sdklib/libwpa.a(aes-wrap.o)
 .data          0x000000003ffe8b50        0x0 ./build/sdklib/libwpa.a(md5.o)
 .data          0x000000003ffe8b50        0x0 ./build/sdklib/libwpa.a(md5-internal.o)
 .data          0x000000003ffe8b50        0x0 ./build/sdklib/libwpa.a(rc4.o)
 .data          0x000000003ffe8b50        0x0 ./build/sdklib/libwpa.a(sha1.o)
 .data          0x000000003ffe8b50        0x0 ./build/sdklib/libwpa.a(sha1-internal.o)
 .data          0x000000003ffe8b50        0x0 ./build/sdklib/libwpa.a(aes-internal-dec.o)
 .data          0x000000003ffe8b50        0x0 ./build/sdklib/libwpa.a(aes-internal-enc.o)
 .data          0x000000003ffe8b50        0x0 ./build/sdklib/libwpa.a(aes-internal.o)
 .data          0x000000003ffe8b50        0x0 ./build/program.a(simple.o)
 .data          0x000000003ffe8b50        0x0 ./build/freertos.a(queue.o)
 .data          0x000000003ffe8b50        0x0 ./build/freertos.a(list.o)
 .data          0x000000003ffe8b50        0x4 ./build/freertos.a(tasks.o)
 .data          0x000000003ffe8b54        0x0 ./build/freertos.a(timers.o)
 .data          0x000000003ffe8b54        0x0 ./build/freertos.a(port.o)
 .data          0x000000003ffe8b54        0x0 ./build/lwip.a(esp_interface.o)
 .data          0x000000003ffe8b54        0x0 ./build/lwip.a(tcpip.o)
 .data          0x000000003ffe8b54        0x4 ./build/lwip.a(dhcp.o)
 .data          0x000000003ffe8b58        0x0 ./build/lwip.a(init.o)
 .data          0x000000003ffe8b58        0x0 ./build/lwip.a(memp.o)
 .data          0x000000003ffe8b58        0x0 ./build/lwip.a(dns.o)
 .data          0x000000003ffe8b58        0x6 ./build/lwip.a(tcp.o)
 .data          0x000000003ffe8b5e        0x0 ./build/lwip.a(pbuf.o)
 .data          0x000000003ffe8b5e        0x0 ./build/lwip.a(netif.o)
 .data          0x000000003ffe8b5e        0x0 ./build/lwip.a(stats.o)
 .data          0x000000003ffe8b5e        0x0 ./build/lwip.a(timers.o)
 .data          0x000000003ffe8b5e        0x2 ./build/lwip.a(udp.o)
 .data          0x000000003ffe8b60        0x0 ./build/lwip.a(tcp_out.o)
 .data          0x000000003ffe8b60        0x0 ./build/lwip.a(ip_addr.o)
 .data          0x000000003ffe8b60        0x0 ./build/lwip.a(ip.o)
 .data          0x000000003ffe8b60        0x0 ./build/lwip.a(inet_chksum.o)
 .data          0x000000003ffe8b60        0x0 ./build/lwip.a(icmp.o)
 .data          0x000000003ffe8b60        0x0 ./build/lwip.a(etharp.o)
 .data          0x000000003ffe8b60        0x0 ./build/lwip.a(sys_arch.o)
 .data          0x000000003ffe8b60        0x0 ./build/lwip.a(sockets.o)
 .data          0x000000003ffe8b60        0x0 ./build/lwip.a(tcp_in.o)
 .data          0x000000003ffe8b60        0x0 ./build/lwip.a(raw.o)
 .data          0x000000003ffe8b60        0x0 ./build/lwip.a(ip_frag.o)
 .data          0x000000003ffe8b60        0x0 ./build/lwip.a(api_lib.o)
 .data          0x000000003ffe8b60        0x0 ./build/lwip.a(netbuf.o)
 .data          0x000000003ffe8b60        0x0 ./build/lwip.a(api_msg.o)
 .data          0x000000003ffe8b60        0x0 ./build/core.a(sdk_compat.o)
 .data          0x000000003ffe8b60        0x0 ./build/core.a(newlib_syscalls.o)
 .data          0x000000003ffe8b60        0x0 /home/olga/esp/esp-open-sdk/xtensa-lx106-elf/xtensa-lx106-elf/sysroot/usr/lib/libhal.a(clock.o)
 .data          0x000000003ffe8b60        0x0 /home/olga/esp/esp-open-sdk/xtensa-lx106-elf/xtensa-lx106-elf/sysroot/usr/lib/libhal.a(int_asm--set_intset.o)
 .data          0x000000003ffe8b60        0x0 /home/olga/esp/esp-open-sdk/xtensa-lx106-elf/lib/gcc/xtensa-lx106-elf/4.8.2/libgcc.a(_divsi3.o)
 .data          0x000000003ffe8b60        0x0 /home/olga/esp/esp-open-sdk/xtensa-lx106-elf/lib/gcc/xtensa-lx106-elf/4.8.2/libgcc.a(_modsi3.o)
 .data          0x000000003ffe8b60        0x0 /home/olga/esp/esp-open-sdk/xtensa-lx106-elf/lib/gcc/xtensa-lx106-elf/4.8.2/libgcc.a(_udivsi3.o)
 .data          0x000000003ffe8b60        0x0 /home/olga/esp/esp-open-sdk/xtensa-lx106-elf/lib/gcc/xtensa-lx106-elf/4.8.2/libgcc.a(_umodsi3.o)
 .data          0x000000003ffe8b60        0x0 /home/olga/esp/esp-open-sdk/xtensa-lx106-elf/lib/gcc/xtensa-lx106-elf/4.8.2/libgcc.a(_ashrdi3.o)
 .data          0x000000003ffe8b60        0x0 /home/olga/esp/esp-open-sdk/xtensa-lx106-elf/lib/gcc/xtensa-lx106-elf/4.8.2/libgcc.a(_addsubsf3.o)
 .data          0x000000003ffe8b60        0x0 /home/olga/esp/esp-open-sdk/xtensa-lx106-elf/lib/gcc/xtensa-lx106-elf/4.8.2/libgcc.a(_mulsf3.o)
 .data          0x000000003ffe8b60        0x0 /home/olga/esp/esp-open-sdk/xtensa-lx106-elf/lib/gcc/xtensa-lx106-elf/4.8.2/libgcc.a(_divsf3.o)
 .data          0x000000003ffe8b60        0x0 /home/olga/esp/esp-open-sdk/xtensa-lx106-elf/lib/gcc/xtensa-lx106-elf/4.8.2/libgcc.a(_fixsfsi.o)
 .data          0x000000003ffe8b60        0x0 /home/olga/esp/esp-open-sdk/xtensa-lx106-elf/lib/gcc/xtensa-lx106-elf/4.8.2/libgcc.a(_fixunssfsi.o)
 .data          0x000000003ffe8b60        0x0 /home/olga/esp/esp-open-sdk/xtensa-lx106-elf/lib/gcc/xtensa-lx106-elf/4.8.2/libgcc.a(_floatsisf.o)
 .data          0x000000003ffe8b60        0x0 /home/olga/esp/esp-open-sdk/xtensa-lx106-elf/lib/gcc/xtensa-lx106-elf/4.8.2/libgcc.a(_addsubdf3.o)
 .data          0x000000003ffe8b60        0x0 /home/olga/esp/esp-open-sdk/xtensa-lx106-elf/lib/gcc/xtensa-lx106-elf/4.8.2/libgcc.a(_muldf3.o)
 .data          0x000000003ffe8b60        0x0 /home/olga/esp/esp-open-sdk/xtensa-lx106-elf/lib/gcc/xtensa-lx106-elf/4.8.2/libgcc.a(_divdf3.o)
 .data          0x000000003ffe8b60        0x0 /home/olga/esp/esp-open-sdk/xtensa-lx106-elf/lib/gcc/xtensa-lx106-elf/4.8.2/libgcc.a(_fixdfsi.o)
 .data          0x000000003ffe8b60        0x0 /home/olga/esp/esp-open-sdk/xtensa-lx106-elf/lib/gcc/xtensa-lx106-elf/4.8.2/libgcc.a(_floatsidf.o)
 .data          0x000000003ffe8b60        0x0 /home/olga/esp/esp-open-sdk/xtensa-lx106-elf/lib/gcc/xtensa-lx106-elf/4.8.2/libgcc.a(_truncdfsf2.o)
 .data          0x000000003ffe8b60        0x0 /home/olga/esp/esp-open-sdk/xtensa-lx106-elf/lib/gcc/xtensa-lx106-elf/4.8.2/libgcc.a(_extendsfdf2.o)
 .data          0x000000003ffe8b60        0x0 /home/olga/esp/esp-open-sdk/xtensa-lx106-elf/lib/gcc/xtensa-lx106-elf/4.8.2/libgcc.a(_muldi3.o)
 .data          0x000000003ffe8b60        0x0 /home/olga/esp/esp-open-sdk/xtensa-lx106-elf/lib/gcc/xtensa-lx106-elf/4.8.2/libgcc.a(_popcountsi2.o)
 .data          0x000000003ffe8b60        0x0 /home/olga/esp/esp-open-sdk/xtensa-lx106-elf/lib/gcc/xtensa-lx106-elf/4.8.2/libgcc.a(_divdi3.o)
 .data          0x000000003ffe8b60        0x0 /home/olga/esp/esp-open-sdk/xtensa-lx106-elf/lib/gcc/xtensa-lx106-elf/4.8.2/libgcc.a(_umoddi3.o)
 .data          0x000000003ffe8b60        0x0 /home/olga/esp/esp-open-sdk/xtensa-lx106-elf/lib/gcc/xtensa-lx106-elf/4.8.2/libgcc.a(_umulsidi3.o)
 .data          0x000000003ffe8b60        0x0 /home/olga/esp/esp-open-sdk/xtensa-lx106-elf/lib/gcc/xtensa-lx106-elf/4.8.2/libgcc.a(_popcount_tab.o)
 .data          0x000000003ffe8b60        0x0 ../../libc/xtensa-lx106-elf/lib/libc.a(lib_a-bzero.o)
 .data          0x000000003ffe8b60        0x0 ../../libc/xtensa-lx106-elf/lib/libc.a(lib_a-calloc.o)
 .data          0x000000003ffe8b60        0x0 ../../libc/xtensa-lx106-elf/lib/libc.a(lib_a-memcmp.o)
 .data          0x000000003ffe8b60        0x0 ../../libc/xtensa-lx106-elf/lib/libc.a(lib_a-mstats.o)
 .data          0x000000003ffe8b60        0x0 ../../libc/xtensa-lx106-elf/lib/libc.a(lib_a-nano-callocr.o)
 .data          0x000000003ffe8b60        0x0 ../../libc/xtensa-lx106-elf/lib/libc.a(lib_a-nano-mallinfor.o)
 .data          0x000000003ffe8b60        0x0 ../../libc/xtensa-lx106-elf/lib/libc.a(lib_a-nano-malloptr.o)
 .data          0x000000003ffe8b60        0x0 ../../libc/xtensa-lx106-elf/lib/libc.a(lib_a-nano-mallstatsr.o)
 .data          0x000000003ffe8b60        0x0 ../../libc/xtensa-lx106-elf/lib/libc.a(lib_a-rand.o)
 .data          0x000000003ffe8b60        0x0 ../../libc/xtensa-lx106-elf/lib/libc.a(lib_a-sprintf.o)
 .data          0x000000003ffe8b60        0x0 ../../libc/xtensa-lx106-elf/lib/libc.a(lib_a-strncmp.o)
 .data          0x000000003ffe8b60        0x0 ../../libc/xtensa-lx106-elf/lib/libc.a(lib_a-strncpy.o)
 .data          0x000000003ffe8b60        0x0 ../../libc/xtensa-lx106-elf/lib/libc.a(lib_a-strrchr.o)
 .data          0x000000003ffe8b60        0x0 ../../libc/xtensa-lx106-elf/lib/libc.a(lib_a-syssbrk.o)
 .data          0x000000003ffe8b60        0x0 ../../libc/xtensa-lx106-elf/lib/libc.a(lib_a-fprintf.o)
 .data          0x000000003ffe8b60        0x0 ../../libc/xtensa-lx106-elf/lib/libc.a(lib_a-nano-svfprintf.o)
 .data          0x000000003ffe8b60        0x0 ../../libc/xtensa-lx106-elf/lib/libc.a(lib_a-strchr.o)
 .data          0x000000003ffe8b60       0x18 ./build/sdklib/libnet80211.a(ieee80211_crypto_ccmp.o)
                0x000000003ffe8b60                sdk_ccmp
 .data          0x000000003ffe8b78       0x18 ./build/sdklib/libnet80211.a(ieee80211_crypto_tkip.o)
                0x000000003ffe8b78                sdk_tkip
 .data          0x000000003ffe8b90       0x18 ./build/sdklib/libnet80211.a(ieee80211_crypto_wep.o)
                0x000000003ffe8b90                sdk_wep
 *(.data.*)
 *(.gnu.linkonce.d.*)
 *(.data1)
 *(.sdata)
 *(.sdata.*)
 *(.gnu.linkonce.s.*)
 *(.sdata2)
 *(.sdata2.*)
 *(.gnu.linkonce.s2.*)
 *(.jcr)
                0x000000003ffe8ba8                _data_end = ABSOLUTE (.)

.rodata         0x000000003ffe8bb0     0x14ac
                0x000000003ffe8bb0                _rodata_start = ABSOLUTE (.)
 *(.rodata)
 .rodata        0x000000003ffe8bb0       0x50 ./build/core.a(app_main.o)
 .rodata        0x000000003ffe8c00        0x4 ../../libc/xtensa-lx106-elf/lib/libc.a(lib_a-impure.o)
                0x000000003ffe8c00                _global_impure_ptr
 *fill*         0x000000003ffe8c04        0x4 
 .rodata        0x000000003ffe8c08        0x8 ./build/sdklib/libnet80211.a(ieee80211.o)
                0x000000003ffe8c08                sdk_ieee80211_opcap
 .rodata        0x000000003ffe8c10        0x4 ./build/sdklib/libnet80211.a(ieee80211_hostap.o)
 .rodata        0x000000003ffe8c14        0x4 ./build/sdklib/libnet80211.a(ieee80211_output.o)
 *fill*         0x000000003ffe8c18        0x8 
 .rodata        0x000000003ffe8c20       0x70 ./build/sdklib/libnet80211.a(ieee80211_proto.o)
 .rodata        0x000000003ffe8c90        0x8 ./build/sdklib/libnet80211.a(wl_cnx.o)
 .rodata        0x000000003ffe8c98        0x8 ./build/sdklib/libphy.a(phy_chip_v6_ana.o)
 .rodata        0x000000003ffe8ca0        0x8 ./build/sdklib/libphy.a(phy_chip_v6.o)
 *fill*         0x000000003ffe8ca8        0x8 
 .rodata        0x000000003ffe8cb0       0x10 ./build/sdklib/libphy.a(phy_chip_v5_romfunc.o)
 .rodata        0x000000003ffe8cc0        0xc ./build/sdklib/libphy.a(phy_chip_v5_ana_romfunc.o)
 *fill*         0x000000003ffe8ccc        0x4 
 .rodata        0x000000003ffe8cd0        0x6 ./build/sdklib/libwpa.a(ap_config.o)
 *fill*         0x000000003ffe8cd6        0x2 
 .rodata        0x000000003ffe8cd8       0x14 ./build/sdklib/libwpa.a(wpa_auth.o)
 *fill*         0x000000003ffe8cec        0x4 
 .rodata        0x000000003ffe8cf0        0x8 ./build/sdklib/libwpa.a(wpa.o)
 *fill*         0x000000003ffe8cf8        0x8 
 .rodata        0x000000003ffe8d00        0xc ./build/sdklib/libwpa.a(wpa_common.o)
 .rodata        0x000000003ffe8d0c        0x2 ./build/sdklib/libwpa.a(sha1-internal.o)
 *fill*         0x000000003ffe8d0e        0x2 
 .rodata        0x000000003ffe8d10        0xa ./build/sdklib/libwpa.a(aes-internal.o)
                0x000000003ffe8d10                sdk_rcons
 *fill*         0x000000003ffe8d1a        0x2 
 .rodata        0x000000003ffe8d1c       0x14 ./build/freertos.a(tasks.o)
 .rodata        0x000000003ffe8d30       0x18 ./build/lwip.a(tcpip.o)
 .rodata        0x000000003ffe8d48       0xf0 ./build/lwip.a(dhcp.o)
 .rodata        0x000000003ffe8e38       0x1c ./build/lwip.a(memp.o)
                0x000000003ffe8e38                memp_sizes
 .rodata        0x000000003ffe8e54       0x74 ./build/lwip.a(tcp.o)
                0x000000003ffe8e74                tcp_pcb_lists
                0x000000003ffe8e84                tcp_persist_backoff
                0x000000003ffe8e8c                tcp_backoff
                0x000000003ffe8e9c                tcp_state_str
 .rodata        0x000000003ffe8ec8       0x14 ./build/lwip.a(pbuf.o)
 .rodata        0x000000003ffe8edc        0x8 ./build/lwip.a(ip_addr.o)
                0x000000003ffe8edc                ip_addr_broadcast
                0x000000003ffe8ee0                ip_addr_any
 .rodata        0x000000003ffe8ee4        0xe ./build/lwip.a(etharp.o)
                0x000000003ffe8ee4                ethzero
                0x000000003ffe8eec                ethbroadcast
 *fill*         0x000000003ffe8ef2        0x2 
 .rodata        0x000000003ffe8ef4       0x84 ./build/lwip.a(sockets.o)
 .rodata        0x000000003ffe8f78       0x20 ./build/lwip.a(tcp_in.o)
 .rodata        0x000000003ffe8f98      0x100 /home/olga/esp/esp-open-sdk/xtensa-lx106-elf/lib/gcc/xtensa-lx106-elf/4.8.2/libgcc.a(_popcount_tab.o)
                0x000000003ffe8f98                __popcount_tab
 *(.rodata.*)
 .rodata.str1.4
                0x000000003ffe9098      0x1c4 ./build/core.a(app_main.o)
 .rodata.str1.1
                0x0000000000000000        0x0 ../../libc/xtensa-lx106-elf/lib/libc.a(lib_a-puts.o)
                                          0x2 (size before relaxing)
 .rodata.str1.1
                0x000000003ffe925c        0x2 ../../libc/xtensa-lx106-elf/lib/libc.a(lib_a-impure.o)
 .rodata.str1.1
                0x000000003ffe925e       0x11 ../../libc/xtensa-lx106-elf/lib/libc.a(lib_a-nano-vfprintf.o)
 .rodata.str1.1
                0x000000003ffe926f        0x8 ../../libc/xtensa-lx106-elf/lib/libc.a(lib_a-locale.o)
                                          0xb (size before relaxing)
 .rodata.str1.1
                0x000000003ffe9277       0x22 ../../libc/xtensa-lx106-elf/lib/libc.a(lib_a-nano-vfprintf_i.o)
 *fill*         0x000000003ffe9299        0x3 
 .rodata.str1.4
                0x000000003ffe929c       0x7b ./build/sdklib/libmain.a(ets_timer.o)
 *fill*         0x000000003ffe9317        0x1 
 .rodata.str1.4
                0x000000003ffe9318      0x196 ./build/sdklib/libmain.a(user_interface.o)
                                        0x1a2 (size before relaxing)
 *fill*         0x000000003ffe94ae        0x2 
 .rodata.str1.4
                0x000000003ffe94b0       0x3f ./build/sdklib/libmain.a(timers.o)
 *fill*         0x000000003ffe94ef        0x1 
 .rodata.str1.4
                0x000000003ffe94f0       0x3f ./build/sdklib/libnet80211.a(ieee80211.o)
                                         0x4a (size before relaxing)
 *fill*         0x000000003ffe952f        0x1 
 .rodata.str1.4
                0x000000003ffe9530       0x19 ./build/sdklib/libnet80211.a(ieee80211_ht.o)
 *fill*         0x000000003ffe9549        0x3 
 .rodata.str1.4
                0x000000003ffe954c       0x27 ./build/sdklib/libnet80211.a(ieee80211_output.o)
                                         0x2f (size before relaxing)
 *fill*         0x000000003ffe9573        0x1 
 .rodata.str1.4
                0x000000003ffe9574       0x24 ./build/sdklib/libnet80211.a(ieee80211_scan.o)
 .rodata.str1.4
                0x000000003ffe9598       0x99 ./build/sdklib/libnet80211.a(wl_cnx.o)
 *fill*         0x000000003ffe9631        0x3 
 .rodata.str1.4
                0x000000003ffe9634       0x3d ./build/sdklib/libphy.a(phy_chip_v6_ana.o)
                                         0x45 (size before relaxing)
 *fill*         0x000000003ffe9671        0x3 
 .rodata.str1.4
                0x000000003ffe9674       0xca ./build/sdklib/libphy.a(phy_chip_v6.o)
                                         0xce (size before relaxing)
 *fill*         0x000000003ffe973e        0x2 
 .rodata.str1.4
                0x000000003ffe9740      0x179 ./build/sdklib/libphy.a(phy_chip_v6_cal.o)
 *fill*         0x000000003ffe98b9        0x3 
 .rodata.str1.4
                0x000000003ffe98bc       0x1d ./build/sdklib/libphy.a(phy_chip_v6_unused.o)
 *fill*         0x000000003ffe98d9        0x3 
 .rodata.str1.4
                0x000000003ffe98dc       0x22 ./build/sdklib/libphy.a(phy_chip_v5_romfunc.o)
 *fill*         0x000000003ffe98fe        0x2 
 .rodata.str1.4
                0x000000003ffe9900       0xbd ./build/sdklib/libphy.a(phy_chip_v5_cal_romfunc.o)
                                         0xe5 (size before relaxing)
 *fill*         0x000000003ffe99bd        0x3 
 .rodata.str1.4
                0x000000003ffe99c0       0x44 ./build/sdklib/libpp.a(if_hwctrl.o)
 .rodata.str1.4
                0x000000003ffe9a04       0x33 ./build/sdklib/libpp.a(lmac.o)
 *fill*         0x000000003ffe9a37        0x1 
 .rodata.str1.4
                0x000000003ffe9a38      0x30a ./build/sdklib/libpp.a(pm.o)
                                        0x326 (size before relaxing)
 *fill*         0x000000003ffe9d42        0x2 
 .rodata.str1.4
                0x000000003ffe9d44       0x74 ./build/sdklib/libpp.a(pp.o)
                                         0x7c (size before relaxing)
 .rodata.str1.4
                0x000000003ffe9db8       0x39 ./build/sdklib/libpp.a(trc.o)
 *fill*         0x000000003ffe9df1        0x3 
 .rodata.str1.4
                0x000000003ffe9df4        0x7 ./build/sdklib/libpp.a(wdev.o)
                                          0xf (size before relaxing)
 *fill*         0x000000003ffe9dfb        0x1 
 .rodata.str1.4
                0x000000003ffe9dfc       0x3c ./build/sdklib/libwpa.a(wpa_auth.o)
                                         0x43 (size before relaxing)
 .rodata.str1.4
                0x0000000000000000       0x17 ./build/sdklib/libwpa.a(wpa.o)
 .rodata.str1.4
                0x000000003ffe9e38        0x9 ./build/sdklib/libwpa.a(wpa_common.o)
 *fill*         0x000000003ffe9e41        0x3 
 .rodata.str1.4
                0x000000003ffe9e44       0x36 ./build/sdklib/libwpa.a(wpa_main.o)
 *fill*         0x000000003ffe9e7a        0x2 
 .rodata.str1.4
                0x000000003ffe9e7c        0x2 ./build/sdklib/libwpa.a(sha1-internal.o)
 *fill*         0x000000003ffe9e7e        0x2 
 .rodata.str1.4
                0x000000003ffe9e80       0x59 ./build/program.a(simple.o)
 *fill*         0x000000003ffe9ed9        0x3 
 .rodata.str1.4
                0x000000003ffe9edc        0x5 ./build/freertos.a(tasks.o)
 *fill*         0x000000003ffe9ee1        0x3 
 .rodata.str1.4
                0x000000003ffe9ee4        0x8 ./build/freertos.a(timers.o)
 .rodata.str1.4
                0x000000003ffe9eec        0xd ./build/lwip.a(tcpip.o)
 *fill*         0x000000003ffe9ef9        0x3 
 .rodata.str1.4
                0x000000003ffe9efc        0xf ./build/lwip.a(dns.o)
 *fill*         0x000000003ffe9f0b        0x1 
 .rodata.str1.4
                0x000000003ffe9f0c       0x78 ./build/lwip.a(tcp.o)
                                         0x76 (size before relaxing)
 .rodata.str1.1
                0x000000003ffe9f84       0x21 ../../libc/xtensa-lx106-elf/lib/libc.a(lib_a-mstats.o)
 .rodata.str1.1
                0x000000003ffe9fa5       0x4b ../../libc/xtensa-lx106-elf/lib/libc.a(lib_a-nano-mallstatsr.o)
 .rodata.str1.1
                0x0000000000000000       0x11 ../../libc/xtensa-lx106-elf/lib/libc.a(lib_a-nano-svfprintf.o)
 *(.gnu.linkonce.r.*)
 *(.rodata1)
                0x000000003ffe9ff0                __XT_EXCEPTION_TABLE__ = ABSOLUTE (.)
 *(.xt_except_table)
 *(.gcc_except_table)
 *(.gnu.linkonce.e.*)
 *(.gnu.version_r)
 *(.eh_frame)
 .eh_frame      0x000000003ffe9ff0       0x38 /home/olga/esp/esp-open-sdk/xtensa-lx106-elf/lib/gcc/xtensa-lx106-elf/4.8.2/libgcc.a(_divdi3.o)
 .eh_frame      0x000000003ffea028       0x2c /home/olga/esp/esp-open-sdk/xtensa-lx106-elf/lib/gcc/xtensa-lx106-elf/4.8.2/libgcc.a(_umoddi3.o)
                                         0x3c (size before relaxing)
                0x000000003ffea054                . = ((. + 0x3) & 0xfffffffffffffffc)
                0x000000003ffea054                __init_array_start = ABSOLUTE (.)
 *crtbegin.o(.ctors)
 *(EXCLUDE_FILE(*crtend.o) .ctors)
 *(SORT(.ctors.*))
 *(.ctors)
                0x000000003ffea054                __init_array_end = ABSOLUTE (.)
 *crtbegin.o(.dtors)
 *(EXCLUDE_FILE(*crtend.o) .dtors)
 *(SORT(.dtors.*))
 *(.dtors)
                0x000000003ffea054                __XT_EXCEPTION_DESCS__ = ABSOLUTE (.)
 *(.xt_except_desc)
 *(.gnu.linkonce.h.*)
                0x000000003ffea054                __XT_EXCEPTION_DESCS_END__ = ABSOLUTE (.)
 *(.xt_except_desc_end)
 *(.dynamic)
 *(.gnu.version_d)
                0x000000003ffea054                . = ALIGN (0x4)
                0x000000003ffea054                _bss_table_start = ABSOLUTE (.)
                0x000000003ffea054        0x4 LONG 0x3ffea060 _bss_start
                0x000000003ffea058        0x4 LONG 0x3fff2670 _bss_end
                0x000000003ffea05c                _bss_table_end = ABSOLUTE (.)
                0x000000003ffea05c                _rodata_end = ABSOLUTE (.)

.bss            0x000000003ffea060     0x8610
                0x000000003ffea060                . = ALIGN (0x8)
                0x000000003ffea060                _bss_start = ABSOLUTE (.)
 *(.dynsbss)
 *(.sbss)
 *(.sbss.*)
 *(.gnu.linkonce.sb.*)
 *(.scommon)
 *(.sbss2)
 *(.sbss2.*)
 *(.gnu.linkonce.sb2.*)
 *(.dynbss)
 *(.bss)
 .bss           0x000000003ffea060      0x474 ./build/core.a(exception_vectors.o)
                0x000000003ffea4d0                NMIHandlerAddress
 .bss           0x000000003ffea4d4        0x0 ./build/core.a(app_main.o)
 .bss           0x000000003ffea4d4        0x0 ../../libc/xtensa-lx106-elf/lib/libc.a(lib_a-malloc.o)
 .bss           0x000000003ffea4d4        0x0 ../../libc/xtensa-lx106-elf/lib/libc.a(lib_a-memcpy.o)
 .bss           0x000000003ffea4d4        0x0 ../../libc/xtensa-lx106-elf/lib/libc.a(lib_a-memset.o)
 .bss           0x000000003ffea4d4        0x0 ../../libc/xtensa-lx106-elf/lib/libc.a(lib_a-nano-freer.o)
 .bss           0x000000003ffea4d4        0x8 ../../libc/xtensa-lx106-elf/lib/libc.a(lib_a-nano-mallocr.o)
                0x000000003ffea4d4                __malloc_sbrk_start
                0x000000003ffea4d8                __malloc_free_list
 .bss           0x000000003ffea4dc        0x0 ../../libc/xtensa-lx106-elf/lib/libc.a(lib_a-printf.o)
 .bss           0x000000003ffea4dc        0x0 ../../libc/xtensa-lx106-elf/lib/libc.a(lib_a-putchar.o)
 .bss           0x000000003ffea4dc        0x0 ../../libc/xtensa-lx106-elf/lib/libc.a(lib_a-putc.o)
 .bss           0x000000003ffea4dc        0x0 ../../libc/xtensa-lx106-elf/lib/libc.a(lib_a-puts.o)
 .bss           0x000000003ffea4dc        0x0 ../../libc/xtensa-lx106-elf/lib/libc.a(lib_a-strlen.o)
 .bss           0x000000003ffea4dc        0x0 ../../libc/xtensa-lx106-elf/lib/libc.a(lib_a-wbuf.o)
 .bss           0x000000003ffea4dc        0x0 ../../libc/xtensa-lx106-elf/lib/libc.a(lib_a-wsetup.o)
 .bss           0x000000003ffea4dc        0x0 ../../libc/xtensa-lx106-elf/lib/libc.a(lock.o)
 .bss           0x000000003ffea4dc        0x0 ../../libc/xtensa-lx106-elf/lib/libc.a(lib_a-fflush.o)
 .bss           0x000000003ffea4dc        0x8 ../../libc/xtensa-lx106-elf/lib/libc.a(lib_a-findfp.o)
 .bss           0x000000003ffea4e4        0x0 ../../libc/xtensa-lx106-elf/lib/libc.a(lib_a-fvwrite.o)
 .bss           0x000000003ffea4e4        0x0 ../../libc/xtensa-lx106-elf/lib/libc.a(lib_a-fwalk.o)
 .bss           0x000000003ffea4e4        0x0 ../../libc/xtensa-lx106-elf/lib/libc.a(lib_a-impure.o)
 .bss           0x000000003ffea4e4        0x0 ../../libc/xtensa-lx106-elf/lib/libc.a(lib_a-makebuf.o)
 .bss           0x000000003ffea4e4        0x0 ../../libc/xtensa-lx106-elf/lib/libc.a(lib_a-memchr.o)
 .bss           0x000000003ffea4e4        0x0 ../../libc/xtensa-lx106-elf/lib/libc.a(lib_a-memmove.o)
 .bss           0x000000003ffea4e4        0x0 ../../libc/xtensa-lx106-elf/lib/libc.a(lib_a-nano-reallocr.o)
 .bss           0x000000003ffea4e4        0x0 ../../libc/xtensa-lx106-elf/lib/libc.a(lib_a-nano-vfprintf.o)
 .bss           0x000000003ffea4e4        0x0 ../../libc/xtensa-lx106-elf/lib/libc.a(lib_a-stdio.o)
 .bss           0x000000003ffea4e4        0x0 ../../libc/xtensa-lx106-elf/lib/libc.a(isatty.o)
 .bss           0x000000003ffea4e4        0x0 ../../libc/xtensa-lx106-elf/lib/libc.a(lib_a-fclose.o)
 .bss           0x000000003ffea4e4        0x0 ../../libc/xtensa-lx106-elf/lib/libc.a(lib_a-fputwc.o)
 .bss           0x000000003ffea4e4        0xc ../../libc/xtensa-lx106-elf/lib/libc.a(lib_a-locale.o)
                0x000000003ffea4e4                _PathLocale
                0x000000003ffea4e8                __mlocale_changed
                0x000000003ffea4ec                __nlocale_changed
 .bss           0x000000003ffea4f0        0x0 ../../libc/xtensa-lx106-elf/lib/libc.a(lib_a-nano-msizer.o)
 .bss           0x000000003ffea4f0        0x0 ../../libc/xtensa-lx106-elf/lib/libc.a(lib_a-nano-vfprintf_i.o)
 .bss           0x000000003ffea4f0        0x0 ../../libc/xtensa-lx106-elf/lib/libc.a(lib_a-strcmp.o)
 .bss           0x000000003ffea4f0        0x0 ../../libc/xtensa-lx106-elf/lib/libc.a(lib_a-wcrtomb.o)
 .bss           0x000000003ffea4f0        0x0 ../../libc/xtensa-lx106-elf/lib/libc.a(lib_a-wctomb_r.o)
 .bss           0x000000003ffea4f0       0x40 ./build/sdklib/libmain.a(ets_timer.o)
                0x000000003ffea4f8                sdk_debug_timer
                0x000000003ffea4fc                sdk_debug_timerfn
 .bss           0x000000003ffea530        0x4 ./build/sdklib/libmain.a(misc.o)
                0x000000003ffea530                sdk__putc1
 .bss           0x000000003ffea534        0x0 ./build/sdklib/libmain.a(spi_flash.o)
 .bss           0x000000003ffea534        0x0 ./build/sdklib/libmain.a(uart.o)
 *fill*         0x000000003ffea534        0xc 
 .bss           0x000000003ffea540      0x131 ./build/sdklib/libmain.a(user_interface.o)
                0x000000003ffea639                sdk_cpu_overclock
                0x000000003ffea63c                sdk_rst_if
                0x000000003ffea65c                sdk_promiscuous_cb
 .bss           0x000000003ffea671        0x0 ./build/sdklib/libmain.a(os_cpu_a.o)
 .bss           0x000000003ffea671        0x0 ./build/sdklib/libmain.a(xtensa_context.o)
 *fill*         0x000000003ffea671        0x3 
 .bss           0x000000003ffea674        0x5 ./build/sdklib/libmain.a(timers.o)
 *fill*         0x000000003ffea679        0x3 
 .bss           0x000000003ffea67c      0x54c ./build/sdklib/libnet80211.a(ieee80211.o)
                0x000000003ffea67c                sdk_g_ic
                0x000000003ffeabc4                sdk_xieee80211Queue
 .bss           0x000000003ffeabc8        0x0 ./build/sdklib/libnet80211.a(ieee80211_crypto.o)
 .bss           0x000000003ffeabc8       0x28 ./build/sdklib/libnet80211.a(ieee80211_hostap.o)
                0x000000003ffeabe8                sdk_TmpSTAAPCloseAP
                0x000000003ffeabe9                sdk_PendFreeBcnEb
 .bss           0x000000003ffeabf0        0x0 ./build/sdklib/libnet80211.a(ieee80211_ht.o)
 .bss           0x000000003ffeabf0        0x0 ./build/sdklib/libnet80211.a(ieee80211_input.o)
 .bss           0x000000003ffeabf0        0x0 ./build/sdklib/libnet80211.a(ieee80211_output.o)
 .bss           0x000000003ffeabf0        0x0 ./build/sdklib/libnet80211.a(ieee80211_phy.o)
 .bss           0x000000003ffeabf0        0x0 ./build/sdklib/libnet80211.a(ieee80211_power.o)
 .bss           0x000000003ffeabf0        0x0 ./build/sdklib/libnet80211.a(ieee80211_proto.o)
 .bss           0x000000003ffeabf0       0xe4 ./build/sdklib/libnet80211.a(ieee80211_scan.o)
                0x000000003ffeabf0                sdk_gScanStruct
                0x000000003ffeacb4                sdk_auth_type
                0x000000003ffeacb6                sdk_scannum
 .bss           0x000000003ffeacd4        0x0 ./build/sdklib/libnet80211.a(ieee80211_sta.o)
 .bss           0x000000003ffeacd4       0x44 ./build/sdklib/libnet80211.a(wl_chm.o)
 .bss           0x000000003ffead18      0x780 ./build/sdklib/libnet80211.a(wl_cnx.o)
                0x000000003ffeb478                sdk_sta_con_timer
                0x000000003ffeb494                sdk_g_cnx_probe_rc_list_cb
 .bss           0x000000003ffeb498        0x0 ./build/sdklib/libnet80211.a(ieee80211_action.o)
 .bss           0x000000003ffeb498        0x0 ./build/sdklib/libnet80211.a(ieee80211_ets.o)
 .bss           0x000000003ffeb498        0x4 ./build/sdklib/libphy.a(phy.o)
 .bss           0x000000003ffeb49c        0x0 ./build/sdklib/libphy.a(phy_chip_v6_ana.o)
 *fill*         0x000000003ffeb49c        0x4 
 .bss           0x000000003ffeb4a0      0x38b ./build/sdklib/libphy.a(phy_chip_v6.o)
                0x000000003ffeb4a0                sdk_rxiq_compute_num
                0x000000003ffeb4a4                sdk_rxdc_init_flag
                0x000000003ffeb4a8                sdk_check_result
                0x000000003ffeb4ac                sdk_chip6_sleep_params
                0x000000003ffeb684                sdk_chip6_phy_init_ctrl
                0x000000003ffeb6f2                sdk_phy_freq_offset
                0x000000003ffeb6f4                sdk_do_pwctrl_flag
                0x000000003ffeb6f5                sdk_pwctrl_debug
                0x000000003ffeb6f6                sdk_txbk_dpdby_flag
                0x000000003ffeb6f8                sdk_sw_scan_mode
                0x000000003ffeb70c                sdk_periodic_cal_dc_num
                0x000000003ffeb710                sdk_periodic_cal_flag
                0x000000003ffeb711                sdk_bbpll_cal_flag
                0x000000003ffeb712                sdk_deep_sleep_en
                0x000000003ffeb718                sdk_noise_array
                0x000000003ffeb820                sdk_tx_pwctrl_atten_init
 *fill*         0x000000003ffeb82b        0x1 
 .bss           0x000000003ffeb82c        0x6 ./build/sdklib/libphy.a(phy_chip_v6_cal.o)
                0x000000003ffeb82c                sdk_loop_pwctrl_pwdet_error_accum_high_power
                0x000000003ffeb82e                sdk_tx_pwctrl_pk_num
                0x000000003ffeb82f                sdk_loop_pwctrl_correct_atten_high_power
                0x000000003ffeb830                sdk_tx_pwctrl_set_chan_flag
                0x000000003ffeb831                sdk_rxiq_cover_fail_num
 .bss           0x000000003ffeb832        0x0 ./build/sdklib/libphy.a(phy_chip_v6_unused.o)
 *fill*         0x000000003ffeb832        0x2 
 .bss           0x000000003ffeb834        0x4 ./build/sdklib/libphy.a(phy_sleep.o)
                0x000000003ffeb834                sdk_periodic_cal_sat
                0x000000003ffeb835                sdk_software_slp_reject
                0x000000003ffeb836                sdk_SDIO_slp_reject
                0x000000003ffeb837                sdk_hardware_reject
 .bss           0x000000003ffeb838        0x0 ./build/sdklib/libphy.a(phy_chip_v5_romfunc.o)
 .bss           0x000000003ffeb838        0x0 ./build/sdklib/libphy.a(phy_chip_v5_ana_romfunc.o)
 .bss           0x000000003ffeb838        0x0 ./build/sdklib/libphy.a(phy_chip_v5_cal_romfunc.o)
 *fill*         0x000000003ffeb838        0x8 
 .bss           0x000000003ffeb840     0x11e8 ./build/sdklib/libpp.a(esf_buf.o)
 *fill*         0x000000003ffeca28        0x8 
 .bss           0x000000003ffeca30       0x30 ./build/sdklib/libpp.a(if_hwctrl.o)
                0x000000003ffeca30                sdk_interface_mask
                0x000000003ffeca40                sdk_if_ctrl
 .bss           0x000000003ffeca60      0x150 ./build/sdklib/libpp.a(lmac.o)
                0x000000003ffeca64                sdk_lmacConfMib
 .bss           0x000000003ffecbb0      0x149 ./build/sdklib/libpp.a(pm.o)
 *fill*         0x000000003ffeccf9        0x7 
 .bss           0x000000003ffecd00      0x352 ./build/sdklib/libpp.a(pp.o)
                0x000000003ffecd28                sdk_pend_flag_noise_check
                0x000000003ffecd30                sdk_pend_flag_periodic_cal
                0x000000003ffecd54                sdk_dbg_stop_sw_wdt
                0x000000003ffecd55                sdk_dbg_stop_hw_wdt
 *fill*         0x000000003ffed052        0xe 
 .bss           0x000000003ffed060      0x100 ./build/sdklib/libpp.a(rate_control.o)
 .bss           0x000000003ffed160      0x268 ./build/sdklib/libpp.a(trc.o)
 *fill*         0x000000003ffed3c8        0x8 
 .bss           0x000000003ffed3d0     0x4721 ./build/sdklib/libpp.a(wdev.o)
                0x000000003ffed3d0                sdk_wDevCtrl
                0x000000003ffed574                sdk_NMIIrqIsOn
                0x000000003ffed578                sdk_WdevTimOffSet
 .bss           0x000000003fff1af1        0x0 ./build/sdklib/libwpa.a(ap_config.o)
 .bss           0x000000003fff1af1        0x0 ./build/sdklib/libwpa.a(common.o)
 .bss           0x000000003fff1af1        0x0 ./build/sdklib/libwpa.a(os_xtensa.o)
 .bss           0x000000003fff1af1        0x0 ./build/sdklib/libwpa.a(sha1-pbkdf2.o)
 .bss           0x000000003fff1af1        0x0 ./build/sdklib/libwpa.a(wpa_auth.o)
 .bss           0x000000003fff1af1        0x0 ./build/sdklib/libwpa.a(wpa_auth_ie.o)
 *fill*         0x000000003fff1af1        0xf 
 .bss           0x000000003fff1b00      0x27a ./build/sdklib/libwpa.a(wpa.o)
 .bss           0x000000003fff1d7a        0x0 ./build/sdklib/libwpa.a(wpa_common.o)
 .bss           0x000000003fff1d7a        0x0 ./build/sdklib/libwpa.a(wpa_debug.o)
 .bss           0x000000003fff1d7a        0x0 ./build/sdklib/libwpa.a(wpa_ie.o)
 .bss           0x000000003fff1d7a        0x0 ./build/sdklib/libwpa.a(wpa_main.o)
 .bss           0x000000003fff1d7a        0x0 ./build/sdklib/libwpa.a(wpas_glue.o)
 .bss           0x000000003fff1d7a        0x0 ./build/sdklib/libwpa.a(aes-unwrap.o)
 .bss           0x000000003fff1d7a        0x0 ./build/sdklib/libwpa.a(aes-wrap.o)
 .bss           0x000000003fff1d7a        0x0 ./build/sdklib/libwpa.a(md5.o)
 .bss           0x000000003fff1d7a        0x0 ./build/sdklib/libwpa.a(md5-internal.o)
 .bss           0x000000003fff1d7a        0x0 ./build/sdklib/libwpa.a(rc4.o)
 .bss           0x000000003fff1d7a        0x0 ./build/sdklib/libwpa.a(sha1.o)
 .bss           0x000000003fff1d7a        0x0 ./build/sdklib/libwpa.a(sha1-internal.o)
 *fill*         0x000000003fff1d7a        0x6 
 .bss           0x000000003fff1d80       0xb0 ./build/sdklib/libwpa.a(aes-internal-dec.o)
 .bss           0x000000003fff1e30        0x0 ./build/sdklib/libwpa.a(aes-internal-enc.o)
 .bss           0x000000003fff1e30        0x0 ./build/sdklib/libwpa.a(aes-internal.o)
 .bss           0x000000003fff1e30        0x4 ./build/program.a(simple.o)
 .bss           0x000000003fff1e34        0x0 ./build/freertos.a(queue.o)
 .bss           0x000000003fff1e34        0x0 ./build/freertos.a(list.o)
 .bss           0x000000003fff1e34      0x1c8 ./build/freertos.a(tasks.o)
                0x000000003fff1e34                pxCurrentTCB
 .bss           0x000000003fff1ffc       0x3c ./build/freertos.a(timers.o)
 .bss           0x000000003fff2038       0x14 ./build/freertos.a(port.o)
 .bss           0x000000003fff204c        0x0 ./build/lwip.a(esp_interface.o)
 .bss           0x000000003fff204c        0xc ./build/lwip.a(tcpip.o)
 .bss           0x000000003fff2058        0x0 ./build/lwip.a(dhcp.o)
 .bss           0x000000003fff2058        0x0 ./build/lwip.a(init.o)
 .bss           0x000000003fff2058        0x0 ./build/lwip.a(memp.o)
 .bss           0x000000003fff2058      0x2b0 ./build/lwip.a(dns.o)
 .bss           0x000000003fff2308        0x2 ./build/lwip.a(tcp.o)
 .bss           0x000000003fff230a        0x0 ./build/lwip.a(pbuf.o)
 .bss           0x000000003fff230a        0x1 ./build/lwip.a(netif.o)
 .bss           0x000000003fff230b        0x0 ./build/lwip.a(stats.o)
 *fill*         0x000000003fff230b        0x1 
 .bss           0x000000003fff230c        0x8 ./build/lwip.a(timers.o)
 .bss           0x000000003fff2314        0x0 ./build/lwip.a(udp.o)
 .bss           0x000000003fff2314        0x0 ./build/lwip.a(tcp_out.o)
 .bss           0x000000003fff2314       0x10 ./build/lwip.a(ip_addr.o)
 .bss           0x000000003fff2324        0x2 ./build/lwip.a(ip.o)
 .bss           0x000000003fff2326        0x0 ./build/lwip.a(inet_chksum.o)
 .bss           0x000000003fff2326        0x0 ./build/lwip.a(icmp.o)
 *fill*         0x000000003fff2326        0x2 
 .bss           0x000000003fff2328       0xcc ./build/lwip.a(etharp.o)
 .bss           0x000000003fff23f4        0x4 ./build/lwip.a(sys_arch.o)
                0x000000003fff23f4                xInsideISR
 .bss           0x000000003fff23f8       0x68 ./build/lwip.a(sockets.o)
 .bss           0x000000003fff2460       0x2c ./build/lwip.a(tcp_in.o)
 .bss           0x000000003fff248c        0x4 ./build/lwip.a(raw.o)
 .bss           0x000000003fff2490        0x0 ./build/lwip.a(ip_frag.o)
 .bss           0x000000003fff2490        0x0 ./build/lwip.a(api_lib.o)
 .bss           0x000000003fff2490        0x0 ./build/lwip.a(netbuf.o)
 .bss           0x000000003fff2490        0x0 ./build/lwip.a(api_msg.o)
 .bss           0x000000003fff2490        0x0 ./build/core.a(sdk_compat.o)
 .bss           0x000000003fff2490        0x4 ./build/core.a(newlib_syscalls.o)
 .bss           0x000000003fff2494        0x0 /home/olga/esp/esp-open-sdk/xtensa-lx106-elf/xtensa-lx106-elf/sysroot/usr/lib/libhal.a(clock.o)
 .bss           0x000000003fff2494        0x0 /home/olga/esp/esp-open-sdk/xtensa-lx106-elf/xtensa-lx106-elf/sysroot/usr/lib/libhal.a(int_asm--set_intset.o)
 .bss           0x000000003fff2494        0x0 /home/olga/esp/esp-open-sdk/xtensa-lx106-elf/lib/gcc/xtensa-lx106-elf/4.8.2/libgcc.a(_divsi3.o)
 .bss           0x000000003fff2494        0x0 /home/olga/esp/esp-open-sdk/xtensa-lx106-elf/lib/gcc/xtensa-lx106-elf/4.8.2/libgcc.a(_modsi3.o)
 .bss           0x000000003fff2494        0x0 /home/olga/esp/esp-open-sdk/xtensa-lx106-elf/lib/gcc/xtensa-lx106-elf/4.8.2/libgcc.a(_udivsi3.o)
 .bss           0x000000003fff2494        0x0 /home/olga/esp/esp-open-sdk/xtensa-lx106-elf/lib/gcc/xtensa-lx106-elf/4.8.2/libgcc.a(_umodsi3.o)
 .bss           0x000000003fff2494        0x0 /home/olga/esp/esp-open-sdk/xtensa-lx106-elf/lib/gcc/xtensa-lx106-elf/4.8.2/libgcc.a(_ashrdi3.o)
 .bss           0x000000003fff2494        0x0 /home/olga/esp/esp-open-sdk/xtensa-lx106-elf/lib/gcc/xtensa-lx106-elf/4.8.2/libgcc.a(_addsubsf3.o)
 .bss           0x000000003fff2494        0x0 /home/olga/esp/esp-open-sdk/xtensa-lx106-elf/lib/gcc/xtensa-lx106-elf/4.8.2/libgcc.a(_mulsf3.o)
 .bss           0x000000003fff2494        0x0 /home/olga/esp/esp-open-sdk/xtensa-lx106-elf/lib/gcc/xtensa-lx106-elf/4.8.2/libgcc.a(_divsf3.o)
 .bss           0x000000003fff2494        0x0 /home/olga/esp/esp-open-sdk/xtensa-lx106-elf/lib/gcc/xtensa-lx106-elf/4.8.2/libgcc.a(_fixsfsi.o)
 .bss           0x000000003fff2494        0x0 /home/olga/esp/esp-open-sdk/xtensa-lx106-elf/lib/gcc/xtensa-lx106-elf/4.8.2/libgcc.a(_fixunssfsi.o)
 .bss           0x000000003fff2494        0x0 /home/olga/esp/esp-open-sdk/xtensa-lx106-elf/lib/gcc/xtensa-lx106-elf/4.8.2/libgcc.a(_floatsisf.o)
 .bss           0x000000003fff2494        0x0 /home/olga/esp/esp-open-sdk/xtensa-lx106-elf/lib/gcc/xtensa-lx106-elf/4.8.2/libgcc.a(_addsubdf3.o)
 .bss           0x000000003fff2494        0x0 /home/olga/esp/esp-open-sdk/xtensa-lx106-elf/lib/gcc/xtensa-lx106-elf/4.8.2/libgcc.a(_muldf3.o)
 .bss           0x000000003fff2494        0x0 /home/olga/esp/esp-open-sdk/xtensa-lx106-elf/lib/gcc/xtensa-lx106-elf/4.8.2/libgcc.a(_divdf3.o)
 .bss           0x000000003fff2494        0x0 /home/olga/esp/esp-open-sdk/xtensa-lx106-elf/lib/gcc/xtensa-lx106-elf/4.8.2/libgcc.a(_fixdfsi.o)
 .bss           0x000000003fff2494        0x0 /home/olga/esp/esp-open-sdk/xtensa-lx106-elf/lib/gcc/xtensa-lx106-elf/4.8.2/libgcc.a(_floatsidf.o)
 .bss           0x000000003fff2494        0x0 /home/olga/esp/esp-open-sdk/xtensa-lx106-elf/lib/gcc/xtensa-lx106-elf/4.8.2/libgcc.a(_truncdfsf2.o)
 .bss           0x000000003fff2494        0x0 /home/olga/esp/esp-open-sdk/xtensa-lx106-elf/lib/gcc/xtensa-lx106-elf/4.8.2/libgcc.a(_extendsfdf2.o)
 .bss           0x000000003fff2494        0x0 /home/olga/esp/esp-open-sdk/xtensa-lx106-elf/lib/gcc/xtensa-lx106-elf/4.8.2/libgcc.a(_muldi3.o)
 .bss           0x000000003fff2494        0x0 /home/olga/esp/esp-open-sdk/xtensa-lx106-elf/lib/gcc/xtensa-lx106-elf/4.8.2/libgcc.a(_popcountsi2.o)
 .bss           0x000000003fff2494        0x0 /home/olga/esp/esp-open-sdk/xtensa-lx106-elf/lib/gcc/xtensa-lx106-elf/4.8.2/libgcc.a(_divdi3.o)
 .bss           0x000000003fff2494        0x0 /home/olga/esp/esp-open-sdk/xtensa-lx106-elf/lib/gcc/xtensa-lx106-elf/4.8.2/libgcc.a(_umoddi3.o)
 .bss           0x000000003fff2494        0x0 /home/olga/esp/esp-open-sdk/xtensa-lx106-elf/lib/gcc/xtensa-lx106-elf/4.8.2/libgcc.a(_umulsidi3.o)
 .bss           0x000000003fff2494        0x0 /home/olga/esp/esp-open-sdk/xtensa-lx106-elf/lib/gcc/xtensa-lx106-elf/4.8.2/libgcc.a(_popcount_tab.o)
 .bss           0x000000003fff2494        0x0 ../../libc/xtensa-lx106-elf/lib/libc.a(lib_a-bzero.o)
 .bss           0x000000003fff2494        0x0 ../../libc/xtensa-lx106-elf/lib/libc.a(lib_a-calloc.o)
 .bss           0x000000003fff2494        0x0 ../../libc/xtensa-lx106-elf/lib/libc.a(lib_a-memcmp.o)
 .bss           0x000000003fff2494        0x0 ../../libc/xtensa-lx106-elf/lib/libc.a(lib_a-mstats.o)
 .bss           0x000000003fff2494        0x0 ../../libc/xtensa-lx106-elf/lib/libc.a(lib_a-nano-callocr.o)
 .bss           0x000000003fff2494       0x28 ../../libc/xtensa-lx106-elf/lib/libc.a(lib_a-nano-mallinfor.o)
                0x000000003fff2494                __malloc_current_mallinfo
 .bss           0x000000003fff24bc        0x0 ../../libc/xtensa-lx106-elf/lib/libc.a(lib_a-nano-malloptr.o)
 .bss           0x000000003fff24bc        0x0 ../../libc/xtensa-lx106-elf/lib/libc.a(lib_a-nano-mallstatsr.o)
 .bss           0x000000003fff24bc        0x0 ../../libc/xtensa-lx106-elf/lib/libc.a(lib_a-rand.o)
 .bss           0x000000003fff24bc        0x0 ../../libc/xtensa-lx106-elf/lib/libc.a(lib_a-sprintf.o)
 .bss           0x000000003fff24bc        0x0 ../../libc/xtensa-lx106-elf/lib/libc.a(lib_a-strncmp.o)
 .bss           0x000000003fff24bc        0x0 ../../libc/xtensa-lx106-elf/lib/libc.a(lib_a-strncpy.o)
 .bss           0x000000003fff24bc        0x0 ../../libc/xtensa-lx106-elf/lib/libc.a(lib_a-strrchr.o)
 .bss           0x000000003fff24bc        0x0 ../../libc/xtensa-lx106-elf/lib/libc.a(lib_a-syssbrk.o)
 .bss           0x000000003fff24bc        0x0 ../../libc/xtensa-lx106-elf/lib/libc.a(lib_a-fprintf.o)
 .bss           0x000000003fff24bc        0x0 ../../libc/xtensa-lx106-elf/lib/libc.a(lib_a-nano-svfprintf.o)
 .bss           0x000000003fff24bc        0x0 ../../libc/xtensa-lx106-elf/lib/libc.a(lib_a-strchr.o)
 .bss           0x000000003fff24bc        0x0 ./build/sdklib/libnet80211.a(ieee80211_crypto_ccmp.o)
 *fill*         0x000000003fff24bc        0x4 
 .bss           0x000000003fff24c0        0x8 ./build/sdklib/libnet80211.a(ieee80211_crypto_tkip.o)
 .bss           0x000000003fff24c8        0x0 ./build/sdklib/libnet80211.a(ieee80211_crypto_wep.o)
 *(.bss.*)
 *(.gnu.linkonce.b.*)
 *(COMMON)
 COMMON         0x000000003fff24c8       0x2d ./build/core.a(app_main.o)
                0x000000003fff24c8                sdk_info
                0x000000003fff24ec                sdk_xWatchDogTaskHandle
                0x000000003fff24f0                sdk_xUserTaskHandle
                0x000000003fff24f4                sdk_user_init_flag
 *fill*         0x000000003fff24f5        0x3 
 COMMON         0x000000003fff24f8       0x48 ./build/freertos.a(port.o)
                0x000000003fff24f8                level1_int_disabled
                0x000000003fff24fc                isr
                0x000000003fff253c                cpu_sr
 COMMON         0x000000003fff2540       0x34 ./build/lwip.a(dhcp.o)
                0x000000003fff2540                dhcp_rx_options_given
                0x000000003fff254c                dhcp_rx_options_val
 COMMON         0x000000003fff2574       0x1c ./build/lwip.a(tcp.o)
                0x000000003fff2574                tcp_active_pcbs_changed
                0x000000003fff2578                tcp_active_pcbs
                0x000000003fff257c                tcp_ticks
                0x000000003fff2580                tcp_listen_pcbs
                0x000000003fff2584                tcp_tmp_pcb
                0x000000003fff2588                tcp_bound_pcbs
                0x000000003fff258c                tcp_tw_pcbs
 COMMON         0x000000003fff2590        0x8 ./build/lwip.a(netif.o)
                0x000000003fff2590                netif_list
                0x000000003fff2594                netif_default
 COMMON         0x000000003fff2598       0xba ./build/lwip.a(stats.o)
                0x000000003fff2598                lwip_stats
 *fill*         0x000000003fff2652        0x2 
 COMMON         0x000000003fff2654        0x4 ./build/lwip.a(udp.o)
                0x000000003fff2654                udp_pcbs
 COMMON         0x000000003fff2658       0x10 ./build/lwip.a(ip.o)
                0x000000003fff2658                current_iphdr_src
                0x000000003fff265c                current_netif
                0x000000003fff2660                current_iphdr_dest
                0x000000003fff2664                current_header
 COMMON         0x000000003fff2668        0x4 ./build/lwip.a(tcp_in.o)
                0x000000003fff2668                tcp_input_pcb
                0x000000003fff2670                . = ALIGN (0x8)
 *fill*         0x000000003fff266c        0x4 
                0x000000003fff2670                _bss_end = ABSOLUTE (.)
                0x000000003fff2670                _heap_start = ABSOLUTE (.)

.text           0x0000000040100000     0x75cd
                0x0000000040100000                _stext = .
                0x0000000040100000                _text_start = ABSOLUTE (.)
                0x0000000040100000                . = ALIGN (0x10)
 *(.vecbase.text)
 .vecbase.text  0x0000000040100000      0x23d ./build/core.a(exception_vectors.o)
                0x0000000040100000                VecBase
                0x000000004010008c                call_user_start
                0x0000000040100229                _xt_user_exit
 *(.entry.text)
 *(.init.literal)
 *(.init)
 *(.iram1.*)
 *fill*         0x000000004010023d        0x3 
 .iram1.text    0x0000000040100240      0x7c4 ./build/core.a(app_main.o)
                                        0x8d0 (size before relaxing)
                0x00000000401002b4                sdk_user_fatal_exception_handler
                0x00000000401003c8                vApplicationStackOverflowHook
                0x00000000401003f4                vApplicationIdleHook
                0x0000000040100418                vApplicationTickHook
                0x0000000040100530                sdk_user_start
 .iram1.text    0x0000000040100a04      0x26b ./build/freertos.a(queue.o)
                                        0x313 (size before relaxing)
                0x0000000040100b50                xQueueGenericSend
                0x0000000040100c68                uxQueueMessagesWaitingFromISR
 *fill*         0x0000000040100c6f        0x1 
 .iram1.text    0x0000000040100c70      0x4d5 ./build/freertos.a(tasks.o)
                                        0x5c8 (size before relaxing)
                0x0000000040100cec                vTaskSuspendAll
                0x0000000040100d10                xTaskIncrementTick
                0x0000000040100ea8                xTaskResumeAll
                0x0000000040100f98                vTaskPlaceOnEventList
                0x0000000040100fe8                xTaskRemoveFromEventList
                0x0000000040101058                vTaskSetTimeOutState
                0x0000000040101070                xTaskCheckForTimeOut
                0x00000000401010e8                vTaskMissedYield
                0x00000000401010f4                vTaskPriorityDisinherit
 *fill*         0x0000000040101145        0x3 
 .iram1.text    0x0000000040101148      0x19a ./build/freertos.a(port.o)
                                        0x1da (size before relaxing)
                0x0000000040101150                SV_ISR
                0x0000000040101198                vPortEnterCritical
                0x00000000401011c0                vPortExitCritical
                0x00000000401011ec                PendSV
                0x0000000040101248                _xt_isr_attach
                0x0000000040101258                _xt_isr_handler
 *fill*         0x00000000401012e2        0x2 
 .iram1.text    0x00000000401012e4       0x1b ./build/core.a(sdk_compat.o)
                0x00000000401012e8                zalloc
 *fill*         0x00000000401012ff        0x1 
 .iram1.text    0x0000000040101300       0x19 ./build/core.a(newlib_syscalls.o)
                0x0000000040101308                _sbrk_r
 *fill*         0x0000000040101319        0x3 
 .iram1.literal
                0x000000004010131c        0x0 ./build/core.a(app_main.o)
 .iram1.literal
                0x000000004010131c        0x0 ./build/freertos.a(queue.o)
 *fill*         0x000000004010131c        0x0 
 .iram1.literal
                0x000000004010131c        0x0 ./build/freertos.a(list.o)
 .iram1.text    0x000000004010131c       0x65 ./build/freertos.a(list.o)
                0x000000004010131c                vListInsertEnd
                0x0000000040101334                vListInsert
                0x0000000040101360                uxListRemove
 *fill*         0x0000000040101381        0x3 
 .iram1.literal
                0x0000000040101384        0x0 ./build/freertos.a(tasks.o)
 .iram1.literal
                0x0000000040101384        0x0 ./build/freertos.a(port.o)
 *fill*         0x0000000040101384        0x0 
 .iram1.literal
                0x0000000040101384        0x0 ./build/core.a(sdk_compat.o)
 *fill*         0x0000000040101384        0x0 
 .iram1.literal
                0x0000000040101384        0x0 ./build/core.a(newlib_syscalls.o)
 *sdklib*:*(.literal .text .literal.* .text.*)
 .text          0x0000000040101384       0x94 ./build/sdklib/libmain.a(ets_timer.o)
                                         0xa0 (size before relaxing)
 .text          0x0000000040101418        0xb ./build/sdklib/libmain.a(misc.o)
                0x000000004010141c                sdk_os_get_cpu_frequency
 *fill*         0x0000000040101423        0x1 
 .text          0x0000000040101424      0x3ac ./build/sdklib/libmain.a(spi_flash.o)
                                        0x47c (size before relaxing)
                0x0000000040101444                sdk_SPIReadModeCnfig
                0x00000000401014c8                sdk_SPIWrite
                0x000000004010159c                sdk_SPIRead
                0x00000000401015cc                sdk_SPIEraseSector
                0x0000000040101618                sdk_spi_flash_get_id
                0x0000000040101684                sdk_spi_flash_read_status
                0x00000000401016c4                sdk_spi_flash_write_status
                0x0000000040101700                sdk_spi_flash_erase_sector
                0x0000000040101734                sdk_spi_flash_write
                0x000000004010178c                sdk_spi_flash_read
 .text          0x00000000401017d0      0x180 ./build/sdklib/libmain.a(user_interface.o)
                                        0x19c (size before relaxing)
                0x00000000401017dc                sdk_system_restart_in_nmi
                0x00000000401018a8                sdk_system_rtc_mem_write
                0x00000000401018fc                sdk_system_rtc_mem_read
 .text          0x0000000040101950      0x13f ./build/sdklib/libmain.a(os_cpu_a.o)
                                        0x177 (size before relaxing)
                0x0000000040101950                vPortYield
                0x000000004010198c                sdk__xt_int_enter
                0x00000000401019a4                sdk__xt_int_exit
                0x00000000401019cc                sdk__xt_timer_int
                0x0000000040101a00                sdk__xt_timer_int1
                0x0000000040101a1c                sdk__xt_tick_timer_init
                0x0000000040101a40                sdk__xt_isr_unmask
                0x0000000040101a58                sdk__xt_isr_mask
                0x0000000040101a70                sdk__xt_read_ints
                0x0000000040101a80                sdk__xt_clear_ints
 *fill*         0x0000000040101a8f        0x1 
 .text          0x0000000040101a90        0xb ./build/sdklib/libnet80211.a(wl_chm.o)
                0x0000000040101a94                sdk_chm_get_current_channel
 *fill*         0x0000000040101a9b        0x1 
 .text          0x0000000040101a9c       0x4f ./build/sdklib/libphy.a(phy.o)
                                         0x53 (size before relaxing)
                0x0000000040101aa4                sdk_register_phy_ops
                0x0000000040101ac4                sdk_phy_change_channel
                0x0000000040101ae0                sdk_phy_get_mactime
 *fill*         0x0000000040101aeb        0x1 
 .text          0x0000000040101aec       0xf7 ./build/sdklib/libphy.a(phy_sleep.o)
                                        0x103 (size before relaxing)
                0x0000000040101b00                sdk_pm_rtc_clock_cali
                0x0000000040101bb8                sdk_clockgate_watchdog
 *fill*         0x0000000040101be3        0x1 
 .text          0x0000000040101be4        0xb ./build/sdklib/libphy.a(phy_chip_v5_romfunc.o)
                0x0000000040101be8                sdk_phy_get_romfuncs
 *fill*         0x0000000040101bef        0x1 
 .text          0x0000000040101bf0       0x94 ./build/sdklib/libpp.a(esf_buf.o)
                                         0xb4 (size before relaxing)
                0x0000000040101bf4                sdk_esf_rx_buf_alloc
 .text          0x0000000040101c84     0x14e4 ./build/sdklib/libpp.a(lmac.o)
                                       0x187c (size before relaxing)
                0x0000000040101c88                sdk_lmacIsActive
                0x0000000040101c9c                sdk_lmacIsIdle
                0x00000000401020e8                sdk_lmacSetAcParam
                0x0000000040102184                sdk_lmacProcessTXStartData
                0x000000004010232c                sdk_lmacProcessTxSuccess
                0x0000000040102474                sdk_GetAccess
                0x0000000040102480                sdk_lmacDiscardAgedMSDU
                0x0000000040102494                sdk_lmacRecycleMPDU
                0x0000000040102974                sdk_lmacProcessCollisions
                0x00000000401029d0                sdk_lmacProcessCollision
                0x0000000040102a54                sdk_lmacMSDUAged
                0x0000000040102dd8                sdk_lmacProcessCtsTimeout
                0x0000000040102e20                sdk_lmacProcessAckTimeout
                0x0000000040102e74                sdk_lmacProcessRtsStart
                0x0000000040102e80                sdk_lmacProcessTxRtsError
                0x0000000040102f18                sdk_lmacProcessTxError
                0x0000000040102f9c                sdk_lmacTxFrame
                0x0000000040103150                sdk_lmacRxDone
 .text          0x0000000040103168      0xe60 ./build/sdklib/libpp.a(pp.o)
                                       0x103c (size before relaxing)
                0x0000000040103198                sdk_pp_soft_wdt_feed
                0x00000000401032b0                sdk_ppProcessTxQ
                0x00000000401033a0                sdk_ppFetchTxQFirstAvail
                0x00000000401033e0                sdk_ppDequeueTxQ
                0x0000000040103408                sdk_ppRollBackTxQ
                0x000000004010342c                sdk_ppRecordBarRRC
                0x000000004010343c                sdk_ppTxqUpdateBitmap
                0x0000000040103460                sdk_ppEnqueueTxDone
                0x0000000040103494                sdk_ppEnqueueRxq
                0x0000000040103c5c                sdk_ppDiscardMPDU
                0x0000000040103c8c                sdk_MacIsrSigPostDefHdl
                0x0000000040103d78                sdk_pp_post
                0x0000000040103e74                sdk_ppCalTxop
                0x0000000040103f58                sdk_ppCalFrameTimes
 .text          0x0000000040103fc8       0xf5 ./build/sdklib/libpp.a(rate_control.o)
                                        0x109 (size before relaxing)
                0x0000000040103fe8                sdk_RC_GetAckRate
                0x0000000040103ff4                sdk_RC_GetRtsRate
                0x0000000040104004                sdk_RC_GetAckTime
                0x0000000040104018                sdk_RC_GetCtsTime
                0x0000000040104050                sdk_RC_GetBlockAckTime
 *fill*         0x00000000401040bd        0x3 
 .text          0x00000000401040c0      0x7f9 ./build/sdklib/libpp.a(trc.o)
                                        0x81d (size before relaxing)
                0x0000000040104238                sdk_rcUpdateTxDone
                0x00000000401042cc                sdk_rcUpdateRxDone
                0x0000000040104328                sdk_rcUpdateDataRxDone
                0x0000000040104340                sdk_rcGetSched
                0x00000000401043e8                sdk_rcGetRate
                0x00000000401047ec                sdk_rcReachRetryLimit
                0x0000000040104804                sdk_trc_NeedRTS
 *fill*         0x00000000401048b9        0x3 
 .text          0x00000000401048bc     0x114f ./build/sdklib/libpp.a(wdev.o)
                                       0x1473 (size before relaxing)
                0x0000000040104c10                sdk_wDev_MacTimSetFunc
                0x0000000040104c30                sdk_wDev_MacTimArm
                0x0000000040104cd4                sdk_wDev_MacTim1Arm
                0x0000000040104db0                sdk_wDev_ProcessFiq
                0x0000000040105154                sdk_wDev_EnableTransmit
                0x0000000040105198                sdk_wDev_DisableTransmit
                0x00000000401051b8                sdk_Tx_Copy2Queue
                0x0000000040105200                sdk_wDev_ProcessCollision
                0x0000000040105224                sdk_wDev_GetTxqCollisions
                0x0000000040105234                sdk_wDev_ClearTxqCollisions
                0x0000000040105250                sdk_wDev_SetWaitingQueue
                0x000000004010529c                sdk_wDev_ClearWaitingQueue
                0x00000000401052bc                sdk_wDev_SetFrameAckType
                0x0000000040105320                sdk_wDev_AppendRxBlocks
                0x00000000401054c8                sdk_wDev_AppendRxAmpduLensBlocks
                0x0000000040105600                sdk_wDev_GetBAInfo
 *fill*         0x0000000040105a0b        0x1 
 .literal       0x0000000040105a0c        0x0 ./build/sdklib/libmain.a(ets_timer.o)
 .literal       0x0000000040105a0c        0x0 ./build/sdklib/libmain.a(misc.o)
 *fill*         0x0000000040105a0c        0x0 
 .literal       0x0000000040105a0c        0x0 ./build/sdklib/libmain.a(spi_flash.o)
 .text          0x0000000040105a0c        0x0 ./build/sdklib/libmain.a(uart.o)
 .literal       0x0000000040105a0c        0x0 ./build/sdklib/libmain.a(user_interface.o)
 .literal       0x0000000040105a0c        0x0 ./build/sdklib/libmain.a(os_cpu_a.o)
 *fill*         0x0000000040105a0c        0x0 
 .text          0x0000000040105a0c       0x3d ./build/sdklib/libmain.a(xtensa_context.o)
                0x0000000040105a0c                sdk__xt_context_save
                0x0000000040105a28                sdk__xt_context_restore
 .text          0x0000000040105a49        0x0 ./build/sdklib/libmain.a(timers.o)
 .text          0x0000000040105a49        0x0 ./build/sdklib/libnet80211.a(ieee80211.o)
 .text          0x0000000040105a49        0x0 ./build/sdklib/libnet80211.a(ieee80211_crypto.o)
 *fill*         0x0000000040105a49        0x3 
 .literal       0x0000000040105a4c        0x0 ./build/sdklib/libnet80211.a(ieee80211_hostap.o)
 .text          0x0000000040105a4c       0x25 ./build/sdklib/libnet80211.a(ieee80211_hostap.o)
 .text          0x0000000040105a71        0x0 ./build/sdklib/libnet80211.a(ieee80211_ht.o)
 .text          0x0000000040105a71        0x0 ./build/sdklib/libnet80211.a(ieee80211_input.o)
 .text          0x0000000040105a71        0x0 ./build/sdklib/libnet80211.a(ieee80211_output.o)
 .text          0x0000000040105a71        0x0 ./build/sdklib/libnet80211.a(ieee80211_phy.o)
 .text          0x0000000040105a71        0x0 ./build/sdklib/libnet80211.a(ieee80211_power.o)
 .text          0x0000000040105a71        0x0 ./build/sdklib/libnet80211.a(ieee80211_proto.o)
 .text          0x0000000040105a71        0x0 ./build/sdklib/libnet80211.a(ieee80211_scan.o)
 .text          0x0000000040105a71        0x0 ./build/sdklib/libnet80211.a(ieee80211_sta.o)
 *fill*         0x0000000040105a71        0x3 
 .literal       0x0000000040105a74        0x0 ./build/sdklib/libnet80211.a(wl_chm.o)
 .text          0x0000000040105a74        0x0 ./build/sdklib/libnet80211.a(wl_cnx.o)
 .text          0x0000000040105a74        0x0 ./build/sdklib/libnet80211.a(ieee80211_action.o)
 .text          0x0000000040105a74        0x0 ./build/sdklib/libnet80211.a(ieee80211_ets.o)
 *fill*         0x0000000040105a74        0x0 
 .literal       0x0000000040105a74        0x0 ./build/sdklib/libphy.a(phy.o)
 .text          0x0000000040105a74        0x0 ./build/sdklib/libphy.a(phy_chip_v6_ana.o)
 *fill*         0x0000000040105a74        0x0 
 .literal       0x0000000040105a74        0x0 ./build/sdklib/libphy.a(phy_chip_v6.o)
 .text          0x0000000040105a74        0x2 ./build/sdklib/libphy.a(phy_chip_v6.o)
                0x0000000040105a74                sdk_ram_tx_mac_disable
 .text          0x0000000040105a76        0x0 ./build/sdklib/libphy.a(phy_chip_v6_cal.o)
 .text          0x0000000040105a76        0x0 ./build/sdklib/libphy.a(phy_chip_v6_unused.o)
 *fill*         0x0000000040105a76        0x2 
 .literal       0x0000000040105a78        0x0 ./build/sdklib/libphy.a(phy_sleep.o)
 *fill*         0x0000000040105a78        0x0 
 .literal       0x0000000040105a78        0x0 ./build/sdklib/libphy.a(phy_chip_v5_romfunc.o)
 .text          0x0000000040105a78        0x0 ./build/sdklib/libphy.a(phy_chip_v5_ana_romfunc.o)
 .text          0x0000000040105a78        0x0 ./build/sdklib/libphy.a(phy_chip_v5_cal_romfunc.o)
 *fill*         0x0000000040105a78        0x0 
 .literal       0x0000000040105a78        0x0 ./build/sdklib/libpp.a(esf_buf.o)
 .text          0x0000000040105a78        0x0 ./build/sdklib/libpp.a(if_hwctrl.o)
 .literal       0x0000000040105a78        0x0 ./build/sdklib/libpp.a(lmac.o)
 .text          0x0000000040105a78        0x0 ./build/sdklib/libpp.a(pm.o)
 .literal       0x0000000040105a78        0x0 ./build/sdklib/libpp.a(pp.o)
 .literal       0x0000000040105a78        0x0 ./build/sdklib/libpp.a(rate_control.o)
 *fill*         0x0000000040105a78        0x0 
 .literal       0x0000000040105a78        0x0 ./build/sdklib/libpp.a(trc.o)
 *fill*         0x0000000040105a78        0x0 
 .literal       0x0000000040105a78        0x0 ./build/sdklib/libpp.a(wdev.o)
 .text          0x0000000040105a78        0x0 ./build/sdklib/libwpa.a(ap_config.o)
 .text          0x0000000040105a78        0x0 ./build/sdklib/libwpa.a(common.o)
 .text          0x0000000040105a78        0x0 ./build/sdklib/libwpa.a(os_xtensa.o)
 .text          0x0000000040105a78        0x0 ./build/sdklib/libwpa.a(sha1-pbkdf2.o)
 *fill*         0x0000000040105a78        0x0 
 .literal       0x0000000040105a78        0x0 ./build/sdklib/libwpa.a(wpa_auth.o)
 .text          0x0000000040105a78       0x11 ./build/sdklib/libwpa.a(wpa_auth.o)
 .text          0x0000000040105a89        0x0 ./build/sdklib/libwpa.a(wpa_auth_ie.o)
 .text          0x0000000040105a89        0x0 ./build/sdklib/libwpa.a(wpa.o)
 .text          0x0000000040105a89        0x0 ./build/sdklib/libwpa.a(wpa_common.o)
 .text          0x0000000040105a89        0x0 ./build/sdklib/libwpa.a(wpa_debug.o)
 .text          0x0000000040105a89        0x0 ./build/sdklib/libwpa.a(wpa_ie.o)
 .text          0x0000000040105a89        0x0 ./build/sdklib/libwpa.a(wpa_main.o)
 .text          0x0000000040105a89        0x0 ./build/sdklib/libwpa.a(wpas_glue.o)
 .text          0x0000000040105a89        0x0 ./build/sdklib/libwpa.a(aes-unwrap.o)
 .text          0x0000000040105a89        0x0 ./build/sdklib/libwpa.a(aes-wrap.o)
 .text          0x0000000040105a89        0x0 ./build/sdklib/libwpa.a(md5.o)
 .text          0x0000000040105a89        0x0 ./build/sdklib/libwpa.a(md5-internal.o)
 .text          0x0000000040105a89        0x0 ./build/sdklib/libwpa.a(rc4.o)
 .text          0x0000000040105a89        0x0 ./build/sdklib/libwpa.a(sha1.o)
 .text          0x0000000040105a89        0x0 ./build/sdklib/libwpa.a(sha1-internal.o)
 .text          0x0000000040105a89        0x0 ./build/sdklib/libwpa.a(aes-internal-dec.o)
 .text          0x0000000040105a89        0x0 ./build/sdklib/libwpa.a(aes-internal-enc.o)
 .text          0x0000000040105a89        0x0 ./build/sdklib/libwpa.a(aes-internal.o)
 .text          0x0000000040105a89        0x0 ./build/sdklib/libnet80211.a(ieee80211_crypto_ccmp.o)
 .text          0x0000000040105a89        0x0 ./build/sdklib/libnet80211.a(ieee80211_crypto_tkip.o)
 .text          0x0000000040105a89        0x0 ./build/sdklib/libnet80211.a(ieee80211_crypto_wep.o)
 *libgcc.a:*i3.o(.literal .text .literal.* .text.*)
 *fill*         0x0000000040105a89        0x3 
 .literal       0x0000000040105a8c        0x0 /home/olga/esp/esp-open-sdk/xtensa-lx106-elf/lib/gcc/xtensa-lx106-elf/4.8.2/libgcc.a(_muldi3.o)
                                          0x4 (size before relaxing)
 .literal       0x0000000040105a8c        0x0 /home/olga/esp/esp-open-sdk/xtensa-lx106-elf/lib/gcc/xtensa-lx106-elf/4.8.2/libgcc.a(_divdi3.o)
                                         0x48 (size before relaxing)
 .literal       0x0000000040105a8c        0x0 /home/olga/esp/esp-open-sdk/xtensa-lx106-elf/lib/gcc/xtensa-lx106-elf/4.8.2/libgcc.a(_umoddi3.o)
                                         0x40 (size before relaxing)
 .literal       0x0000000040105a8c        0x4 ../../libc/xtensa-lx106-elf/lib/libc.a(lib_a-malloc.o)
                                         0x10 (size before relaxing)
 .literal       0x0000000040105a90        0x8 ../../libc/xtensa-lx106-elf/lib/libc.a(lib_a-nano-mallocr.o)
                                         0x14 (size before relaxing)
 .literal       0x0000000040105a98        0x0 ../../libc/xtensa-lx106-elf/lib/libc.a(lib_a-nano-freer.o)
                                          0x4 (size before relaxing)
 .literal       0x0000000040105a98        0x8 ../../libc/xtensa-lx106-elf/lib/libc.a(lib_a-rand.o)
                                         0x18 (size before relaxing)
 .literal       0x0000000040105aa0        0x0 ../../libc/xtensa-lx106-elf/lib/libc.a(lib_a-printf.o)
                                          0xc (size before relaxing)
 .literal       0x0000000040105aa0       0x24 ../../libc/xtensa-lx106-elf/lib/libc.a(lib_a-nano-vfprintf.o)
                                         0x4c (size before relaxing)
 .literal       0x0000000040105ac4        0x0 ../../libc/xtensa-lx106-elf/lib/libc.a(lib_a-sprintf.o)
                                         0x14 (size before relaxing)
 .literal       0x0000000040105ac4        0x0 ../../libc/xtensa-lx106-elf/lib/libc.a(lib_a-fprintf.o)
                                          0xc (size before relaxing)
 .literal       0x0000000040105ac4       0x18 ../../libc/xtensa-lx106-elf/lib/libc.a(lib_a-nano-svfprintf.o)
                                         0x4c (size before relaxing)
 .literal       0x0000000040105adc       0x34 ../../libc/xtensa-lx106-elf/lib/libc.a(lib_a-findfp.o)
                                         0x7c (size before relaxing)
 .literal       0x0000000040105b10        0x8 ../../libc/xtensa-lx106-elf/lib/libc.a(lib_a-fputwc.o)
                                         0x20 (size before relaxing)
 .text          0x0000000040105b18       0x36 /home/olga/esp/esp-open-sdk/xtensa-lx106-elf/lib/gcc/xtensa-lx106-elf/4.8.2/libgcc.a(_muldi3.o)
                0x0000000040105b18                __muldi3
 *fill*         0x0000000040105b4e        0x2 
 .text          0x0000000040105b50      0x3eb /home/olga/esp/esp-open-sdk/xtensa-lx106-elf/lib/gcc/xtensa-lx106-elf/4.8.2/libgcc.a(_divdi3.o)
                                        0x41b (size before relaxing)
                0x0000000040105b50                __divdi3
 *fill*         0x0000000040105f3b        0x1 
 .text          0x0000000040105f3c      0x33a /home/olga/esp/esp-open-sdk/xtensa-lx106-elf/lib/gcc/xtensa-lx106-elf/4.8.2/libgcc.a(_umoddi3.o)
                                        0x366 (size before relaxing)
                0x0000000040105f3c                __umoddi3
 *fill*         0x0000000040106276        0x2 
 .text          0x0000000040106278       0x64 /home/olga/esp/esp-open-sdk/xtensa-lx106-elf/lib/gcc/xtensa-lx106-elf/4.8.2/libgcc.a(_divsi3.o)
                0x0000000040106278                __divsi3
 .text          0x00000000401062dc       0x49 /home/olga/esp/esp-open-sdk/xtensa-lx106-elf/lib/gcc/xtensa-lx106-elf/4.8.2/libgcc.a(_modsi3.o)
                0x00000000401062dc                __modsi3
 *fill*         0x0000000040106325        0x3 
 .text          0x0000000040106328       0x4c /home/olga/esp/esp-open-sdk/xtensa-lx106-elf/lib/gcc/xtensa-lx106-elf/4.8.2/libgcc.a(_udivsi3.o)
                0x0000000040106328                __udivsi3
 .text          0x0000000040106374       0x39 /home/olga/esp/esp-open-sdk/xtensa-lx106-elf/lib/gcc/xtensa-lx106-elf/4.8.2/libgcc.a(_umodsi3.o)
                0x0000000040106374                __umodsi3
 *fill*         0x00000000401063ad        0x3 
 .text          0x00000000401063b0       0x18 /home/olga/esp/esp-open-sdk/xtensa-lx106-elf/lib/gcc/xtensa-lx106-elf/4.8.2/libgcc.a(_ashrdi3.o)
                0x00000000401063b0                __ashrdi3
 *fill*         0x00000000401063c8        0x0 
 *fill*         0x00000000401063c8        0x0 
 *fill*         0x00000000401063c8        0x0 
 .text          0x00000000401063c8       0x48 /home/olga/esp/esp-open-sdk/xtensa-lx106-elf/lib/gcc/xtensa-lx106-elf/4.8.2/libgcc.a(_umulsidi3.o)
                0x00000000401063c8                __umulsidi3
 *libc.a:*malloc.o(.literal .text .literal.* .text.*)
 .text          0x0000000040106410       0x35 ../../libc/xtensa-lx106-elf/lib/libc.a(lib_a-malloc.o)
                0x0000000040106410                malloc
                0x000000004010642c                free
 *libc.a:*mallocr.o(.literal .text .literal.* .text.*)
 *fill*         0x0000000040106445        0x3 
 .text          0x0000000040106448       0xd1 ../../libc/xtensa-lx106-elf/lib/libc.a(lib_a-nano-mallocr.o)
                                         0xd5 (size before relaxing)
                0x0000000040106448                _malloc_r
 *fill*         0x0000000040106519        0x0 
 *libc.a:*freer.o(.literal .text .literal.* .text.*)
 *fill*         0x0000000040106519        0x3 
 .text          0x000000004010651c       0x87 ../../libc/xtensa-lx106-elf/lib/libc.a(lib_a-nano-freer.o)
                0x000000004010651c                _free_r
 *fill*         0x00000000401065a3        0x0 
 *libc.a:*memcpy.o(.literal .text .literal.* .text.*)
 *fill*         0x00000000401065a3        0x1 
 .text          0x00000000401065a4      0x145 ../../libc/xtensa-lx106-elf/lib/libc.a(lib_a-memcpy.o)
                0x00000000401065e8                memcpy
 *libc.a:*memset.o(.literal .text .literal.* .text.*)
 *fill*         0x00000000401066e9        0x3 
 .text          0x00000000401066ec       0x7c ../../libc/xtensa-lx106-elf/lib/libc.a(lib_a-memset.o)
                0x0000000040106718                memset
 *libc.a:*memcmp.o(.literal .text .literal.* .text.*)
 .text          0x0000000040106768       0x23 ../../libc/xtensa-lx106-elf/lib/libc.a(lib_a-memcmp.o)
                0x0000000040106768                memcmp
 *libc.a:*rand.o(.literal .text .literal.* .text.*)
 *fill*         0x000000004010678b        0x1 
 .text          0x000000004010678c       0x4b ../../libc/xtensa-lx106-elf/lib/libc.a(lib_a-rand.o)
                                         0x4f (size before relaxing)
                0x000000004010678c                srand
                0x000000004010679c                rand
 *fill*         0x00000000401067d7        0x0 
 *libc.a:*bzero.o(.literal .text .literal.* .text.*)
 *fill*         0x00000000401067d7        0x1 
 .text          0x00000000401067d8       0x12 ../../libc/xtensa-lx106-elf/lib/libc.a(lib_a-bzero.o)
                0x00000000401067d8                bzero
 *libc.a:*lock.o(.literal .text .literal.* .text.*)
 *fill*         0x00000000401067ea        0x2 
 .text          0x00000000401067ec        0x8 ../../libc/xtensa-lx106-elf/lib/libc.a(lock.o)
                0x00000000401067ec                _lock_close_recursive
                0x00000000401067ec                __dummy_lock
                0x00000000401067ec                _lock_init_recursive
                0x00000000401067ec                _lock_close
                0x00000000401067ec                _lock_init
                0x00000000401067f0                __dummy_lock_try
 *libc.a:*printf.o(.literal .text .literal.* .text.*)
 .text          0x00000000401067f4       0x61 ../../libc/xtensa-lx106-elf/lib/libc.a(lib_a-printf.o)
                                         0x65 (size before relaxing)
                0x00000000401067f4                _printf_r
                0x00000000401067f4                _iprintf_r
                0x0000000040106820                printf
                0x0000000040106820                iprintf
 *fill*         0x0000000040106855        0x3 
 .text          0x0000000040106858      0x3df ../../libc/xtensa-lx106-elf/lib/libc.a(lib_a-nano-vfprintf.o)
                                        0x3e3 (size before relaxing)
                0x0000000040106890                __sfputs_r
                0x0000000040106900                __sprint_r
                0x0000000040106990                _vfiprintf_r
                0x0000000040106990                _vfprintf_r
                0x0000000040106c10                vfiprintf
                0x0000000040106c10                vfprintf
 *fill*         0x0000000040106c37        0x1 
 .text          0x0000000040106c38       0xb5 ../../libc/xtensa-lx106-elf/lib/libc.a(lib_a-sprintf.o)
                                         0xb9 (size before relaxing)
                0x0000000040106c38                _siprintf_r
                0x0000000040106c38                _sprintf_r
                0x0000000040106c90                sprintf
                0x0000000040106c90                siprintf
 *fill*         0x0000000040106ced        0x3 
 .text          0x0000000040106cf0       0x57 ../../libc/xtensa-lx106-elf/lib/libc.a(lib_a-fprintf.o)
                                         0x5b (size before relaxing)
                0x0000000040106cf0                _fprintf_r
                0x0000000040106cf0                _fiprintf_r
                0x0000000040106d14                fprintf
                0x0000000040106d14                fiprintf
 *fill*         0x0000000040106d47        0x1 
 .text          0x0000000040106d48      0x467 ../../libc/xtensa-lx106-elf/lib/libc.a(lib_a-nano-svfprintf.o)
                                        0x46b (size before relaxing)
                0x0000000040106d48                __ssputs_r
                0x0000000040106e40                __ssprint_r
                0x0000000040106f74                _svfprintf_r
                0x0000000040106f74                _svfiprintf_r
 *fill*         0x00000000401071af        0x0 
 *fill*         0x00000000401071af        0x0 
 *fill*         0x00000000401071af        0x0 
 *fill*         0x00000000401071af        0x0 
 *libc.a:*findfp.o(.literal .text .literal.* .text.*)
 *fill*         0x00000000401071af        0x1 
 .text          0x00000000401071b0      0x29f ../../libc/xtensa-lx106-elf/lib/libc.a(lib_a-findfp.o)
                                        0x2b3 (size before relaxing)
                0x00000000401071b0                _cleanup_r
                0x0000000040107254                __sfmoreglue
                0x0000000040107298                _cleanup
                0x00000000401072ac                __sfp_lock_acquire
                0x00000000401072c4                __sfp_lock_release
                0x00000000401072dc                __sinit_lock_acquire
                0x00000000401072f4                __sinit_lock_release
                0x000000004010730c                __sinit
                0x0000000040107364                __sfp
                0x0000000040107410                __fp_lock_all
                0x0000000040107430                __fp_unlock_all
 *fill*         0x000000004010744f        0x0 
 *libc.a:*fputwc.o(.literal .text .literal.* .text.*)
 *fill*         0x000000004010744f        0x1 
 .text          0x0000000040107450      0x176 ../../libc/xtensa-lx106-elf/lib/libc.a(lib_a-fputwc.o)
                                        0x17e (size before relaxing)
                0x0000000040107450                __fputwc
                0x0000000040107520                _fputwc_r
                0x0000000040107590                fputwc
 *fill*         0x00000000401075c6        0x0 
 *libhal.a:*set_intset.o(.literal .text .literal.* .text.*)
 *fill*         0x00000000401075c6        0x2 
 .text          0x00000000401075c8        0x5 /home/olga/esp/esp-open-sdk/xtensa-lx106-elf/xtensa-lx106-elf/sysroot/usr/lib/libhal.a(int_asm--set_intset.o)
                0x00000000401075c8                xthal_set_intset
 *(.stub .gnu.warning .gnu.linkonce.literal.* .gnu.linkonce.t.*.literal .gnu.linkonce.t.*)
 *(.fini.literal)
 *(.fini)
 *(.gnu.version)
                0x00000000401075cd                _text_end = ABSOLUTE (.)
                0x00000000401075cd                _etext = .

.vecbase.literal
                0x00000000401075d0        0x0
 .vecbase.literal
                0x00000000401075d0        0x0 ./build/core.a(exception_vectors.o)

.irom0.text     0x0000000040240000    0x2f760
                0x0000000040240000                _irom0_text_start = ABSOLUTE (.)
 *(.literal .text .literal.* .text.*)
 .text          0x0000000040240000      0x227 ./build/core.a(app_main.o)
                                        0x29f (size before relaxing)
                0x00000000402400d8                sdk_user_init_task
                0x0000000040240190                sdk_uart_rx_one_char
                0x00000000402401b8                sdk_wdt_init
 *fill*         0x0000000040240227        0x1 
 .literal       0x0000000040240228        0x4 ../../libc/xtensa-lx106-elf/lib/libc.a(lib_a-putchar.o)
                                          0xc (size before relaxing)
 .literal       0x000000004024022c        0xc ../../libc/xtensa-lx106-elf/lib/libc.a(lib_a-putc.o)
                                         0x14 (size before relaxing)
 .literal       0x0000000040240238        0xc ../../libc/xtensa-lx106-elf/lib/libc.a(lib_a-puts.o)
                                         0x20 (size before relaxing)
 .literal       0x0000000040240244        0xc ../../libc/xtensa-lx106-elf/lib/libc.a(lib_a-strlen.o)
 .literal       0x0000000040240250        0x0 ../../libc/xtensa-lx106-elf/lib/libc.a(lib_a-wbuf.o)
                                         0x1c (size before relaxing)
 .literal       0x0000000040240250        0x4 ../../libc/xtensa-lx106-elf/lib/libc.a(lib_a-wsetup.o)
                                         0x10 (size before relaxing)
 .literal       0x0000000040240254       0x14 ../../libc/xtensa-lx106-elf/lib/libc.a(lib_a-fflush.o)
                                         0x2c (size before relaxing)
 .literal       0x0000000040240268       0x14 ../../libc/xtensa-lx106-elf/lib/libc.a(lib_a-fvwrite.o)
                                         0x40 (size before relaxing)
 .literal       0x000000004024027c       0x10 ../../libc/xtensa-lx106-elf/lib/libc.a(lib_a-makebuf.o)
                                         0x20 (size before relaxing)
 .literal       0x000000004024028c        0x0 ../../libc/xtensa-lx106-elf/lib/libc.a(lib_a-nano-reallocr.o)
                                         0x18 (size before relaxing)
 .literal       0x000000004024028c        0x4 ../../libc/xtensa-lx106-elf/lib/libc.a(lib_a-stdio.o)
                                         0x24 (size before relaxing)